Java HotSpot(TM) 64-Bit Server VM (25.261-b12) for windows-amd64 JRE (1.8.0_261-b12), built on Jun 18 2020 06:56:32 by "" with unknown MS VC++:1916
Memory: 4k page, physical 24927712k(14508168k free), swap 25951712k(13330252k free)
CommandLine flags: -XX:CMSInitiatingOccupancyFraction=50 -XX:CMSMaxAbortablePrecleanTime=6000 -XX:+CMSParallelRemarkEnabled -XX:+CMSScavengeBeforeRemark -XX:ConcGCThreads=4 -XX:InitialHeapSize=536870912 -XX:MaxHeapSize=536870912 -XX:MaxTenuringThreshold=8 -XX:NewRatio=3 -XX:OldPLABSize=16 -XX:ParallelGCThreads=4 -XX:+ParallelRefProcEnabled -XX:PretenureSizeThreshold=67108864 -XX:+PrintGC -XX:+PrintGCApplicationStoppedTime -XX:+PrintGCDateStamps -XX:+PrintGCDetails -XX:+PrintGCTimeStamps -XX:+PrintHeapAtGC -XX:+PrintTenuringDistribution -XX:SurvivorRatio=4 -XX:TargetSurvivorRatio=90 -XX:ThreadStackSize=256 -XX:+UseCMSInitiatingOccupancyOnly -XX:+UseCompressedClassPointers -XX:+UseCompressedOops -XX:+UseConcMarkSweepGC -XX:-UseLargePagesIndividualAllocation -XX:+UseParNewGC 
2020-08-04T13:32:38.350+0300: 0.279: Total time for which application threads were stopped: 0.0001585 seconds, Stopping threads took: 0.0000222 seconds
2020-08-04T13:32:38.494+0300: 0.423: Total time for which application threads were stopped: 0.0001225 seconds, Stopping threads took: 0.0000154 seconds
2020-08-04T13:32:38.527+0300: 0.456: Total time for which application threads were stopped: 0.0001434 seconds, Stopping threads took: 0.0000215 seconds
2020-08-04T13:32:38.537+0300: 0.465: Total time for which application threads were stopped: 0.0001423 seconds, Stopping threads took: 0.0000234 seconds
2020-08-04T13:32:38.548+0300: 0.477: Total time for which application threads were stopped: 0.0001403 seconds, Stopping threads took: 0.0000226 seconds
{Heap before GC invocations=0 (full 0):
 par new generation   total 109248K, used 87424K [0x00000000e0000000, 0x00000000e8000000, 0x00000000e8000000)
  eden space 87424K, 100% used [0x00000000e0000000, 0x00000000e5560000, 0x00000000e5560000)
  from space 21824K,   0% used [0x00000000e5560000, 0x00000000e5560000, 0x00000000e6ab0000)
  to   space 21824K,   0% used [0x00000000e6ab0000, 0x00000000e6ab0000, 0x00000000e8000000)
 concurrent mark-sweep generation total 393216K, used 0K [0x00000000e8000000, 0x0000000100000000, 0x0000000100000000)
 Metaspace       used 9955K, capacity 10088K, committed 10240K, reserved 1058816K
  class space    used 1172K, capacity 1212K, committed 1280K, reserved 1048576K
2020-08-04T13:32:38.989+0300: 0.917: [GC (Allocation Failure) 2020-08-04T13:32:38.989+0300: 0.917: [ParNew
Desired survivor size 20112992 bytes, new threshold 8 (max 8)
- age   1:    5894928 bytes,    5894928 total
: 87424K->5825K(109248K), 0.0040787 secs] 87424K->5825K(502464K), 0.0042386 secs] [Times: user=0.00 sys=0.00, real=0.00 secs] 
Heap after GC invocations=1 (full 0):
 par new generation   total 109248K, used 5825K [0x00000000e0000000, 0x00000000e8000000, 0x00000000e8000000)
  eden space 87424K,   0% used [0x00000000e0000000, 0x00000000e0000000, 0x00000000e5560000)
  from space 21824K,  26% used [0x00000000e6ab0000, 0x00000000e7060520, 0x00000000e8000000)
  to   space 21824K,   0% used [0x00000000e5560000, 0x00000000e5560000, 0x00000000e6ab0000)
 concurrent mark-sweep generation total 393216K, used 0K [0x00000000e8000000, 0x0000000100000000, 0x0000000100000000)
 Metaspace       used 9955K, capacity 10088K, committed 10240K, reserved 1058816K
  class space    used 1172K, capacity 1212K, committed 1280K, reserved 1048576K
}
2020-08-04T13:32:38.993+0300: 0.922: Total time for which application threads were stopped: 0.0043706 seconds, Stopping threads took: 0.0000189 seconds
2020-08-04T13:32:39.070+0300: 0.998: Total time for which application threads were stopped: 0.0001716 seconds, Stopping threads took: 0.0000197 seconds
2020-08-04T13:32:39.246+0300: 1.174: Total time for which application threads were stopped: 0.0002371 seconds, Stopping threads took: 0.0000172 seconds
2020-08-04T13:32:39.246+0300: 1.175: Total time for which application threads were stopped: 0.0001694 seconds, Stopping threads took: 0.0000138 seconds
2020-08-04T13:32:39.249+0300: 1.178: Total time for which application threads were stopped: 0.0001353 seconds, Stopping threads took: 0.0000116 seconds
2020-08-04T13:32:39.406+0300: 1.335: Total time for which application threads were stopped: 0.0001908 seconds, Stopping threads took: 0.0000174 seconds
2020-08-04T13:32:40.026+0300: 1.955: Total time for which application threads were stopped: 0.0003428 seconds, Stopping threads took: 0.0000181 seconds
2020-08-04T13:32:40.044+0300: 1.973: Total time for which application threads were stopped: 0.0001906 seconds, Stopping threads took: 0.0000162 seconds
{Heap before GC invocations=1 (full 0):
 par new generation   total 109248K, used 93249K [0x00000000e0000000, 0x00000000e8000000, 0x00000000e8000000)
  eden space 87424K, 100% used [0x00000000e0000000, 0x00000000e5560000, 0x00000000e5560000)
  from space 21824K,  26% used [0x00000000e6ab0000, 0x00000000e7060520, 0x00000000e8000000)
  to   space 21824K,   0% used [0x00000000e5560000, 0x00000000e5560000, 0x00000000e6ab0000)
 concurrent mark-sweep generation total 393216K, used 0K [0x00000000e8000000, 0x0000000100000000, 0x0000000100000000)
 Metaspace       used 19836K, capacity 20162K, committed 20352K, reserved 1067008K
  class space    used 2441K, capacity 2583K, committed 2688K, reserved 1048576K
2020-08-04T13:32:40.046+0300: 1.975: [GC (Allocation Failure) 2020-08-04T13:32:40.046+0300: 1.975: [ParNew
Desired survivor size 20112992 bytes, new threshold 8 (max 8)
- age   1:    9651832 bytes,    9651832 total
- age   2:    2609688 bytes,   12261520 total
: 93249K->13676K(109248K), 0.0093771 secs] 93249K->13676K(502464K), 0.0094762 secs] [Times: user=0.00 sys=0.00, real=0.01 secs] 
Heap after GC invocations=2 (full 0):
 par new generation   total 109248K, used 13676K [0x00000000e0000000, 0x00000000e8000000, 0x00000000e8000000)
  eden space 87424K,   0% used [0x00000000e0000000, 0x00000000e0000000, 0x00000000e5560000)
  from space 21824K,  62% used [0x00000000e5560000, 0x00000000e62bb100, 0x00000000e6ab0000)
  to   space 21824K,   0% used [0x00000000e6ab0000, 0x00000000e6ab0000, 0x00000000e8000000)
 concurrent mark-sweep generation total 393216K, used 0K [0x00000000e8000000, 0x0000000100000000, 0x0000000100000000)
 Metaspace       used 19836K, capacity 20162K, committed 20352K, reserved 1067008K
  class space    used 2441K, capacity 2583K, committed 2688K, reserved 1048576K
}
2020-08-04T13:32:40.055+0300: 1.985: Total time for which application threads were stopped: 0.0095853 seconds, Stopping threads took: 0.0000097 seconds
2020-08-04T13:32:41.059+0300: 2.988: Total time for which application threads were stopped: 0.0001755 seconds, Stopping threads took: 0.0000260 seconds
2020-08-04T13:32:42.157+0300: 4.086: Total time for which application threads were stopped: 0.0002177 seconds, Stopping threads took: 0.0000212 seconds
2020-08-04T13:32:46.102+0300: 8.030: Total time for which application threads were stopped: 0.0000524 seconds, Stopping threads took: 0.0000184 seconds
2020-08-04T13:32:46.102+0300: 8.030: Total time for which application threads were stopped: 0.0000318 seconds, Stopping threads took: 0.0000107 seconds
2020-08-04T13:32:46.111+0300: 8.040: Total time for which application threads were stopped: 0.0000570 seconds, Stopping threads took: 0.0000201 seconds
2020-08-04T13:32:46.127+0300: 8.056: Total time for which application threads were stopped: 0.0000638 seconds, Stopping threads took: 0.0000227 seconds
2020-08-04T13:32:46.128+0300: 8.056: Total time for which application threads were stopped: 0.0000357 seconds, Stopping threads took: 0.0000105 seconds
2020-08-04T13:33:06.324+0300: 28.253: Total time for which application threads were stopped: 0.0000742 seconds, Stopping threads took: 0.0000302 seconds
2020-08-04T13:33:10.363+0300: 32.291: Total time for which application threads were stopped: 0.0000685 seconds, Stopping threads took: 0.0000299 seconds
2020-08-04T13:33:24.500+0300: 46.429: Total time for which application threads were stopped: 0.0000658 seconds, Stopping threads took: 0.0000277 seconds
2020-08-04T13:33:39.677+0300: 61.605: Total time for which application threads were stopped: 0.0000831 seconds, Stopping threads took: 0.0000322 seconds
2020-08-04T13:34:14.054+0300: 95.983: Total time for which application threads were stopped: 0.0000796 seconds, Stopping threads took: 0.0000295 seconds
2020-08-04T13:34:37.262+0300: 119.190: Total time for which application threads were stopped: 0.0000650 seconds, Stopping threads took: 0.0000226 seconds
2020-08-04T13:36:46.390+0300: 248.319: Total time for which application threads were stopped: 0.0000813 seconds, Stopping threads took: 0.0000223 seconds
2020-08-04T13:36:47.396+0300: 249.325: Total time for which application threads were stopped: 0.0001414 seconds, Stopping threads took: 0.0000311 seconds
2020-08-04T13:45:34.067+0300: 775.995: Total time for which application threads were stopped: 0.0001649 seconds, Stopping threads took: 0.0000432 seconds
2020-08-04T13:45:34.067+0300: 775.995: Total time for which application threads were stopped: 0.0000385 seconds, Stopping threads took: 0.0000126 seconds
2020-08-04T13:45:34.117+0300: 776.046: Total time for which application threads were stopped: 0.0000492 seconds, Stopping threads took: 0.0000167 seconds
2020-08-04T13:45:34.286+0300: 776.215: Total time for which application threads were stopped: 0.0000769 seconds, Stopping threads took: 0.0000177 seconds
2020-08-04T13:45:34.286+0300: 776.215: Total time for which application threads were stopped: 0.0000347 seconds, Stopping threads took: 0.0000108 seconds
2020-08-04T13:45:34.287+0300: 776.216: Total time for which application threads were stopped: 0.0000745 seconds, Stopping threads took: 0.0000487 seconds
2020-08-04T13:45:34.301+0300: 776.230: Total time for which application threads were stopped: 0.0003040 seconds, Stopping threads took: 0.0000220 seconds
2020-08-04T13:45:34.327+0300: 776.256: Total time for which application threads were stopped: 0.0001124 seconds, Stopping threads took: 0.0000216 seconds
2020-08-04T13:45:34.378+0300: 776.307: Total time for which application threads were stopped: 0.0000903 seconds, Stopping threads took: 0.0000276 seconds
2020-08-04T13:45:34.440+0300: 776.368: Total time for which application threads were stopped: 0.0000871 seconds, Stopping threads took: 0.0000300 seconds
2020-08-04T13:45:34.462+0300: 776.391: Total time for which application threads were stopped: 0.0002295 seconds, Stopping threads took: 0.0000190 seconds
2020-08-04T13:45:34.479+0300: 776.407: Total time for which application threads were stopped: 0.0003388 seconds, Stopping threads took: 0.0000260 seconds
2020-08-04T13:45:34.493+0300: 776.422: Total time for which application threads were stopped: 0.0000789 seconds, Stopping threads took: 0.0000286 seconds
2020-08-04T13:45:34.540+0300: 776.469: Total time for which application threads were stopped: 0.0000928 seconds, Stopping threads took: 0.0000197 seconds
{Heap before GC invocations=2 (full 0):
 par new generation   total 109248K, used 101100K [0x00000000e0000000, 0x00000000e8000000, 0x00000000e8000000)
  eden space 87424K, 100% used [0x00000000e0000000, 0x00000000e5560000, 0x00000000e5560000)
  from space 21824K,  62% used [0x00000000e5560000, 0x00000000e62bb100, 0x00000000e6ab0000)
  to   space 21824K,   0% used [0x00000000e6ab0000, 0x00000000e6ab0000, 0x00000000e8000000)
 concurrent mark-sweep generation total 393216K, used 0K [0x00000000e8000000, 0x0000000100000000, 0x0000000100000000)
 Metaspace       used 22112K, capacity 22478K, committed 22624K, reserved 1069056K
  class space    used 2680K, capacity 2778K, committed 2892K, reserved 1048576K
2020-08-04T13:45:34.567+0300: 776.496: [GC (Allocation Failure) 2020-08-04T13:45:34.567+0300: 776.496: [ParNew
Desired survivor size 20112992 bytes, new threshold 8 (max 8)
- age   1:    3434728 bytes,    3434728 total
- age   2:    3195280 bytes,    6630008 total
- age   3:    2578496 bytes,    9208504 total
: 101100K->12446K(109248K), 0.0046309 secs] 101100K->12446K(502464K), 0.0047092 secs] [Times: user=0.00 sys=0.02, real=0.01 secs] 
Heap after GC invocations=3 (full 0):
 par new generation   total 109248K, used 12446K [0x00000000e0000000, 0x00000000e8000000, 0x00000000e8000000)
  eden space 87424K,   0% used [0x00000000e0000000, 0x00000000e0000000, 0x00000000e5560000)
  from space 21824K,  57% used [0x00000000e6ab0000, 0x00000000e76d7b30, 0x00000000e8000000)
  to   space 21824K,   0% used [0x00000000e5560000, 0x00000000e5560000, 0x00000000e6ab0000)
 concurrent mark-sweep generation total 393216K, used 0K [0x00000000e8000000, 0x0000000100000000, 0x0000000100000000)
 Metaspace       used 22112K, capacity 22478K, committed 22624K, reserved 1069056K
  class space    used 2680K, capacity 2778K, committed 2892K, reserved 1048576K
}
2020-08-04T13:45:34.572+0300: 776.500: Total time for which application threads were stopped: 0.0048449 seconds, Stopping threads took: 0.0000242 seconds
2020-08-04T13:45:34.572+0300: 776.500: [GC (CMS Initial Mark) [1 CMS-initial-mark: 0K(393216K)] 13560K(502464K), 0.0016575 secs] [Times: user=0.00 sys=0.00, real=0.00 secs] 
2020-08-04T13:45:34.574+0300: 776.502: Total time for which application threads were stopped: 0.0017624 seconds, Stopping threads took: 0.0000305 seconds
2020-08-04T13:45:34.574+0300: 776.502: [CMS-concurrent-mark-start]
2020-08-04T13:45:34.574+0300: 776.502: [CMS-concurrent-mark: 0.000/0.000 secs] [Times: user=0.00 sys=0.00, real=0.00 secs] 
2020-08-04T13:45:34.574+0300: 776.502: [CMS-concurrent-preclean-start]
2020-08-04T13:45:34.574+0300: 776.503: Total time for which application threads were stopped: 0.0000702 seconds, Stopping threads took: 0.0000263 seconds
2020-08-04T13:45:34.574+0300: 776.503: [CMS-concurrent-preclean: 0.001/0.001 secs] [Times: user=0.00 sys=0.00, real=0.00 secs] 
2020-08-04T13:45:34.575+0300: 776.503: Total time for which application threads were stopped: 0.0000858 seconds, Stopping threads took: 0.0000380 seconds
2020-08-04T13:45:34.575+0300: 776.503: [GC (CMS Final Remark) [YG occupancy: 13560 K (109248 K)]{Heap before GC invocations=3 (full 1):
 par new generation   total 109248K, used 13560K [0x00000000e0000000, 0x00000000e8000000, 0x00000000e8000000)
  eden space 87424K,   1% used [0x00000000e0000000, 0x00000000e01165d0, 0x00000000e5560000)
  from space 21824K,  57% used [0x00000000e6ab0000, 0x00000000e76d7b30, 0x00000000e8000000)
  to   space 21824K,   0% used [0x00000000e5560000, 0x00000000e5560000, 0x00000000e6ab0000)
 concurrent mark-sweep generation total 393216K, used 0K [0x00000000e8000000, 0x0000000100000000, 0x0000000100000000)
 Metaspace       used 22112K, capacity 22478K, committed 22624K, reserved 1069056K
  class space    used 2680K, capacity 2778K, committed 2892K, reserved 1048576K
2020-08-04T13:45:34.575+0300: 776.503: [GC (CMS Final Remark) 2020-08-04T13:45:34.575+0300: 776.503: [ParNew
Desired survivor size 20112992 bytes, new threshold 8 (max 8)
- age   1:     283712 bytes,     283712 total
- age   2:    2625720 bytes,    2909432 total
- age   3:    2959232 bytes,    5868664 total
- age   4:    2276808 bytes,    8145472 total
: 13560K->10257K(109248K), 0.0041848 secs] 13560K->10257K(502464K), 0.0042312 secs] [Times: user=0.00 sys=0.00, real=0.00 secs] 
Heap after GC invocations=4 (full 1):
 par new generation   total 109248K, used 10257K [0x00000000e0000000, 0x00000000e8000000, 0x00000000e8000000)
  eden space 87424K,   0% used [0x00000000e0000000, 0x00000000e0000000, 0x00000000e5560000)
  from space 21824K,  47% used [0x00000000e5560000, 0x00000000e5f64728, 0x00000000e6ab0000)
  to   space 21824K,   0% used [0x00000000e6ab0000, 0x00000000e6ab0000, 0x00000000e8000000)
 concurrent mark-sweep generation total 393216K, used 0K [0x00000000e8000000, 0x0000000100000000, 0x0000000100000000)
 Metaspace       used 22112K, capacity 22478K, committed 22624K, reserved 1069056K
  class space    used 2680K, capacity 2778K, committed 2892K, reserved 1048576K
}
2020-08-04T13:45:34.579+0300: 776.508: [Rescan (parallel) , 0.0010606 secs]2020-08-04T13:45:34.580+0300: 776.509: [weak refs processing, 0.0003122 secs]2020-08-04T13:45:34.580+0300: 776.509: [class unloading, 0.0026666 secs]2020-08-04T13:45:34.583+0300: 776.512: [scrub symbol table, 0.0017528 secs]2020-08-04T13:45:34.585+0300: 776.513: [scrub string table, 0.0001986 secs][1 CMS-remark: 0K(393216K)] 10257K(502464K), 0.0109339 secs] [Times: user=0.00 sys=0.00, real=0.01 secs] 
2020-08-04T13:45:34.586+0300: 776.514: Total time for which application threads were stopped: 0.0110201 seconds, Stopping threads took: 0.0000282 seconds
2020-08-04T13:45:34.586+0300: 776.514: [CMS-concurrent-sweep-start]
2020-08-04T13:45:34.586+0300: 776.514: [CMS-concurrent-sweep: 0.000/0.000 secs] [Times: user=0.00 sys=0.00, real=0.00 secs] 
2020-08-04T13:45:34.586+0300: 776.514: [CMS-concurrent-reset-start]
2020-08-04T13:45:34.586+0300: 776.515: Total time for which application threads were stopped: 0.0001131 seconds, Stopping threads took: 0.0000395 seconds
2020-08-04T13:45:34.588+0300: 776.517: [CMS-concurrent-reset: 0.002/0.002 secs] [Times: user=0.05 sys=0.02, real=0.00 secs] 
2020-08-04T13:45:34.660+0300: 776.588: Total time for which application threads were stopped: 0.0000964 seconds, Stopping threads took: 0.0000319 seconds
2020-08-04T13:45:34.758+0300: 776.687: Total time for which application threads were stopped: 0.0003299 seconds, Stopping threads took: 0.0000186 seconds
2020-08-04T13:45:34.786+0300: 776.714: Total time for which application threads were stopped: 0.0003160 seconds, Stopping threads took: 0.0000230 seconds
2020-08-04T13:45:34.795+0300: 776.724: Total time for which application threads were stopped: 0.0002946 seconds, Stopping threads took: 0.0000210 seconds
2020-08-04T13:45:34.845+0300: 776.773: Total time for which application threads were stopped: 0.0000802 seconds, Stopping threads took: 0.0000199 seconds
2020-08-04T13:45:34.845+0300: 776.774: Total time for which application threads were stopped: 0.0000748 seconds, Stopping threads took: 0.0000286 seconds
2020-08-04T13:45:34.949+0300: 776.878: Total time for which application threads were stopped: 0.0000969 seconds, Stopping threads took: 0.0000193 seconds
2020-08-04T13:45:34.976+0300: 776.905: Total time for which application threads were stopped: 0.0003297 seconds, Stopping threads took: 0.0000188 seconds
2020-08-04T13:45:35.019+0300: 776.948: Total time for which application threads were stopped: 0.0000920 seconds, Stopping threads took: 0.0000321 seconds
2020-08-04T13:45:35.019+0300: 776.948: Total time for which application threads were stopped: 0.0000641 seconds, Stopping threads took: 0.0000169 seconds
2020-08-04T13:45:35.020+0300: 776.948: Total time for which application threads were stopped: 0.0000708 seconds, Stopping threads took: 0.0000187 seconds
2020-08-04T13:45:35.020+0300: 776.949: Total time for which application threads were stopped: 0.0000717 seconds, Stopping threads took: 0.0000301 seconds
2020-08-04T13:45:35.021+0300: 776.949: Total time for which application threads were stopped: 0.0000793 seconds, Stopping threads took: 0.0000278 seconds
2020-08-04T13:45:35.022+0300: 776.951: Total time for which application threads were stopped: 0.0000787 seconds, Stopping threads took: 0.0000362 seconds
2020-08-04T13:45:35.023+0300: 776.952: Total time for which application threads were stopped: 0.0003043 seconds, Stopping threads took: 0.0000190 seconds
{Heap before GC invocations=4 (full 1):
 par new generation   total 109248K, used 97681K [0x00000000e0000000, 0x00000000e8000000, 0x00000000e8000000)
  eden space 87424K, 100% used [0x00000000e0000000, 0x00000000e5560000, 0x00000000e5560000)
  from space 21824K,  47% used [0x00000000e5560000, 0x00000000e5f64728, 0x00000000e6ab0000)
  to   space 21824K,   0% used [0x00000000e6ab0000, 0x00000000e6ab0000, 0x00000000e8000000)
 concurrent mark-sweep generation total 393216K, used 0K [0x00000000e8000000, 0x0000000100000000, 0x0000000100000000)
 Metaspace       used 26712K, capacity 27134K, committed 27212K, reserved 1073152K
  class space    used 3254K, capacity 3391K, committed 3404K, reserved 1048576K
2020-08-04T13:45:35.028+0300: 776.957: [GC (Allocation Failure) 2020-08-04T13:45:35.028+0300: 776.957: [ParNew
Desired survivor size 20112992 bytes, new threshold 8 (max 8)
- age   1:    7228672 bytes,    7228672 total
- age   3:    1149936 bytes,    8378608 total
- age   4:    2929440 bytes,   11308048 total
- age   5:    2270424 bytes,   13578472 total
: 97681K->14457K(109248K), 0.0068169 secs] 97681K->14457K(502464K), 0.0068758 secs] [Times: user=0.00 sys=0.00, real=0.01 secs] 
Heap after GC invocations=5 (full 1):
 par new generation   total 109248K, used 14457K [0x00000000e0000000, 0x00000000e8000000, 0x00000000e8000000)
  eden space 87424K,   0% used [0x00000000e0000000, 0x00000000e0000000, 0x00000000e5560000)
  from space 21824K,  66% used [0x00000000e6ab0000, 0x00000000e78ce478, 0x00000000e8000000)
  to   space 21824K,   0% used [0x00000000e5560000, 0x00000000e5560000, 0x00000000e6ab0000)
 concurrent mark-sweep generation total 393216K, used 0K [0x00000000e8000000, 0x0000000100000000, 0x0000000100000000)
 Metaspace       used 26712K, capacity 27134K, committed 27212K, reserved 1073152K
  class space    used 3254K, capacity 3391K, committed 3404K, reserved 1048576K
}
2020-08-04T13:45:35.035+0300: 776.964: Total time for which application threads were stopped: 0.0070063 seconds, Stopping threads took: 0.0000200 seconds
2020-08-04T13:45:35.035+0300: 776.964: Total time for which application threads were stopped: 0.0000871 seconds, Stopping threads took: 0.0000218 seconds
2020-08-04T13:45:35.036+0300: 776.964: Total time for which application threads were stopped: 0.0000653 seconds, Stopping threads took: 0.0000217 seconds
2020-08-04T13:45:35.036+0300: 776.965: Total time for which application threads were stopped: 0.0000681 seconds, Stopping threads took: 0.0000209 seconds
2020-08-04T13:45:35.036+0300: 776.965: Total time for which application threads were stopped: 0.0001766 seconds, Stopping threads took: 0.0001317 seconds
2020-08-04T13:45:35.036+0300: 776.965: Total time for which application threads were stopped: 0.0000859 seconds, Stopping threads took: 0.0000260 seconds
2020-08-04T13:45:35.036+0300: 776.965: Total time for which application threads were stopped: 0.0002001 seconds, Stopping threads took: 0.0001531 seconds
2020-08-04T13:45:35.037+0300: 776.965: Total time for which application threads were stopped: 0.0000771 seconds, Stopping threads took: 0.0000470 seconds
2020-08-04T13:45:35.037+0300: 776.966: Total time for which application threads were stopped: 0.0000893 seconds, Stopping threads took: 0.0000286 seconds
2020-08-04T13:45:35.037+0300: 776.966: Total time for which application threads were stopped: 0.0000773 seconds, Stopping threads took: 0.0000328 seconds
2020-08-04T13:45:35.037+0300: 776.966: Total time for which application threads were stopped: 0.0000595 seconds, Stopping threads took: 0.0000218 seconds
2020-08-04T13:45:35.037+0300: 776.966: Total time for which application threads were stopped: 0.0000728 seconds, Stopping threads took: 0.0000477 seconds
2020-08-04T13:45:35.037+0300: 776.966: Total time for which application threads were stopped: 0.0000575 seconds, Stopping threads took: 0.0000215 seconds
2020-08-04T13:45:35.037+0300: 776.966: Total time for which application threads were stopped: 0.0000370 seconds, Stopping threads took: 0.0000123 seconds
2020-08-04T13:45:35.037+0300: 776.966: Total time for which application threads were stopped: 0.0000446 seconds, Stopping threads took: 0.0000122 seconds
2020-08-04T13:45:35.038+0300: 776.966: Total time for which application threads were stopped: 0.0000426 seconds, Stopping threads took: 0.0000190 seconds
2020-08-04T13:45:35.038+0300: 776.966: Total time for which application threads were stopped: 0.0000497 seconds, Stopping threads took: 0.0000221 seconds
2020-08-04T13:45:35.038+0300: 776.966: Total time for which application threads were stopped: 0.0000469 seconds, Stopping threads took: 0.0000223 seconds
2020-08-04T13:45:35.038+0300: 776.967: Total time for which application threads were stopped: 0.0000565 seconds, Stopping threads took: 0.0000331 seconds
2020-08-04T13:45:35.038+0300: 776.967: Total time for which application threads were stopped: 0.0000435 seconds, Stopping threads took: 0.0000224 seconds
2020-08-04T13:45:35.038+0300: 776.967: Total time for which application threads were stopped: 0.0000409 seconds, Stopping threads took: 0.0000236 seconds
2020-08-04T13:45:35.038+0300: 776.967: Total time for which application threads were stopped: 0.0000514 seconds, Stopping threads took: 0.0000334 seconds
2020-08-04T13:45:35.038+0300: 776.967: Total time for which application threads were stopped: 0.0000633 seconds, Stopping threads took: 0.0000232 seconds
2020-08-04T13:45:35.038+0300: 776.967: Total time for which application threads were stopped: 0.0000813 seconds, Stopping threads took: 0.0000213 seconds
2020-08-04T13:45:35.038+0300: 776.967: Total time for which application threads were stopped: 0.0000415 seconds, Stopping threads took: 0.0000211 seconds
2020-08-04T13:45:35.038+0300: 776.967: Total time for which application threads were stopped: 0.0000383 seconds, Stopping threads took: 0.0000222 seconds
2020-08-04T13:45:35.038+0300: 776.967: Total time for which application threads were stopped: 0.0000394 seconds, Stopping threads took: 0.0000172 seconds
2020-08-04T13:45:35.046+0300: 776.975: Total time for which application threads were stopped: 0.0000777 seconds, Stopping threads took: 0.0000246 seconds
2020-08-04T13:45:35.059+0300: 776.988: Total time for which application threads were stopped: 0.0000876 seconds, Stopping threads took: 0.0000304 seconds
2020-08-04T13:45:35.060+0300: 776.988: Total time for which application threads were stopped: 0.0000413 seconds, Stopping threads took: 0.0000116 seconds
2020-08-04T13:45:35.060+0300: 776.989: Total time for which application threads were stopped: 0.0000457 seconds, Stopping threads took: 0.0000147 seconds
2020-08-04T13:45:35.064+0300: 776.993: Total time for which application threads were stopped: 0.0000735 seconds, Stopping threads took: 0.0000231 seconds
2020-08-04T13:45:35.065+0300: 776.994: Total time for which application threads were stopped: 0.0000610 seconds, Stopping threads took: 0.0000199 seconds
2020-08-04T13:45:35.071+0300: 776.999: Total time for which application threads were stopped: 0.0002957 seconds, Stopping threads took: 0.0000168 seconds
2020-08-04T13:45:35.071+0300: 777.000: Total time for which application threads were stopped: 0.0000713 seconds, Stopping threads took: 0.0000323 seconds
2020-08-04T13:45:35.075+0300: 777.004: Total time for which application threads were stopped: 0.0000730 seconds, Stopping threads took: 0.0000268 seconds
2020-08-04T13:45:35.076+0300: 777.005: Total time for which application threads were stopped: 0.0001359 seconds, Stopping threads took: 0.0000938 seconds
2020-08-04T13:45:35.076+0300: 777.005: Total time for which application threads were stopped: 0.0000572 seconds, Stopping threads took: 0.0000360 seconds
2020-08-04T13:45:35.104+0300: 777.033: Total time for which application threads were stopped: 0.0000868 seconds, Stopping threads took: 0.0000206 seconds
2020-08-04T13:45:35.107+0300: 777.035: Total time for which application threads were stopped: 0.0000379 seconds, Stopping threads took: 0.0000101 seconds
2020-08-04T13:45:35.107+0300: 777.036: Total time for which application threads were stopped: 0.0000202 seconds, Stopping threads took: 0.0000054 seconds
2020-08-04T13:45:35.107+0300: 777.036: Total time for which application threads were stopped: 0.0000177 seconds, Stopping threads took: 0.0000046 seconds
2020-08-04T13:45:35.107+0300: 777.036: Total time for which application threads were stopped: 0.0000175 seconds, Stopping threads took: 0.0000046 seconds
2020-08-04T13:45:35.107+0300: 777.036: Total time for which application threads were stopped: 0.0000187 seconds, Stopping threads took: 0.0000051 seconds
2020-08-04T13:45:35.110+0300: 777.039: Total time for which application threads were stopped: 0.0000525 seconds, Stopping threads took: 0.0000165 seconds
2020-08-04T13:45:35.110+0300: 777.039: Total time for which application threads were stopped: 0.0000231 seconds, Stopping threads took: 0.0000066 seconds
2020-08-04T13:45:35.110+0300: 777.039: Total time for which application threads were stopped: 0.0000170 seconds, Stopping threads took: 0.0000047 seconds
2020-08-04T13:45:35.110+0300: 777.039: Total time for which application threads were stopped: 0.0000174 seconds, Stopping threads took: 0.0000049 seconds
2020-08-04T13:45:35.112+0300: 777.041: Total time for which application threads were stopped: 0.0000574 seconds, Stopping threads took: 0.0000126 seconds
2020-08-04T13:45:35.131+0300: 777.060: Total time for which application threads were stopped: 0.0000677 seconds, Stopping threads took: 0.0000234 seconds
2020-08-04T13:45:35.132+0300: 777.060: Total time for which application threads were stopped: 0.0000248 seconds, Stopping threads took: 0.0000072 seconds
2020-08-04T13:45:35.132+0300: 777.061: Total time for which application threads were stopped: 0.0000536 seconds, Stopping threads took: 0.0000250 seconds
2020-08-04T13:45:35.132+0300: 777.061: Total time for which application threads were stopped: 0.0000308 seconds, Stopping threads took: 0.0000087 seconds
2020-08-04T13:45:35.132+0300: 777.061: Total time for which application threads were stopped: 0.0000181 seconds, Stopping threads took: 0.0000052 seconds
2020-08-04T13:45:35.133+0300: 777.061: Total time for which application threads were stopped: 0.0000162 seconds, Stopping threads took: 0.0000044 seconds
2020-08-04T13:45:35.133+0300: 777.062: Total time for which application threads were stopped: 0.0000411 seconds, Stopping threads took: 0.0000169 seconds
2020-08-04T13:45:35.133+0300: 777.062: Total time for which application threads were stopped: 0.0000332 seconds, Stopping threads took: 0.0000167 seconds
2020-08-04T13:45:35.133+0300: 777.062: Total time for which application threads were stopped: 0.0000290 seconds, Stopping threads took: 0.0000145 seconds
2020-08-04T13:45:35.133+0300: 777.062: Total time for which application threads were stopped: 0.0000269 seconds, Stopping threads took: 0.0000130 seconds
2020-08-04T13:45:35.133+0300: 777.062: Total time for which application threads were stopped: 0.0000237 seconds, Stopping threads took: 0.0000066 seconds
2020-08-04T13:45:35.134+0300: 777.062: Total time for which application threads were stopped: 0.0000172 seconds, Stopping threads took: 0.0000048 seconds
2020-08-04T13:45:35.136+0300: 777.065: Total time for which application threads were stopped: 0.0000767 seconds, Stopping threads took: 0.0000361 seconds
2020-08-04T13:45:35.136+0300: 777.065: Total time for which application threads were stopped: 0.0000322 seconds, Stopping threads took: 0.0000094 seconds
2020-08-04T13:45:35.136+0300: 777.065: Total time for which application threads were stopped: 0.0000421 seconds, Stopping threads took: 0.0000143 seconds
2020-08-04T13:45:35.138+0300: 777.067: Total time for which application threads were stopped: 0.0000491 seconds, Stopping threads took: 0.0000141 seconds
2020-08-04T13:45:35.144+0300: 777.073: Total time for which application threads were stopped: 0.0000869 seconds, Stopping threads took: 0.0000302 seconds
2020-08-04T13:45:35.144+0300: 777.073: Total time for which application threads were stopped: 0.0000308 seconds, Stopping threads took: 0.0000105 seconds
2020-08-04T13:45:35.144+0300: 777.073: Total time for which application threads were stopped: 0.0000317 seconds, Stopping threads took: 0.0000087 seconds
2020-08-04T13:45:35.216+0300: 777.145: Total time for which application threads were stopped: 0.0000587 seconds, Stopping threads took: 0.0000172 seconds
2020-08-04T13:45:35.217+0300: 777.145: Total time for which application threads were stopped: 0.0000346 seconds, Stopping threads took: 0.0000103 seconds
2020-08-04T13:45:35.217+0300: 777.145: Total time for which application threads were stopped: 0.0000245 seconds, Stopping threads took: 0.0000079 seconds
2020-08-04T13:45:35.219+0300: 777.147: Total time for which application threads were stopped: 0.0000439 seconds, Stopping threads took: 0.0000132 seconds
2020-08-04T13:45:35.385+0300: 777.313: Total time for which application threads were stopped: 0.0000969 seconds, Stopping threads took: 0.0000322 seconds
2020-08-04T13:45:35.403+0300: 777.332: Total time for which application threads were stopped: 0.0000866 seconds, Stopping threads took: 0.0000273 seconds
2020-08-04T13:45:35.414+0300: 777.342: Total time for which application threads were stopped: 0.0000710 seconds, Stopping threads took: 0.0000261 seconds
2020-08-04T13:45:35.427+0300: 777.356: Total time for which application threads were stopped: 0.0004572 seconds, Stopping threads took: 0.0000277 seconds
2020-08-04T13:45:35.482+0300: 777.410: Total time for which application threads were stopped: 0.0000982 seconds, Stopping threads took: 0.0000368 seconds
2020-08-04T13:45:35.482+0300: 777.411: Total time for which application threads were stopped: 0.0000580 seconds, Stopping threads took: 0.0000212 seconds
2020-08-04T13:45:35.484+0300: 777.412: Total time for which application threads were stopped: 0.0001011 seconds, Stopping threads took: 0.0000585 seconds
2020-08-04T13:45:35.484+0300: 777.413: Total time for which application threads were stopped: 0.0000654 seconds, Stopping threads took: 0.0000282 seconds
2020-08-04T13:45:35.485+0300: 777.414: Total time for which application threads were stopped: 0.0000849 seconds, Stopping threads took: 0.0000392 seconds
2020-08-04T13:45:35.488+0300: 777.417: Total time for which application threads were stopped: 0.0002614 seconds, Stopping threads took: 0.0001057 seconds
2020-08-04T13:45:35.488+0300: 777.417: Total time for which application threads were stopped: 0.0001695 seconds, Stopping threads took: 0.0000489 seconds
2020-08-04T13:45:35.489+0300: 777.417: Total time for which application threads were stopped: 0.0001437 seconds, Stopping threads took: 0.0000452 seconds
2020-08-04T13:45:35.489+0300: 777.418: Total time for which application threads were stopped: 0.0001499 seconds, Stopping threads took: 0.0000806 seconds
2020-08-04T13:45:35.489+0300: 777.418: Total time for which application threads were stopped: 0.0000958 seconds, Stopping threads took: 0.0000295 seconds
2020-08-04T13:45:35.491+0300: 777.419: Total time for which application threads were stopped: 0.0002288 seconds, Stopping threads took: 0.0000926 seconds
2020-08-04T13:45:35.492+0300: 777.421: Total time for which application threads were stopped: 0.0000705 seconds, Stopping threads took: 0.0000330 seconds
2020-08-04T13:45:35.493+0300: 777.422: Total time for which application threads were stopped: 0.0003189 seconds, Stopping threads took: 0.0001175 seconds
2020-08-04T13:45:35.500+0300: 777.429: Total time for which application threads were stopped: 0.0000695 seconds, Stopping threads took: 0.0000219 seconds
2020-08-04T13:45:35.500+0300: 777.429: Total time for which application threads were stopped: 0.0000679 seconds, Stopping threads took: 0.0000072 seconds
2020-08-04T13:45:35.501+0300: 777.430: Total time for which application threads were stopped: 0.0000720 seconds, Stopping threads took: 0.0000262 seconds
2020-08-04T13:45:35.513+0300: 777.442: Total time for which application threads were stopped: 0.0000817 seconds, Stopping threads took: 0.0000264 seconds
2020-08-04T13:45:35.514+0300: 777.443: Total time for which application threads were stopped: 0.0000598 seconds, Stopping threads took: 0.0000236 seconds
2020-08-04T13:45:35.520+0300: 777.449: Total time for which application threads were stopped: 0.0000986 seconds, Stopping threads took: 0.0000360 seconds
2020-08-04T13:45:35.522+0300: 777.451: Total time for which application threads were stopped: 0.0000844 seconds, Stopping threads took: 0.0000340 seconds
2020-08-04T13:45:35.526+0300: 777.455: Total time for which application threads were stopped: 0.0000744 seconds, Stopping threads took: 0.0000254 seconds
2020-08-04T13:45:35.532+0300: 777.461: Total time for which application threads were stopped: 0.0000713 seconds, Stopping threads took: 0.0000326 seconds
2020-08-04T13:45:35.535+0300: 777.464: Total time for which application threads were stopped: 0.0000697 seconds, Stopping threads took: 0.0000254 seconds
2020-08-04T13:45:35.536+0300: 777.465: Total time for which application threads were stopped: 0.0001134 seconds, Stopping threads took: 0.0000392 seconds
2020-08-04T13:45:35.545+0300: 777.474: Total time for which application threads were stopped: 0.0000682 seconds, Stopping threads took: 0.0000290 seconds
2020-08-04T13:45:35.546+0300: 777.475: Total time for which application threads were stopped: 0.0000745 seconds, Stopping threads took: 0.0000214 seconds
2020-08-04T13:45:35.547+0300: 777.475: Total time for which application threads were stopped: 0.0000589 seconds, Stopping threads took: 0.0000129 seconds
2020-08-04T13:45:35.547+0300: 777.475: Total time for which application threads were stopped: 0.0000222 seconds, Stopping threads took: 0.0000068 seconds
2020-08-04T13:45:35.547+0300: 777.476: Total time for which application threads were stopped: 0.0000420 seconds, Stopping threads took: 0.0000147 seconds
2020-08-04T13:45:35.547+0300: 777.476: Total time for which application threads were stopped: 0.0000523 seconds, Stopping threads took: 0.0000223 seconds
2020-08-04T13:45:35.548+0300: 777.477: Total time for which application threads were stopped: 0.0000573 seconds, Stopping threads took: 0.0000269 seconds
2020-08-04T13:45:35.548+0300: 777.477: Total time for which application threads were stopped: 0.0000336 seconds, Stopping threads took: 0.0000158 seconds
2020-08-04T13:45:35.550+0300: 777.479: Total time for which application threads were stopped: 0.0000679 seconds, Stopping threads took: 0.0000312 seconds
2020-08-04T13:45:35.550+0300: 777.479: Total time for which application threads were stopped: 0.0000286 seconds, Stopping threads took: 0.0000100 seconds
2020-08-04T13:45:35.550+0300: 777.479: Total time for which application threads were stopped: 0.0000313 seconds, Stopping threads took: 0.0000153 seconds
2020-08-04T13:45:35.550+0300: 777.479: Total time for which application threads were stopped: 0.0000287 seconds, Stopping threads took: 0.0000132 seconds
2020-08-04T13:45:35.550+0300: 777.479: Total time for which application threads were stopped: 0.0000521 seconds, Stopping threads took: 0.0000193 seconds
2020-08-04T13:45:35.551+0300: 777.479: Total time for which application threads were stopped: 0.0000462 seconds, Stopping threads took: 0.0000197 seconds
2020-08-04T13:45:35.551+0300: 777.480: Total time for which application threads were stopped: 0.0000829 seconds, Stopping threads took: 0.0000349 seconds
2020-08-04T13:45:35.551+0300: 777.480: Total time for which application threads were stopped: 0.0000665 seconds, Stopping threads took: 0.0000179 seconds
2020-08-04T13:45:35.551+0300: 777.480: Total time for which application threads were stopped: 0.0001451 seconds, Stopping threads took: 0.0000271 seconds
2020-08-04T13:45:35.567+0300: 777.496: Total time for which application threads were stopped: 0.0000982 seconds, Stopping threads took: 0.0000272 seconds
2020-08-04T13:45:35.601+0300: 777.529: Total time for which application threads were stopped: 0.0000818 seconds, Stopping threads took: 0.0000245 seconds
2020-08-04T13:45:35.633+0300: 777.562: Total time for which application threads were stopped: 0.0000846 seconds, Stopping threads took: 0.0000340 seconds
{Heap before GC invocations=5 (full 1):
 par new generation   total 109248K, used 101881K [0x00000000e0000000, 0x00000000e8000000, 0x00000000e8000000)
  eden space 87424K, 100% used [0x00000000e0000000, 0x00000000e5560000, 0x00000000e5560000)
  from space 21824K,  66% used [0x00000000e6ab0000, 0x00000000e78ce478, 0x00000000e8000000)
  to   space 21824K,   0% used [0x00000000e5560000, 0x00000000e5560000, 0x00000000e6ab0000)
 concurrent mark-sweep generation total 393216K, used 0K [0x00000000e8000000, 0x0000000100000000, 0x0000000100000000)
 Metaspace       used 29563K, capacity 30038K, committed 30412K, reserved 1075200K
  class space    used 3565K, capacity 3716K, committed 3788K, reserved 1048576K
2020-08-04T13:45:35.663+0300: 777.592: [GC (Allocation Failure) 2020-08-04T13:45:35.663+0300: 777.592: [ParNew
Desired survivor size 20112992 bytes, new threshold 8 (max 8)
- age   1:    4721784 bytes,    4721784 total
- age   2:    3434832 bytes,    8156616 total
- age   4:    1100496 bytes,    9257112 total
- age   5:    2910096 bytes,   12167208 total
- age   6:    2241008 bytes,   14408216 total
: 101881K->16585K(109248K), 0.0066442 secs] 101881K->16585K(502464K), 0.0067242 secs] [Times: user=0.06 sys=0.00, real=0.01 secs] 
Heap after GC invocations=6 (full 1):
 par new generation   total 109248K, used 16585K [0x00000000e0000000, 0x00000000e8000000, 0x00000000e8000000)
  eden space 87424K,   0% used [0x00000000e0000000, 0x00000000e0000000, 0x00000000e5560000)
  from space 21824K,  75% used [0x00000000e5560000, 0x00000000e6592750, 0x00000000e6ab0000)
  to   space 21824K,   0% used [0x00000000e6ab0000, 0x00000000e6ab0000, 0x00000000e8000000)
 concurrent mark-sweep generation total 393216K, used 0K [0x00000000e8000000, 0x0000000100000000, 0x0000000100000000)
 Metaspace       used 29563K, capacity 30038K, committed 30412K, reserved 1075200K
  class space    used 3565K, capacity 3716K, committed 3788K, reserved 1048576K
}
2020-08-04T13:45:35.670+0300: 777.598: Total time for which application threads were stopped: 0.0068817 seconds, Stopping threads took: 0.0000271 seconds
2020-08-04T13:45:35.670+0300: 777.599: Total time for which application threads were stopped: 0.0002010 seconds, Stopping threads took: 0.0001528 seconds
2020-08-04T13:45:35.670+0300: 777.599: Total time for which application threads were stopped: 0.0000718 seconds, Stopping threads took: 0.0000392 seconds
2020-08-04T13:45:35.671+0300: 777.600: Total time for which application threads were stopped: 0.0000846 seconds, Stopping threads took: 0.0000358 seconds
2020-08-04T13:45:35.730+0300: 777.658: Total time for which application threads were stopped: 0.0001002 seconds, Stopping threads took: 0.0000314 seconds
2020-08-04T13:45:35.730+0300: 777.659: Total time for which application threads were stopped: 0.0000284 seconds, Stopping threads took: 0.0000094 seconds
2020-08-04T13:45:35.730+0300: 777.659: Total time for which application threads were stopped: 0.0000209 seconds, Stopping threads took: 0.0000071 seconds
2020-08-04T13:45:35.731+0300: 777.660: Total time for which application threads were stopped: 0.0000517 seconds, Stopping threads took: 0.0000257 seconds
2020-08-04T13:45:35.732+0300: 777.660: Total time for which application threads were stopped: 0.0000660 seconds, Stopping threads took: 0.0000216 seconds
2020-08-04T13:45:35.734+0300: 777.663: Total time for which application threads were stopped: 0.0000581 seconds, Stopping threads took: 0.0000181 seconds
2020-08-04T13:45:35.734+0300: 777.663: Total time for which application threads were stopped: 0.0000418 seconds, Stopping threads took: 0.0000125 seconds
2020-08-04T13:45:35.735+0300: 777.663: Total time for which application threads were stopped: 0.0000532 seconds, Stopping threads took: 0.0000335 seconds
2020-08-04T13:45:35.739+0300: 777.668: Total time for which application threads were stopped: 0.0000909 seconds, Stopping threads took: 0.0000314 seconds
2020-08-04T13:45:35.740+0300: 777.668: Total time for which application threads were stopped: 0.0000468 seconds, Stopping threads took: 0.0000199 seconds
2020-08-04T13:45:35.745+0300: 777.674: Total time for which application threads were stopped: 0.0000770 seconds, Stopping threads took: 0.0000274 seconds
2020-08-04T13:45:35.746+0300: 777.675: Total time for which application threads were stopped: 0.0000590 seconds, Stopping threads took: 0.0000212 seconds
2020-08-04T13:45:35.750+0300: 777.679: Total time for which application threads were stopped: 0.0000785 seconds, Stopping threads took: 0.0000236 seconds
2020-08-04T13:45:35.751+0300: 777.680: Total time for which application threads were stopped: 0.0000730 seconds, Stopping threads took: 0.0000242 seconds
2020-08-04T13:45:35.752+0300: 777.681: Total time for which application threads were stopped: 0.0000505 seconds, Stopping threads took: 0.0000171 seconds
2020-08-04T13:45:35.752+0300: 777.681: Total time for which application threads were stopped: 0.0000528 seconds, Stopping threads took: 0.0000287 seconds
2020-08-04T13:45:35.752+0300: 777.681: Total time for which application threads were stopped: 0.0000352 seconds, Stopping threads took: 0.0000168 seconds
2020-08-04T13:45:35.752+0300: 777.681: Total time for which application threads were stopped: 0.0000197 seconds, Stopping threads took: 0.0000050 seconds
2020-08-04T13:45:35.752+0300: 777.681: Total time for which application threads were stopped: 0.0000481 seconds, Stopping threads took: 0.0000085 seconds
2020-08-04T13:45:35.752+0300: 777.681: Total time for which application threads were stopped: 0.0000466 seconds, Stopping threads took: 0.0000136 seconds
2020-08-04T13:45:35.752+0300: 777.681: Total time for which application threads were stopped: 0.0000419 seconds, Stopping threads took: 0.0000187 seconds
2020-08-04T13:45:35.753+0300: 777.681: Total time for which application threads were stopped: 0.0000344 seconds, Stopping threads took: 0.0000129 seconds
2020-08-04T13:45:35.753+0300: 777.681: Total time for which application threads were stopped: 0.0000427 seconds, Stopping threads took: 0.0000193 seconds
2020-08-04T13:45:35.753+0300: 777.681: Total time for which application threads were stopped: 0.0000392 seconds, Stopping threads took: 0.0000157 seconds
2020-08-04T13:45:35.753+0300: 777.682: Total time for which application threads were stopped: 0.0000376 seconds, Stopping threads took: 0.0000182 seconds
2020-08-04T13:45:35.753+0300: 777.682: Total time for which application threads were stopped: 0.0000374 seconds, Stopping threads took: 0.0000152 seconds
2020-08-04T13:45:35.753+0300: 777.682: Total time for which application threads were stopped: 0.0000336 seconds, Stopping threads took: 0.0000156 seconds
2020-08-04T13:45:35.753+0300: 777.682: Total time for which application threads were stopped: 0.0000259 seconds, Stopping threads took: 0.0000085 seconds
2020-08-04T13:45:35.753+0300: 777.682: Total time for which application threads were stopped: 0.0000198 seconds, Stopping threads took: 0.0000056 seconds
2020-08-04T13:45:35.753+0300: 777.682: Total time for which application threads were stopped: 0.0000190 seconds, Stopping threads took: 0.0000052 seconds
2020-08-04T13:45:35.753+0300: 777.682: Total time for which application threads were stopped: 0.0000172 seconds, Stopping threads took: 0.0000046 seconds
2020-08-04T13:45:35.753+0300: 777.682: Total time for which application threads were stopped: 0.0000221 seconds, Stopping threads took: 0.0000060 seconds
2020-08-04T13:45:35.753+0300: 777.682: Total time for which application threads were stopped: 0.0000184 seconds, Stopping threads took: 0.0000053 seconds
2020-08-04T13:45:35.753+0300: 777.682: Total time for which application threads were stopped: 0.0000282 seconds, Stopping threads took: 0.0000086 seconds
2020-08-04T13:45:35.753+0300: 777.682: Total time for which application threads were stopped: 0.0000325 seconds, Stopping threads took: 0.0000158 seconds
2020-08-04T13:45:35.753+0300: 777.682: Total time for which application threads were stopped: 0.0000603 seconds, Stopping threads took: 0.0000069 seconds
2020-08-04T13:45:35.755+0300: 777.684: Total time for which application threads were stopped: 0.0000596 seconds, Stopping threads took: 0.0000207 seconds
2020-08-04T13:45:35.755+0300: 777.684: Total time for which application threads were stopped: 0.0000329 seconds, Stopping threads took: 0.0000112 seconds
2020-08-04T13:45:35.755+0300: 777.684: Total time for which application threads were stopped: 0.0000251 seconds, Stopping threads took: 0.0000078 seconds
2020-08-04T13:45:35.755+0300: 777.684: Total time for which application threads were stopped: 0.0000402 seconds, Stopping threads took: 0.0000181 seconds
2020-08-04T13:45:35.757+0300: 777.686: Total time for which application threads were stopped: 0.0000496 seconds, Stopping threads took: 0.0000170 seconds
2020-08-04T13:45:35.758+0300: 777.687: Total time for which application threads were stopped: 0.0000503 seconds, Stopping threads took: 0.0000167 seconds
2020-08-04T13:45:35.759+0300: 777.688: Total time for which application threads were stopped: 0.0000708 seconds, Stopping threads took: 0.0000307 seconds
2020-08-04T13:45:35.759+0300: 777.688: Total time for which application threads were stopped: 0.0000415 seconds, Stopping threads took: 0.0000143 seconds
2020-08-04T13:45:35.769+0300: 777.697: Total time for which application threads were stopped: 0.0000884 seconds, Stopping threads took: 0.0000252 seconds
2020-08-04T13:45:35.769+0300: 777.698: Total time for which application threads were stopped: 0.0000867 seconds, Stopping threads took: 0.0000295 seconds
2020-08-04T13:45:35.781+0300: 777.710: Total time for which application threads were stopped: 0.0000588 seconds, Stopping threads took: 0.0000201 seconds
2020-08-04T13:45:35.781+0300: 777.710: Total time for which application threads were stopped: 0.0000418 seconds, Stopping threads took: 0.0000212 seconds
2020-08-04T13:45:35.781+0300: 777.710: Total time for which application threads were stopped: 0.0000191 seconds, Stopping threads took: 0.0000051 seconds
2020-08-04T13:45:35.803+0300: 777.732: Total time for which application threads were stopped: 0.0000791 seconds, Stopping threads took: 0.0000295 seconds
2020-08-04T13:45:35.804+0300: 777.733: Total time for which application threads were stopped: 0.0000690 seconds, Stopping threads took: 0.0000224 seconds
2020-08-04T13:45:35.818+0300: 777.747: Total time for which application threads were stopped: 0.0000530 seconds, Stopping threads took: 0.0000191 seconds
2020-08-04T13:45:35.819+0300: 777.748: Total time for which application threads were stopped: 0.0000461 seconds, Stopping threads took: 0.0000151 seconds
2020-08-04T13:45:35.825+0300: 777.754: Total time for which application threads were stopped: 0.0000731 seconds, Stopping threads took: 0.0000290 seconds
2020-08-04T13:45:35.828+0300: 777.757: Total time for which application threads were stopped: 0.0000569 seconds, Stopping threads took: 0.0000206 seconds
2020-08-04T13:45:35.829+0300: 777.758: Total time for which application threads were stopped: 0.0000624 seconds, Stopping threads took: 0.0000256 seconds
2020-08-04T13:45:35.834+0300: 777.763: Total time for which application threads were stopped: 0.0000638 seconds, Stopping threads took: 0.0000187 seconds
2020-08-04T13:45:35.838+0300: 777.767: Total time for which application threads were stopped: 0.0001863 seconds, Stopping threads took: 0.0000935 seconds
2020-08-04T13:45:35.839+0300: 777.768: Total time for which application threads were stopped: 0.0000695 seconds, Stopping threads took: 0.0000325 seconds
2020-08-04T13:45:35.843+0300: 777.772: Total time for which application threads were stopped: 0.0000623 seconds, Stopping threads took: 0.0000198 seconds
2020-08-04T13:45:35.849+0300: 777.778: Total time for which application threads were stopped: 0.0000827 seconds, Stopping threads took: 0.0000229 seconds
2020-08-04T13:45:35.851+0300: 777.780: Total time for which application threads were stopped: 0.0000671 seconds, Stopping threads took: 0.0000307 seconds
2020-08-04T13:45:35.852+0300: 777.781: Total time for which application threads were stopped: 0.0000934 seconds, Stopping threads took: 0.0000274 seconds
2020-08-04T13:45:35.853+0300: 777.782: Total time for which application threads were stopped: 0.0000660 seconds, Stopping threads took: 0.0000275 seconds
2020-08-04T13:45:35.855+0300: 777.784: Total time for which application threads were stopped: 0.0000842 seconds, Stopping threads took: 0.0000294 seconds
2020-08-04T13:45:35.857+0300: 777.786: Total time for which application threads were stopped: 0.0000794 seconds, Stopping threads took: 0.0000306 seconds
2020-08-04T13:45:35.862+0300: 777.791: Total time for which application threads were stopped: 0.0000674 seconds, Stopping threads took: 0.0000312 seconds
2020-08-04T13:45:35.864+0300: 777.792: Total time for which application threads were stopped: 0.0000552 seconds, Stopping threads took: 0.0000175 seconds
2020-08-04T13:45:35.864+0300: 777.792: Total time for which application threads were stopped: 0.0000210 seconds, Stopping threads took: 0.0000054 seconds
2020-08-04T13:45:35.864+0300: 777.793: Total time for which application threads were stopped: 0.0000358 seconds, Stopping threads took: 0.0000110 seconds
2020-08-04T13:45:35.864+0300: 777.793: Total time for which application threads were stopped: 0.0000295 seconds, Stopping threads took: 0.0000089 seconds
2020-08-04T13:45:35.865+0300: 777.793: Total time for which application threads were stopped: 0.0000396 seconds, Stopping threads took: 0.0000052 seconds
2020-08-04T13:45:35.865+0300: 777.793: Total time for which application threads were stopped: 0.0000201 seconds, Stopping threads took: 0.0000058 seconds
2020-08-04T13:45:35.865+0300: 777.793: Total time for which application threads were stopped: 0.0000173 seconds, Stopping threads took: 0.0000045 seconds
2020-08-04T13:45:35.865+0300: 777.794: Total time for which application threads were stopped: 0.0000498 seconds, Stopping threads took: 0.0000344 seconds
2020-08-04T13:45:35.865+0300: 777.794: Total time for which application threads were stopped: 0.0000213 seconds, Stopping threads took: 0.0000056 seconds
2020-08-04T13:45:35.866+0300: 777.794: Total time for which application threads were stopped: 0.0000263 seconds, Stopping threads took: 0.0000065 seconds
2020-08-04T13:45:35.866+0300: 777.794: Total time for which application threads were stopped: 0.0000189 seconds, Stopping threads took: 0.0000053 seconds
2020-08-04T13:45:35.866+0300: 777.795: Total time for which application threads were stopped: 0.0000210 seconds, Stopping threads took: 0.0000062 seconds
2020-08-04T13:45:35.866+0300: 777.795: Total time for which application threads were stopped: 0.0000172 seconds, Stopping threads took: 0.0000045 seconds
2020-08-04T13:45:35.866+0300: 777.795: Total time for which application threads were stopped: 0.0000168 seconds, Stopping threads took: 0.0000043 seconds
2020-08-04T13:45:35.866+0300: 777.795: Total time for which application threads were stopped: 0.0000575 seconds, Stopping threads took: 0.0000042 seconds
2020-08-04T13:45:35.873+0300: 777.801: Total time for which application threads were stopped: 0.0000777 seconds, Stopping threads took: 0.0000374 seconds
{Heap before GC invocations=6 (full 1):
 par new generation   total 109248K, used 104009K [0x00000000e0000000, 0x00000000e8000000, 0x00000000e8000000)
  eden space 87424K, 100% used [0x00000000e0000000, 0x00000000e5560000, 0x00000000e5560000)
  from space 21824K,  75% used [0x00000000e5560000, 0x00000000e6592750, 0x00000000e6ab0000)
  to   space 21824K,   0% used [0x00000000e6ab0000, 0x00000000e6ab0000, 0x00000000e8000000)
 concurrent mark-sweep generation total 393216K, used 0K [0x00000000e8000000, 0x0000000100000000, 0x0000000100000000)
 Metaspace       used 29838K, capacity 30220K, committed 30412K, reserved 1075200K
  class space    used 3573K, capacity 3726K, committed 3788K, reserved 1048576K
2020-08-04T13:45:35.913+0300: 777.841: [GC (Allocation Failure) 2020-08-04T13:45:35.913+0300: 777.842: [ParNew
Desired survivor size 20112992 bytes, new threshold 8 (max 8)
- age   1:    3627984 bytes,    3627984 total
- age   2:    1437056 bytes,    5065040 total
- age   3:    1835112 bytes,    6900152 total
- age   5:    1099976 bytes,    8000128 total
- age   6:    2908672 bytes,   10908800 total
- age   7:    2240992 bytes,   13149792 total
: 104009K->19975K(109248K), 0.0063551 secs] 104009K->19975K(502464K), 0.0064192 secs] [Times: user=0.06 sys=0.00, real=0.01 secs] 
Heap after GC invocations=7 (full 1):
 par new generation   total 109248K, used 19975K [0x00000000e0000000, 0x00000000e8000000, 0x00000000e8000000)
  eden space 87424K,   0% used [0x00000000e0000000, 0x00000000e0000000, 0x00000000e5560000)
  from space 21824K,  91% used [0x00000000e6ab0000, 0x00000000e7e31ec0, 0x00000000e8000000)
  to   space 21824K,   0% used [0x00000000e5560000, 0x00000000e5560000, 0x00000000e6ab0000)
 concurrent mark-sweep generation total 393216K, used 0K [0x00000000e8000000, 0x0000000100000000, 0x0000000100000000)
 Metaspace       used 29838K, capacity 30220K, committed 30412K, reserved 1075200K
  class space    used 3573K, capacity 3726K, committed 3788K, reserved 1048576K
}
2020-08-04T13:45:35.919+0300: 777.848: Total time for which application threads were stopped: 0.0065556 seconds, Stopping threads took: 0.0000189 seconds
2020-08-04T13:45:35.919+0300: 777.848: Total time for which application threads were stopped: 0.0000865 seconds, Stopping threads took: 0.0000452 seconds
2020-08-04T13:45:35.919+0300: 777.848: Total time for which application threads were stopped: 0.0000514 seconds, Stopping threads took: 0.0000234 seconds
2020-08-04T13:45:35.920+0300: 777.848: Total time for which application threads were stopped: 0.0000409 seconds, Stopping threads took: 0.0000165 seconds
2020-08-04T13:45:35.920+0300: 777.848: Total time for which application threads were stopped: 0.0000314 seconds, Stopping threads took: 0.0000143 seconds
2020-08-04T13:45:35.920+0300: 777.848: Total time for which application threads were stopped: 0.0000283 seconds, Stopping threads took: 0.0000131 seconds
2020-08-04T13:45:35.920+0300: 777.848: Total time for which application threads were stopped: 0.0000421 seconds, Stopping threads took: 0.0000199 seconds
2020-08-04T13:45:35.920+0300: 777.849: Total time for which application threads were stopped: 0.0001110 seconds, Stopping threads took: 0.0000495 seconds
2020-08-04T13:45:35.920+0300: 777.849: Total time for which application threads were stopped: 0.0000442 seconds, Stopping threads took: 0.0000176 seconds
2020-08-04T13:45:35.920+0300: 777.849: Total time for which application threads were stopped: 0.0000518 seconds, Stopping threads took: 0.0000173 seconds
2020-08-04T13:45:35.989+0300: 777.918: Total time for which application threads were stopped: 0.0001098 seconds, Stopping threads took: 0.0000234 seconds
2020-08-04T13:45:35.991+0300: 777.920: Total time for which application threads were stopped: 0.0000827 seconds, Stopping threads took: 0.0000312 seconds
2020-08-04T13:45:35.999+0300: 777.927: Total time for which application threads were stopped: 0.0001129 seconds, Stopping threads took: 0.0000334 seconds
2020-08-04T13:45:35.999+0300: 777.928: Total time for which application threads were stopped: 0.0000355 seconds, Stopping threads took: 0.0000109 seconds
2020-08-04T13:45:35.999+0300: 777.928: Total time for which application threads were stopped: 0.0000212 seconds, Stopping threads took: 0.0000070 seconds
2020-08-04T13:45:35.999+0300: 777.928: Total time for which application threads were stopped: 0.0000189 seconds, Stopping threads took: 0.0000065 seconds
2020-08-04T13:45:35.999+0300: 777.928: Total time for which application threads were stopped: 0.0000212 seconds, Stopping threads took: 0.0000070 seconds
2020-08-04T13:45:35.999+0300: 777.928: Total time for which application threads were stopped: 0.0000202 seconds, Stopping threads took: 0.0000071 seconds
2020-08-04T13:45:35.999+0300: 777.928: Total time for which application threads were stopped: 0.0000195 seconds, Stopping threads took: 0.0000064 seconds
2020-08-04T13:45:36.014+0300: 777.943: Total time for which application threads were stopped: 0.0001018 seconds, Stopping threads took: 0.0000402 seconds
2020-08-04T13:45:36.014+0300: 777.943: Total time for which application threads were stopped: 0.0000554 seconds, Stopping threads took: 0.0000217 seconds
2020-08-04T13:45:36.014+0300: 777.943: Total time for which application threads were stopped: 0.0000488 seconds, Stopping threads took: 0.0000166 seconds
2020-08-04T13:45:36.014+0300: 777.943: Total time for which application threads were stopped: 0.0000556 seconds, Stopping threads took: 0.0000116 seconds
2020-08-04T13:45:36.014+0300: 777.943: Total time for which application threads were stopped: 0.0000347 seconds, Stopping threads took: 0.0000109 seconds
2020-08-04T13:45:36.015+0300: 777.943: Total time for which application threads were stopped: 0.0000427 seconds, Stopping threads took: 0.0000192 seconds
2020-08-04T13:45:36.015+0300: 777.943: Total time for which application threads were stopped: 0.0000367 seconds, Stopping threads took: 0.0000197 seconds
2020-08-04T13:45:36.015+0300: 777.943: Total time for which application threads were stopped: 0.0000330 seconds, Stopping threads took: 0.0000158 seconds
2020-08-04T13:45:36.015+0300: 777.943: Total time for which application threads were stopped: 0.0000318 seconds, Stopping threads took: 0.0000157 seconds
2020-08-04T13:45:36.015+0300: 777.944: Total time for which application threads were stopped: 0.0000401 seconds, Stopping threads took: 0.0000169 seconds
2020-08-04T13:45:36.015+0300: 777.944: Total time for which application threads were stopped: 0.0000333 seconds, Stopping threads took: 0.0000101 seconds
2020-08-04T13:45:36.015+0300: 777.944: Total time for which application threads were stopped: 0.0000436 seconds, Stopping threads took: 0.0000192 seconds
2020-08-04T13:45:36.015+0300: 777.944: Total time for which application threads were stopped: 0.0000395 seconds, Stopping threads took: 0.0000160 seconds
2020-08-04T13:45:36.015+0300: 777.944: Total time for which application threads were stopped: 0.0000413 seconds, Stopping threads took: 0.0000183 seconds
2020-08-04T13:45:36.015+0300: 777.944: Total time for which application threads were stopped: 0.0000408 seconds, Stopping threads took: 0.0000172 seconds
2020-08-04T13:45:36.015+0300: 777.944: Total time for which application threads were stopped: 0.0000414 seconds, Stopping threads took: 0.0000181 seconds
2020-08-04T13:45:36.015+0300: 777.944: Total time for which application threads were stopped: 0.0000419 seconds, Stopping threads took: 0.0000195 seconds
2020-08-04T13:45:36.015+0300: 777.944: Total time for which application threads were stopped: 0.0000325 seconds, Stopping threads took: 0.0000100 seconds
2020-08-04T13:45:36.015+0300: 777.944: Total time for which application threads were stopped: 0.0000424 seconds, Stopping threads took: 0.0000195 seconds
2020-08-04T13:45:36.015+0300: 777.944: Total time for which application threads were stopped: 0.0001006 seconds, Stopping threads took: 0.0000178 seconds
2020-08-04T13:45:36.019+0300: 777.948: Total time for which application threads were stopped: 0.0001134 seconds, Stopping threads took: 0.0000225 seconds
2020-08-04T13:45:36.020+0300: 777.949: Total time for which application threads were stopped: 0.0000728 seconds, Stopping threads took: 0.0000246 seconds
2020-08-04T13:45:36.020+0300: 777.949: Total time for which application threads were stopped: 0.0000415 seconds, Stopping threads took: 0.0000123 seconds
2020-08-04T13:45:37.035+0300: 778.963: Total time for which application threads were stopped: 0.0001091 seconds, Stopping threads took: 0.0000436 seconds
2020-08-04T13:53:51.172+0300: 1273.101: Total time for which application threads were stopped: 0.0001158 seconds, Stopping threads took: 0.0000282 seconds
2020-08-04T13:53:51.173+0300: 1273.102: Total time for which application threads were stopped: 0.0000779 seconds, Stopping threads took: 0.0000204 seconds
2020-08-04T13:53:51.191+0300: 1273.120: Total time for which application threads were stopped: 0.0000672 seconds, Stopping threads took: 0.0000255 seconds
2020-08-04T13:53:51.192+0300: 1273.121: Total time for which application threads were stopped: 0.0000400 seconds, Stopping threads took: 0.0000122 seconds
2020-08-04T13:53:51.208+0300: 1273.136: Total time for which application threads were stopped: 0.0000586 seconds, Stopping threads took: 0.0000189 seconds
2020-08-04T13:53:51.208+0300: 1273.136: Total time for which application threads were stopped: 0.0000429 seconds, Stopping threads took: 0.0000068 seconds
2020-08-04T13:53:51.208+0300: 1273.137: Total time for which application threads were stopped: 0.0000239 seconds, Stopping threads took: 0.0000067 seconds
2020-08-04T13:53:51.209+0300: 1273.137: Total time for which application threads were stopped: 0.0000208 seconds, Stopping threads took: 0.0000072 seconds
2020-08-04T13:53:51.209+0300: 1273.137: Total time for which application threads were stopped: 0.0000196 seconds, Stopping threads took: 0.0000061 seconds
2020-08-04T13:53:51.209+0300: 1273.137: Total time for which application threads were stopped: 0.0000192 seconds, Stopping threads took: 0.0000062 seconds
2020-08-04T13:53:51.223+0300: 1273.151: Total time for which application threads were stopped: 0.0000556 seconds, Stopping threads took: 0.0000191 seconds
2020-08-04T13:53:51.239+0300: 1273.168: Total time for which application threads were stopped: 0.0000546 seconds, Stopping threads took: 0.0000187 seconds
2020-08-04T13:53:51.240+0300: 1273.169: Total time for which application threads were stopped: 0.0000382 seconds, Stopping threads took: 0.0000124 seconds
2020-08-04T13:53:51.243+0300: 1273.172: Total time for which application threads were stopped: 0.0000648 seconds, Stopping threads took: 0.0000257 seconds
2020-08-04T13:53:51.243+0300: 1273.172: Total time for which application threads were stopped: 0.0000424 seconds, Stopping threads took: 0.0000212 seconds
2020-08-04T13:53:51.248+0300: 1273.177: Total time for which application threads were stopped: 0.0000538 seconds, Stopping threads took: 0.0000181 seconds
2020-08-04T13:53:51.258+0300: 1273.187: Total time for which application threads were stopped: 0.0000890 seconds, Stopping threads took: 0.0000327 seconds
{Heap before GC invocations=7 (full 1):
 par new generation   total 109248K, used 107399K [0x00000000e0000000, 0x00000000e8000000, 0x00000000e8000000)
  eden space 87424K, 100% used [0x00000000e0000000, 0x00000000e5560000, 0x00000000e5560000)
  from space 21824K,  91% used [0x00000000e6ab0000, 0x00000000e7e31ec0, 0x00000000e8000000)
  to   space 21824K,   0% used [0x00000000e5560000, 0x00000000e5560000, 0x00000000e6ab0000)
 concurrent mark-sweep generation total 393216K, used 0K [0x00000000e8000000, 0x0000000100000000, 0x0000000100000000)
 Metaspace       used 30011K, capacity 30466K, committed 30668K, reserved 1077248K
  class space    used 3582K, capacity 3737K, committed 3788K, reserved 1048576K
2020-08-04T13:53:51.290+0300: 1273.219: [GC (Allocation Failure) 2020-08-04T13:53:51.290+0300: 1273.219: [ParNew
Desired survivor size 20112992 bytes, new threshold 8 (max 8)
- age   1:    3799352 bytes,    3799352 total
- age   2:    1660904 bytes,    5460256 total
- age   3:    1351160 bytes,    6811416 total
- age   4:    1830488 bytes,    8641904 total
- age   6:    1080024 bytes,    9721928 total
- age   7:    2908672 bytes,   12630600 total
- age   8:    2240752 bytes,   14871352 total
: 107399K->17984K(109248K), 0.0095503 secs] 107399K->17984K(502464K), 0.0096327 secs] [Times: user=0.00 sys=0.00, real=0.01 secs] 
Heap after GC invocations=8 (full 1):
 par new generation   total 109248K, used 17984K [0x00000000e0000000, 0x00000000e8000000, 0x00000000e8000000)
  eden space 87424K,   0% used [0x00000000e0000000, 0x00000000e0000000, 0x00000000e5560000)
  from space 21824K,  82% used [0x00000000e5560000, 0x00000000e66f0038, 0x00000000e6ab0000)
  to   space 21824K,   0% used [0x00000000e6ab0000, 0x00000000e6ab0000, 0x00000000e8000000)
 concurrent mark-sweep generation total 393216K, used 0K [0x00000000e8000000, 0x0000000100000000, 0x0000000100000000)
 Metaspace       used 30011K, capacity 30466K, committed 30668K, reserved 1077248K
  class space    used 3582K, capacity 3737K, committed 3788K, reserved 1048576K
}
2020-08-04T13:53:51.300+0300: 1273.229: Total time for which application threads were stopped: 0.0097777 seconds, Stopping threads took: 0.0000272 seconds
2020-08-04T13:53:51.300+0300: 1273.229: Total time for which application threads were stopped: 0.0002141 seconds, Stopping threads took: 0.0001209 seconds
2020-08-04T13:53:51.301+0300: 1273.230: Total time for which application threads were stopped: 0.0001265 seconds, Stopping threads took: 0.0000501 seconds
2020-08-04T13:53:51.301+0300: 1273.230: Total time for which application threads were stopped: 0.0002078 seconds, Stopping threads took: 0.0000892 seconds
2020-08-04T13:53:51.301+0300: 1273.230: Total time for which application threads were stopped: 0.0002532 seconds, Stopping threads took: 0.0001137 seconds
2020-08-04T13:53:51.302+0300: 1273.231: Total time for which application threads were stopped: 0.0002771 seconds, Stopping threads took: 0.0001899 seconds
2020-08-04T13:53:51.302+0300: 1273.231: Total time for which application threads were stopped: 0.0001121 seconds, Stopping threads took: 0.0000565 seconds
2020-08-04T13:53:51.302+0300: 1273.231: Total time for which application threads were stopped: 0.0000731 seconds, Stopping threads took: 0.0000411 seconds
2020-08-04T13:53:51.302+0300: 1273.231: Total time for which application threads were stopped: 0.0001454 seconds, Stopping threads took: 0.0001099 seconds
2020-08-04T13:53:51.302+0300: 1273.231: Total time for which application threads were stopped: 0.0000808 seconds, Stopping threads took: 0.0000551 seconds
{Heap before GC invocations=8 (full 1):
 par new generation   total 109248K, used 105408K [0x00000000e0000000, 0x00000000e8000000, 0x00000000e8000000)
  eden space 87424K, 100% used [0x00000000e0000000, 0x00000000e5560000, 0x00000000e5560000)
  from space 21824K,  82% used [0x00000000e5560000, 0x00000000e66f0038, 0x00000000e6ab0000)
  to   space 21824K,   0% used [0x00000000e6ab0000, 0x00000000e6ab0000, 0x00000000e8000000)
 concurrent mark-sweep generation total 393216K, used 0K [0x00000000e8000000, 0x0000000100000000, 0x0000000100000000)
 Metaspace       used 30045K, capacity 30490K, committed 30668K, reserved 1077248K
  class space    used 3585K, capacity 3742K, committed 3788K, reserved 1048576K
2020-08-04T13:53:51.357+0300: 1273.286: [GC (Allocation Failure) 2020-08-04T13:53:51.357+0300: 1273.286: [ParNew
Desired survivor size 20112992 bytes, new threshold 8 (max 8)
- age   1:     268848 bytes,     268848 total
- age   2:    3417080 bytes,    3685928 total
- age   3:     865768 bytes,    4551696 total
- age   4:     737200 bytes,    5288896 total
- age   5:    1830016 bytes,    7118912 total
- age   7:    1079448 bytes,    8198360 total
- age   8:    2908544 bytes,   11106904 total
: 105408K->15658K(109248K), 0.0103951 secs] 105408K->18047K(502464K), 0.0104650 secs] [Times: user=0.00 sys=0.02, real=0.01 secs] 
Heap after GC invocations=9 (full 1):
 par new generation   total 109248K, used 15658K [0x00000000e0000000, 0x00000000e8000000, 0x00000000e8000000)
  eden space 87424K,   0% used [0x00000000e0000000, 0x00000000e0000000, 0x00000000e5560000)
  from space 21824K,  71% used [0x00000000e6ab0000, 0x00000000e79fa9e8, 0x00000000e8000000)
  to   space 21824K,   0% used [0x00000000e5560000, 0x00000000e5560000, 0x00000000e6ab0000)
 concurrent mark-sweep generation total 393216K, used 2389K [0x00000000e8000000, 0x0000000100000000, 0x0000000100000000)
 Metaspace       used 30045K, capacity 30490K, committed 30668K, reserved 1077248K
  class space    used 3585K, capacity 3742K, committed 3788K, reserved 1048576K
}
2020-08-04T13:53:51.368+0300: 1273.297: Total time for which application threads were stopped: 0.0106072 seconds, Stopping threads took: 0.0000249 seconds
2020-08-04T13:53:51.368+0300: 1273.297: Total time for which application threads were stopped: 0.0000751 seconds, Stopping threads took: 0.0000424 seconds
2020-08-04T13:53:51.368+0300: 1273.297: Total time for which application threads were stopped: 0.0000387 seconds, Stopping threads took: 0.0000170 seconds
2020-08-04T13:53:51.368+0300: 1273.297: Total time for which application threads were stopped: 0.0000354 seconds, Stopping threads took: 0.0000172 seconds
2020-08-04T13:53:51.388+0300: 1273.317: Total time for which application threads were stopped: 0.0001290 seconds, Stopping threads took: 0.0000396 seconds
2020-08-04T13:53:51.396+0300: 1273.325: Total time for which application threads were stopped: 0.0000720 seconds, Stopping threads took: 0.0000283 seconds
2020-08-04T13:53:51.396+0300: 1273.325: Total time for which application threads were stopped: 0.0000341 seconds, Stopping threads took: 0.0000105 seconds
2020-08-04T13:53:51.396+0300: 1273.325: Total time for which application threads were stopped: 0.0000363 seconds, Stopping threads took: 0.0000127 seconds
2020-08-04T13:53:51.396+0300: 1273.325: Total time for which application threads were stopped: 0.0000220 seconds, Stopping threads took: 0.0000072 seconds
2020-08-04T13:53:51.396+0300: 1273.325: Total time for which application threads were stopped: 0.0000237 seconds, Stopping threads took: 0.0000078 seconds
2020-08-04T13:53:51.396+0300: 1273.325: Total time for which application threads were stopped: 0.0000220 seconds, Stopping threads took: 0.0000073 seconds
2020-08-04T13:53:51.409+0300: 1273.338: Total time for which application threads were stopped: 0.0000978 seconds, Stopping threads took: 0.0000318 seconds
2020-08-04T13:53:51.410+0300: 1273.339: Total time for which application threads were stopped: 0.0000902 seconds, Stopping threads took: 0.0000390 seconds
2020-08-04T13:53:51.411+0300: 1273.340: Total time for which application threads were stopped: 0.0000470 seconds, Stopping threads took: 0.0000153 seconds
2020-08-04T13:53:51.415+0300: 1273.344: Total time for which application threads were stopped: 0.0000796 seconds, Stopping threads took: 0.0000359 seconds
2020-08-04T13:53:51.429+0300: 1273.358: Total time for which application threads were stopped: 0.0001413 seconds, Stopping threads took: 0.0000432 seconds
2020-08-04T13:53:51.451+0300: 1273.380: Total time for which application threads were stopped: 0.0001340 seconds, Stopping threads took: 0.0000582 seconds
2020-08-04T13:53:51.461+0300: 1273.390: Total time for which application threads were stopped: 0.0000840 seconds, Stopping threads took: 0.0000286 seconds
2020-08-04T13:53:51.464+0300: 1273.393: Total time for which application threads were stopped: 0.0000743 seconds, Stopping threads took: 0.0000341 seconds
2020-08-04T13:53:51.475+0300: 1273.404: Total time for which application threads were stopped: 0.0001021 seconds, Stopping threads took: 0.0000373 seconds
2020-08-04T13:53:51.482+0300: 1273.411: Total time for which application threads were stopped: 0.0000870 seconds, Stopping threads took: 0.0000363 seconds
2020-08-04T13:53:51.493+0300: 1273.422: Total time for which application threads were stopped: 0.0000807 seconds, Stopping threads took: 0.0000285 seconds
{Heap before GC invocations=9 (full 1):
 par new generation   total 109248K, used 103082K [0x00000000e0000000, 0x00000000e8000000, 0x00000000e8000000)
  eden space 87424K, 100% used [0x00000000e0000000, 0x00000000e5560000, 0x00000000e5560000)
  from space 21824K,  71% used [0x00000000e6ab0000, 0x00000000e79fa9e8, 0x00000000e8000000)
  to   space 21824K,   0% used [0x00000000e5560000, 0x00000000e5560000, 0x00000000e6ab0000)
 concurrent mark-sweep generation total 393216K, used 2389K [0x00000000e8000000, 0x0000000100000000, 0x0000000100000000)
 Metaspace       used 30158K, capacity 30590K, committed 30668K, reserved 1077248K
  class space    used 3590K, capacity 3750K, committed 3788K, reserved 1048576K
2020-08-04T13:53:51.552+0300: 1273.481: [GC (Allocation Failure) 2020-08-04T13:53:51.552+0300: 1273.481: [ParNew
Desired survivor size 20112992 bytes, new threshold 8 (max 8)
- age   1:    2540840 bytes,    2540840 total
- age   2:     236608 bytes,    2777448 total
- age   3:    3380864 bytes,    6158312 total
- age   4:     865472 bytes,    7023784 total
- age   5:     737088 bytes,    7760872 total
- age   6:    1829360 bytes,    9590232 total
- age   8:    1079448 bytes,   10669680 total
: 103082K->12598K(109248K), 0.0084443 secs] 105471K->17932K(502464K), 0.0085173 secs] [Times: user=0.08 sys=0.00, real=0.01 secs] 
Heap after GC invocations=10 (full 1):
 par new generation   total 109248K, used 12598K [0x00000000e0000000, 0x00000000e8000000, 0x00000000e8000000)
  eden space 87424K,   0% used [0x00000000e0000000, 0x00000000e0000000, 0x00000000e5560000)
  from space 21824K,  57% used [0x00000000e5560000, 0x00000000e61ada18, 0x00000000e6ab0000)
  to   space 21824K,   0% used [0x00000000e6ab0000, 0x00000000e6ab0000, 0x00000000e8000000)
 concurrent mark-sweep generation total 393216K, used 5334K [0x00000000e8000000, 0x0000000100000000, 0x0000000100000000)
 Metaspace       used 30158K, capacity 30590K, committed 30668K, reserved 1077248K
  class space    used 3590K, capacity 3750K, committed 3788K, reserved 1048576K
}
2020-08-04T13:53:51.561+0300: 1273.490: Total time for which application threads were stopped: 0.0086828 seconds, Stopping threads took: 0.0000378 seconds
2020-08-04T13:53:51.561+0300: 1273.490: Total time for which application threads were stopped: 0.0000854 seconds, Stopping threads took: 0.0000467 seconds
2020-08-04T13:53:51.561+0300: 1273.490: Total time for which application threads were stopped: 0.0000702 seconds, Stopping threads took: 0.0000283 seconds
2020-08-04T13:53:51.561+0300: 1273.490: Total time for which application threads were stopped: 0.0000588 seconds, Stopping threads took: 0.0000263 seconds
2020-08-04T13:53:51.561+0300: 1273.490: Total time for which application threads were stopped: 0.0000363 seconds, Stopping threads took: 0.0000163 seconds
2020-08-04T13:53:51.561+0300: 1273.490: Total time for which application threads were stopped: 0.0000377 seconds, Stopping threads took: 0.0000209 seconds
2020-08-04T13:53:51.562+0300: 1273.491: Total time for which application threads were stopped: 0.0000363 seconds, Stopping threads took: 0.0000190 seconds
2020-08-04T13:53:51.562+0300: 1273.491: Total time for which application threads were stopped: 0.0000330 seconds, Stopping threads took: 0.0000169 seconds
2020-08-04T13:53:51.562+0300: 1273.491: Total time for which application threads were stopped: 0.0000324 seconds, Stopping threads took: 0.0000167 seconds
2020-08-04T13:53:51.562+0300: 1273.491: Total time for which application threads were stopped: 0.0000326 seconds, Stopping threads took: 0.0000168 seconds
2020-08-04T13:53:51.595+0300: 1273.524: Total time for which application threads were stopped: 0.0000868 seconds, Stopping threads took: 0.0000294 seconds
2020-08-04T13:53:51.600+0300: 1273.529: Total time for which application threads were stopped: 0.0000669 seconds, Stopping threads took: 0.0000204 seconds
2020-08-04T13:53:51.600+0300: 1273.529: Total time for which application threads were stopped: 0.0000408 seconds, Stopping threads took: 0.0000174 seconds
2020-08-04T13:53:51.600+0300: 1273.529: Total time for which application threads were stopped: 0.0001462 seconds, Stopping threads took: 0.0001200 seconds
2020-08-04T13:53:51.600+0300: 1273.529: Total time for which application threads were stopped: 0.0000593 seconds, Stopping threads took: 0.0000277 seconds
2020-08-04T13:53:51.600+0300: 1273.529: Total time for which application threads were stopped: 0.0000554 seconds, Stopping threads took: 0.0000270 seconds
2020-08-04T13:53:51.600+0300: 1273.529: Total time for which application threads were stopped: 0.0000446 seconds, Stopping threads took: 0.0000220 seconds
2020-08-04T13:53:51.600+0300: 1273.529: Total time for which application threads were stopped: 0.0001448 seconds, Stopping threads took: 0.0001113 seconds
2020-08-04T13:53:51.612+0300: 1273.541: Total time for which application threads were stopped: 0.0000932 seconds, Stopping threads took: 0.0000339 seconds
2020-08-04T13:53:51.612+0300: 1273.541: Total time for which application threads were stopped: 0.0000295 seconds, Stopping threads took: 0.0000095 seconds
2020-08-04T13:53:52.626+0300: 1274.554: Total time for which application threads were stopped: 0.0001139 seconds, Stopping threads took: 0.0000430 seconds
2020-08-04T13:54:56.576+0300: 1338.504: Total time for which application threads were stopped: 0.0000964 seconds, Stopping threads took: 0.0000341 seconds
2020-08-04T13:54:56.577+0300: 1338.505: Total time for which application threads were stopped: 0.0004032 seconds, Stopping threads took: 0.0003287 seconds
2020-08-04T13:54:56.588+0300: 1338.517: Total time for which application threads were stopped: 0.0001176 seconds, Stopping threads took: 0.0000392 seconds
2020-08-04T13:54:56.590+0300: 1338.519: Total time for which application threads were stopped: 0.0001015 seconds, Stopping threads took: 0.0000313 seconds
2020-08-04T13:54:56.590+0300: 1338.519: Total time for which application threads were stopped: 0.0003381 seconds, Stopping threads took: 0.0002636 seconds
2020-08-04T13:54:56.591+0300: 1338.519: Total time for which application threads were stopped: 0.0001009 seconds, Stopping threads took: 0.0000372 seconds
2020-08-04T13:54:56.593+0300: 1338.522: Total time for which application threads were stopped: 0.0000845 seconds, Stopping threads took: 0.0000242 seconds
2020-08-04T13:54:56.594+0300: 1338.522: Total time for which application threads were stopped: 0.0000526 seconds, Stopping threads took: 0.0000186 seconds
2020-08-04T13:54:56.594+0300: 1338.522: Total time for which application threads were stopped: 0.0000471 seconds, Stopping threads took: 0.0000138 seconds
2020-08-04T13:54:56.594+0300: 1338.522: Total time for which application threads were stopped: 0.0000420 seconds, Stopping threads took: 0.0000139 seconds
2020-08-04T13:54:56.607+0300: 1338.535: Total time for which application threads were stopped: 0.0000800 seconds, Stopping threads took: 0.0000286 seconds
2020-08-04T13:54:56.608+0300: 1338.537: Total time for which application threads were stopped: 0.0001133 seconds, Stopping threads took: 0.0000504 seconds
2020-08-04T13:54:56.608+0300: 1338.537: Total time for which application threads were stopped: 0.0000878 seconds, Stopping threads took: 0.0000339 seconds
2020-08-04T13:54:56.608+0300: 1338.537: Total time for which application threads were stopped: 0.0000832 seconds, Stopping threads took: 0.0000392 seconds
2020-08-04T13:54:56.623+0300: 1338.551: Total time for which application threads were stopped: 0.0000998 seconds, Stopping threads took: 0.0000398 seconds
2020-08-04T13:54:56.640+0300: 1338.569: Total time for which application threads were stopped: 0.0000918 seconds, Stopping threads took: 0.0000427 seconds
2020-08-04T13:54:56.641+0300: 1338.570: Total time for which application threads were stopped: 0.0000829 seconds, Stopping threads took: 0.0000307 seconds
2020-08-04T13:54:56.645+0300: 1338.573: Total time for which application threads were stopped: 0.0000838 seconds, Stopping threads took: 0.0000272 seconds
2020-08-04T13:54:56.646+0300: 1338.574: Total time for which application threads were stopped: 0.0000890 seconds, Stopping threads took: 0.0000334 seconds
2020-08-04T13:54:56.646+0300: 1338.574: Total time for which application threads were stopped: 0.0000503 seconds, Stopping threads took: 0.0000144 seconds
2020-08-04T13:54:56.654+0300: 1338.582: Total time for which application threads were stopped: 0.0000907 seconds, Stopping threads took: 0.0000311 seconds
{Heap before GC invocations=10 (full 1):
 par new generation   total 109248K, used 100022K [0x00000000e0000000, 0x00000000e8000000, 0x00000000e8000000)
  eden space 87424K, 100% used [0x00000000e0000000, 0x00000000e5560000, 0x00000000e5560000)
  from space 21824K,  57% used [0x00000000e5560000, 0x00000000e61ada18, 0x00000000e6ab0000)
  to   space 21824K,   0% used [0x00000000e6ab0000, 0x00000000e6ab0000, 0x00000000e8000000)
 concurrent mark-sweep generation total 393216K, used 5334K [0x00000000e8000000, 0x0000000100000000, 0x0000000100000000)
 Metaspace       used 30281K, capacity 30800K, committed 30924K, reserved 1077248K
  class space    used 3594K, capacity 3755K, committed 3788K, reserved 1048576K
2020-08-04T13:54:56.715+0300: 1338.644: [GC (Allocation Failure) 2020-08-04T13:54:56.715+0300: 1338.644: [ParNew
Desired survivor size 20112992 bytes, new threshold 8 (max 8)
- age   1:    2606464 bytes,    2606464 total
- age   2:    1570456 bytes,    4176920 total
- age   3:     234600 bytes,    4411520 total
- age   4:    2501312 bytes,    6912832 total
- age   5:     310120 bytes,    7222952 total
- age   6:     736992 bytes,    7959944 total
- age   7:    1829336 bytes,    9789280 total
: 100022K->14421K(109248K), 0.0079404 secs] 105356K->20824K(502464K), 0.0080424 secs] [Times: user=0.00 sys=0.00, real=0.01 secs] 
Heap after GC invocations=11 (full 1):
 par new generation   total 109248K, used 14421K [0x00000000e0000000, 0x00000000e8000000, 0x00000000e8000000)
  eden space 87424K,   0% used [0x00000000e0000000, 0x00000000e0000000, 0x00000000e5560000)
  from space 21824K,  66% used [0x00000000e6ab0000, 0x00000000e78c5610, 0x00000000e8000000)
  to   space 21824K,   0% used [0x00000000e5560000, 0x00000000e5560000, 0x00000000e6ab0000)
 concurrent mark-sweep generation total 393216K, used 6403K [0x00000000e8000000, 0x0000000100000000, 0x0000000100000000)
 Metaspace       used 30281K, capacity 30800K, committed 30924K, reserved 1077248K
  class space    used 3594K, capacity 3755K, committed 3788K, reserved 1048576K
}
2020-08-04T13:54:56.723+0300: 1338.652: Total time for which application threads were stopped: 0.0082195 seconds, Stopping threads took: 0.0000287 seconds
2020-08-04T13:54:56.724+0300: 1338.652: Total time for which application threads were stopped: 0.0001174 seconds, Stopping threads took: 0.0000580 seconds
2020-08-04T13:54:56.724+0300: 1338.652: Total time for which application threads were stopped: 0.0000658 seconds, Stopping threads took: 0.0000264 seconds
2020-08-04T13:54:56.724+0300: 1338.652: Total time for which application threads were stopped: 0.0000519 seconds, Stopping threads took: 0.0000190 seconds
2020-08-04T13:54:56.724+0300: 1338.652: Total time for which application threads were stopped: 0.0000982 seconds, Stopping threads took: 0.0000176 seconds
2020-08-04T13:54:56.724+0300: 1338.653: Total time for which application threads were stopped: 0.0000606 seconds, Stopping threads took: 0.0000317 seconds
2020-08-04T13:54:56.724+0300: 1338.653: Total time for which application threads were stopped: 0.0000605 seconds, Stopping threads took: 0.0000307 seconds
2020-08-04T13:54:56.724+0300: 1338.653: Total time for which application threads were stopped: 0.0000392 seconds, Stopping threads took: 0.0000142 seconds
2020-08-04T13:54:56.724+0300: 1338.653: Total time for which application threads were stopped: 0.0000437 seconds, Stopping threads took: 0.0000155 seconds
2020-08-04T13:54:56.724+0300: 1338.653: Total time for which application threads were stopped: 0.0000500 seconds, Stopping threads took: 0.0000157 seconds
2020-08-04T13:54:56.724+0300: 1338.653: Total time for which application threads were stopped: 0.0000396 seconds, Stopping threads took: 0.0000150 seconds
2020-08-04T13:54:56.764+0300: 1338.693: Total time for which application threads were stopped: 0.0000890 seconds, Stopping threads took: 0.0000346 seconds
2020-08-04T13:54:56.772+0300: 1338.701: Total time for which application threads were stopped: 0.0000985 seconds, Stopping threads took: 0.0000262 seconds
2020-08-04T13:54:56.788+0300: 1338.717: Total time for which application threads were stopped: 0.0000815 seconds, Stopping threads took: 0.0000301 seconds
2020-08-04T13:54:56.792+0300: 1338.721: Total time for which application threads were stopped: 0.0000650 seconds, Stopping threads took: 0.0000246 seconds
2020-08-04T13:54:56.819+0300: 1338.748: Total time for which application threads were stopped: 0.0000855 seconds, Stopping threads took: 0.0000399 seconds
2020-08-04T13:54:56.825+0300: 1338.753: Total time for which application threads were stopped: 0.0000856 seconds, Stopping threads took: 0.0000333 seconds
2020-08-04T13:54:56.827+0300: 1338.756: Total time for which application threads were stopped: 0.0000585 seconds, Stopping threads took: 0.0000211 seconds
2020-08-04T13:54:56.828+0300: 1338.757: Total time for which application threads were stopped: 0.0000590 seconds, Stopping threads took: 0.0000259 seconds
2020-08-04T13:54:56.840+0300: 1338.769: Total time for which application threads were stopped: 0.0000610 seconds, Stopping threads took: 0.0000223 seconds
2020-08-04T13:54:56.844+0300: 1338.773: Total time for which application threads were stopped: 0.0000848 seconds, Stopping threads took: 0.0000334 seconds
2020-08-04T13:54:56.855+0300: 1338.784: Total time for which application threads were stopped: 0.0000659 seconds, Stopping threads took: 0.0000205 seconds
{Heap before GC invocations=11 (full 1):
 par new generation   total 109248K, used 101845K [0x00000000e0000000, 0x00000000e8000000, 0x00000000e8000000)
  eden space 87424K, 100% used [0x00000000e0000000, 0x00000000e5560000, 0x00000000e5560000)
  from space 21824K,  66% used [0x00000000e6ab0000, 0x00000000e78c5610, 0x00000000e8000000)
  to   space 21824K,   0% used [0x00000000e5560000, 0x00000000e5560000, 0x00000000e6ab0000)
 concurrent mark-sweep generation total 393216K, used 6403K [0x00000000e8000000, 0x0000000100000000, 0x0000000100000000)
 Metaspace       used 30491K, capacity 31080K, committed 31308K, reserved 1077248K
  class space    used 3615K, capacity 3792K, committed 3916K, reserved 1048576K
2020-08-04T13:54:56.888+0300: 1338.817: [GC (Allocation Failure) 2020-08-04T13:54:56.888+0300: 1338.817: [ParNew
Desired survivor size 20112992 bytes, new threshold 8 (max 8)
- age   1:    2154112 bytes,    2154112 total
- age   2:    1768296 bytes,    3922408 total
- age   3:     901160 bytes,    4823568 total
- age   4:      14224 bytes,    4837792 total
- age   5:    1959624 bytes,    6797416 total
- age   6:     308672 bytes,    7106088 total
- age   7:     707624 bytes,    7813712 total
- age   8:    1717816 bytes,    9531528 total
: 101845K->10785K(109248K), 0.0055375 secs] 108248K->17188K(502464K), 0.0056053 secs] [Times: user=0.00 sys=0.00, real=0.01 secs] 
Heap after GC invocations=12 (full 1):
 par new generation   total 109248K, used 10785K [0x00000000e0000000, 0x00000000e8000000, 0x00000000e8000000)
  eden space 87424K,   0% used [0x00000000e0000000, 0x00000000e0000000, 0x00000000e5560000)
  from space 21824K,  49% used [0x00000000e5560000, 0x00000000e5fe85c8, 0x00000000e6ab0000)
  to   space 21824K,   0% used [0x00000000e6ab0000, 0x00000000e6ab0000, 0x00000000e8000000)
 concurrent mark-sweep generation total 393216K, used 6403K [0x00000000e8000000, 0x0000000100000000, 0x0000000100000000)
 Metaspace       used 30491K, capacity 31080K, committed 31308K, reserved 1077248K
  class space    used 3615K, capacity 3792K, committed 3916K, reserved 1048576K
}
2020-08-04T13:54:56.894+0300: 1338.822: Total time for which application threads were stopped: 0.0057476 seconds, Stopping threads took: 0.0000261 seconds
2020-08-04T13:54:56.894+0300: 1338.823: Total time for which application threads were stopped: 0.0000602 seconds, Stopping threads took: 0.0000280 seconds
2020-08-04T13:54:56.894+0300: 1338.823: Total time for which application threads were stopped: 0.0001034 seconds, Stopping threads took: 0.0000341 seconds
2020-08-04T13:54:56.894+0300: 1338.823: Total time for which application threads were stopped: 0.0000449 seconds, Stopping threads took: 0.0000097 seconds
2020-08-04T13:54:56.958+0300: 1338.887: Total time for which application threads were stopped: 0.0001257 seconds, Stopping threads took: 0.0000438 seconds
2020-08-04T13:54:56.966+0300: 1338.894: Total time for which application threads were stopped: 0.0001040 seconds, Stopping threads took: 0.0000362 seconds
2020-08-04T13:54:56.966+0300: 1338.895: Total time for which application threads were stopped: 0.0000492 seconds, Stopping threads took: 0.0000163 seconds
2020-08-04T13:54:56.966+0300: 1338.895: Total time for which application threads were stopped: 0.0000299 seconds, Stopping threads took: 0.0000094 seconds
2020-08-04T13:54:56.966+0300: 1338.895: Total time for which application threads were stopped: 0.0000286 seconds, Stopping threads took: 0.0000088 seconds
2020-08-04T13:54:56.966+0300: 1338.895: Total time for which application threads were stopped: 0.0000430 seconds, Stopping threads took: 0.0000175 seconds
2020-08-04T13:54:56.966+0300: 1338.895: Total time for which application threads were stopped: 0.0000265 seconds, Stopping threads took: 0.0000108 seconds
2020-08-04T13:54:56.966+0300: 1338.895: Total time for which application threads were stopped: 0.0000201 seconds, Stopping threads took: 0.0000067 seconds
2020-08-04T13:54:56.985+0300: 1338.914: Total time for which application threads were stopped: 0.0001569 seconds, Stopping threads took: 0.0000612 seconds
2020-08-04T13:54:56.985+0300: 1338.914: Total time for which application threads were stopped: 0.0001111 seconds, Stopping threads took: 0.0000510 seconds
2020-08-04T13:54:57.368+0300: 1339.296: Total time for which application threads were stopped: 0.0001155 seconds, Stopping threads took: 0.0000395 seconds
2020-08-04T13:54:57.395+0300: 1339.323: Total time for which application threads were stopped: 0.0000722 seconds, Stopping threads took: 0.0000263 seconds
2020-08-04T13:54:57.395+0300: 1339.323: Total time for which application threads were stopped: 0.0000427 seconds, Stopping threads took: 0.0000142 seconds
2020-08-04T13:54:57.409+0300: 1339.338: Total time for which application threads were stopped: 0.0000728 seconds, Stopping threads took: 0.0000245 seconds
2020-08-04T13:54:57.416+0300: 1339.345: Total time for which application threads were stopped: 0.0004273 seconds, Stopping threads took: 0.0000242 seconds
2020-08-04T13:54:57.420+0300: 1339.349: Total time for which application threads were stopped: 0.0008116 seconds, Stopping threads took: 0.0000944 seconds
{Heap before GC invocations=12 (full 1):
 par new generation   total 109248K, used 98209K [0x00000000e0000000, 0x00000000e8000000, 0x00000000e8000000)
  eden space 87424K, 100% used [0x00000000e0000000, 0x00000000e5560000, 0x00000000e5560000)
  from space 21824K,  49% used [0x00000000e5560000, 0x00000000e5fe85c8, 0x00000000e6ab0000)
  to   space 21824K,   0% used [0x00000000e6ab0000, 0x00000000e6ab0000, 0x00000000e8000000)
 concurrent mark-sweep generation total 393216K, used 6403K [0x00000000e8000000, 0x0000000100000000, 0x0000000100000000)
 Metaspace       used 31067K, capacity 31606K, committed 31820K, reserved 1077248K
  class space    used 3687K, capacity 3861K, committed 3916K, reserved 1048576K
2020-08-04T13:54:57.439+0300: 1339.368: [GC (Allocation Failure) 2020-08-04T13:54:57.439+0300: 1339.368: [ParNew
Desired survivor size 20112992 bytes, new threshold 8 (max 8)
- age   1:    4090112 bytes,    4090112 total
- age   2:    1675456 bytes,    5765568 total
- age   3:     988544 bytes,    6754112 total
- age   4:     269752 bytes,    7023864 total
- age   5:      14224 bytes,    7038088 total
- age   6:    1959344 bytes,    8997432 total
- age   7:     308632 bytes,    9306064 total
- age   8:     706208 bytes,   10012272 total
: 98209K->14445K(109248K), 0.0073108 secs] 104612K->22542K(502464K), 0.0073738 secs] [Times: user=0.00 sys=0.00, real=0.01 secs] 
Heap after GC invocations=13 (full 1):
 par new generation   total 109248K, used 14445K [0x00000000e0000000, 0x00000000e8000000, 0x00000000e8000000)
  eden space 87424K,   0% used [0x00000000e0000000, 0x00000000e0000000, 0x00000000e5560000)
  from space 21824K,  66% used [0x00000000e6ab0000, 0x00000000e78cb4e0, 0x00000000e8000000)
  to   space 21824K,   0% used [0x00000000e5560000, 0x00000000e5560000, 0x00000000e6ab0000)
 concurrent mark-sweep generation total 393216K, used 8097K [0x00000000e8000000, 0x0000000100000000, 0x0000000100000000)
 Metaspace       used 31067K, capacity 31606K, committed 31820K, reserved 1077248K
  class space    used 3687K, capacity 3861K, committed 3916K, reserved 1048576K
}
2020-08-04T13:54:57.447+0300: 1339.375: Total time for which application threads were stopped: 0.0075903 seconds, Stopping threads took: 0.0000369 seconds
2020-08-04T13:54:57.447+0300: 1339.375: Total time for which application threads were stopped: 0.0000758 seconds, Stopping threads took: 0.0000356 seconds
2020-08-04T13:54:57.447+0300: 1339.375: Total time for which application threads were stopped: 0.0000389 seconds, Stopping threads took: 0.0000164 seconds
2020-08-04T13:54:57.447+0300: 1339.376: Total time for which application threads were stopped: 0.0000336 seconds, Stopping threads took: 0.0000158 seconds
2020-08-04T13:54:57.447+0300: 1339.376: Total time for which application threads were stopped: 0.0000315 seconds, Stopping threads took: 0.0000151 seconds
2020-08-04T13:54:57.447+0300: 1339.376: Total time for which application threads were stopped: 0.0000512 seconds, Stopping threads took: 0.0000335 seconds
2020-08-04T13:54:57.447+0300: 1339.376: Total time for which application threads were stopped: 0.0000329 seconds, Stopping threads took: 0.0000161 seconds
2020-08-04T13:54:57.447+0300: 1339.376: Total time for which application threads were stopped: 0.0000511 seconds, Stopping threads took: 0.0000216 seconds
2020-08-04T13:54:57.447+0300: 1339.376: Total time for which application threads were stopped: 0.0000348 seconds, Stopping threads took: 0.0000178 seconds
2020-08-04T13:54:57.549+0300: 1339.478: Total time for which application threads were stopped: 0.0001356 seconds, Stopping threads took: 0.0000249 seconds
2020-08-04T13:54:57.554+0300: 1339.482: Total time for which application threads were stopped: 0.0000845 seconds, Stopping threads took: 0.0000329 seconds
{Heap before GC invocations=13 (full 1):
 par new generation   total 109248K, used 101869K [0x00000000e0000000, 0x00000000e8000000, 0x00000000e8000000)
  eden space 87424K, 100% used [0x00000000e0000000, 0x00000000e5560000, 0x00000000e5560000)
  from space 21824K,  66% used [0x00000000e6ab0000, 0x00000000e78cb4e0, 0x00000000e8000000)
  to   space 21824K,   0% used [0x00000000e5560000, 0x00000000e5560000, 0x00000000e6ab0000)
 concurrent mark-sweep generation total 393216K, used 8097K [0x00000000e8000000, 0x0000000100000000, 0x0000000100000000)
 Metaspace       used 31405K, capacity 31932K, committed 32076K, reserved 1077248K
  class space    used 3688K, capacity 3863K, committed 3916K, reserved 1048576K
2020-08-04T13:54:57.635+0300: 1339.563: [GC (Allocation Failure) 2020-08-04T13:54:57.635+0300: 1339.563: [ParNew
Desired survivor size 20112992 bytes, new threshold 8 (max 8)
- age   1:    2348200 bytes,    2348200 total
- age   2:    3593504 bytes,    5941704 total
- age   3:     863768 bytes,    6805472 total
- age   4:     357864 bytes,    7163336 total
- age   5:     269656 bytes,    7432992 total
- age   6:      14224 bytes,    7447216 total
- age   7:    1959344 bytes,    9406560 total
- age   8:     308632 bytes,    9715192 total
: 101869K->11052K(109248K), 0.0094984 secs] 109966K->19846K(502464K), 0.0096111 secs] [Times: user=0.00 sys=0.00, real=0.01 secs] 
Heap after GC invocations=14 (full 1):
 par new generation   total 109248K, used 11052K [0x00000000e0000000, 0x00000000e8000000, 0x00000000e8000000)
  eden space 87424K,   0% used [0x00000000e0000000, 0x00000000e0000000, 0x00000000e5560000)
  from space 21824K,  50% used [0x00000000e5560000, 0x00000000e602b350, 0x00000000e6ab0000)
  to   space 21824K,   0% used [0x00000000e6ab0000, 0x00000000e6ab0000, 0x00000000e8000000)
 concurrent mark-sweep generation total 393216K, used 8793K [0x00000000e8000000, 0x0000000100000000, 0x0000000100000000)
 Metaspace       used 31405K, capacity 31932K, committed 32076K, reserved 1077248K
  class space    used 3688K, capacity 3863K, committed 3916K, reserved 1048576K
}
2020-08-04T13:54:57.644+0300: 1339.573: Total time for which application threads were stopped: 0.0098639 seconds, Stopping threads took: 0.0000541 seconds
2020-08-04T13:54:57.645+0300: 1339.573: Total time for which application threads were stopped: 0.0001278 seconds, Stopping threads took: 0.0000465 seconds
2020-08-04T13:54:57.645+0300: 1339.573: Total time for which application threads were stopped: 0.0001012 seconds, Stopping threads took: 0.0000301 seconds
2020-08-04T13:54:57.645+0300: 1339.574: Total time for which application threads were stopped: 0.0000759 seconds, Stopping threads took: 0.0000229 seconds
2020-08-04T13:54:57.699+0300: 1339.628: Total time for which application threads were stopped: 0.0001299 seconds, Stopping threads took: 0.0000331 seconds
2020-08-04T13:54:57.709+0300: 1339.638: Total time for which application threads were stopped: 0.0001009 seconds, Stopping threads took: 0.0000285 seconds
2020-08-04T13:54:57.735+0300: 1339.664: Total time for which application threads were stopped: 0.0000901 seconds, Stopping threads took: 0.0000316 seconds
2020-08-04T13:54:57.763+0300: 1339.692: Total time for which application threads were stopped: 0.0000858 seconds, Stopping threads took: 0.0000316 seconds
2020-08-04T13:54:57.764+0300: 1339.692: Total time for which application threads were stopped: 0.0000716 seconds, Stopping threads took: 0.0000237 seconds
2020-08-04T13:54:57.764+0300: 1339.693: Total time for which application threads were stopped: 0.0000579 seconds, Stopping threads took: 0.0000191 seconds
2020-08-04T13:54:57.764+0300: 1339.693: Total time for which application threads were stopped: 0.0000339 seconds, Stopping threads took: 0.0000102 seconds
2020-08-04T13:54:57.770+0300: 1339.699: Total time for which application threads were stopped: 0.0001132 seconds, Stopping threads took: 0.0000315 seconds
2020-08-04T13:54:57.770+0300: 1339.699: Total time for which application threads were stopped: 0.0000615 seconds, Stopping threads took: 0.0000277 seconds
2020-08-04T13:54:57.771+0300: 1339.699: Total time for which application threads were stopped: 0.0000607 seconds, Stopping threads took: 0.0000208 seconds
2020-08-04T13:54:57.771+0300: 1339.700: Total time for which application threads were stopped: 0.0000503 seconds, Stopping threads took: 0.0000137 seconds
2020-08-04T13:54:57.775+0300: 1339.704: Total time for which application threads were stopped: 0.0000684 seconds, Stopping threads took: 0.0000239 seconds
2020-08-04T13:54:57.832+0300: 1339.761: Total time for which application threads were stopped: 0.0005034 seconds, Stopping threads took: 0.0000237 seconds
2020-08-04T13:54:57.851+0300: 1339.779: Total time for which application threads were stopped: 0.0000791 seconds, Stopping threads took: 0.0000293 seconds
2020-08-04T13:54:57.852+0300: 1339.780: Total time for which application threads were stopped: 0.0001206 seconds, Stopping threads took: 0.0000553 seconds
2020-08-04T13:54:57.852+0300: 1339.780: Total time for which application threads were stopped: 0.0000454 seconds, Stopping threads took: 0.0000107 seconds
2020-08-04T13:54:57.852+0300: 1339.780: Total time for which application threads were stopped: 0.0000286 seconds, Stopping threads took: 0.0000082 seconds
2020-08-04T13:54:58.862+0300: 1340.790: Total time for which application threads were stopped: 0.0000833 seconds, Stopping threads took: 0.0000220 seconds
2020-08-04T13:55:15.193+0300: 1357.123: Total time for which application threads were stopped: 0.0000684 seconds, Stopping threads took: 0.0000262 seconds
2020-08-04T13:55:15.386+0300: 1357.315: Total time for which application threads were stopped: 0.0000982 seconds, Stopping threads took: 0.0000317 seconds
2020-08-04T13:55:16.396+0300: 1358.325: Total time for which application threads were stopped: 0.0000956 seconds, Stopping threads took: 0.0000301 seconds
2020-08-04T13:55:20.644+0300: 1362.574: Total time for which application threads were stopped: 0.0001593 seconds, Stopping threads took: 0.0000809 seconds
2020-08-04T13:55:20.646+0300: 1362.575: Total time for which application threads were stopped: 0.0010839 seconds, Stopping threads took: 0.0008671 seconds
2020-08-04T13:55:20.648+0300: 1362.577: Total time for which application threads were stopped: 0.0002833 seconds, Stopping threads took: 0.0002136 seconds
2020-08-04T13:55:20.652+0300: 1362.582: Total time for which application threads were stopped: 0.0002776 seconds, Stopping threads took: 0.0001318 seconds
2020-08-04T13:55:20.663+0300: 1362.593: Total time for which application threads were stopped: 0.0001314 seconds, Stopping threads took: 0.0000590 seconds
2020-08-04T13:55:20.665+0300: 1362.595: Total time for which application threads were stopped: 0.0001093 seconds, Stopping threads took: 0.0000439 seconds
2020-08-04T13:55:20.665+0300: 1362.595: Total time for which application threads were stopped: 0.0000741 seconds, Stopping threads took: 0.0000252 seconds
2020-08-04T13:55:20.672+0300: 1362.601: Total time for which application threads were stopped: 0.0019357 seconds, Stopping threads took: 0.0018566 seconds
2020-08-04T13:55:20.672+0300: 1362.601: Total time for which application threads were stopped: 0.0000992 seconds, Stopping threads took: 0.0000333 seconds
2020-08-04T13:55:20.673+0300: 1362.602: Total time for which application threads were stopped: 0.0000979 seconds, Stopping threads took: 0.0000335 seconds
2020-08-04T13:55:20.673+0300: 1362.603: Total time for which application threads were stopped: 0.0001055 seconds, Stopping threads took: 0.0000317 seconds
2020-08-04T13:55:20.714+0300: 1362.643: Total time for which application threads were stopped: 0.0001886 seconds, Stopping threads took: 0.0000455 seconds
2020-08-04T13:55:21.724+0300: 1363.653: Total time for which application threads were stopped: 0.0001145 seconds, Stopping threads took: 0.0000487 seconds
2020-08-04T13:55:35.832+0300: 1377.761: Total time for which application threads were stopped: 0.0000773 seconds, Stopping threads took: 0.0000289 seconds
2020-08-04T13:55:36.111+0300: 1378.040: Total time for which application threads were stopped: 0.0001308 seconds, Stopping threads took: 0.0000509 seconds
2020-08-04T13:55:36.112+0300: 1378.041: Total time for which application threads were stopped: 0.0001353 seconds, Stopping threads took: 0.0000466 seconds
2020-08-04T13:55:36.117+0300: 1378.046: Total time for which application threads were stopped: 0.0001109 seconds, Stopping threads took: 0.0000377 seconds
2020-08-04T13:55:37.119+0300: 1379.047: Total time for which application threads were stopped: 0.0000774 seconds, Stopping threads took: 0.0000220 seconds
2020-08-04T13:55:42.161+0300: 1384.090: Total time for which application threads were stopped: 0.0000834 seconds, Stopping threads took: 0.0000337 seconds
2020-08-04T13:55:43.695+0300: 1385.624: Total time for which application threads were stopped: 0.0001060 seconds, Stopping threads took: 0.0000308 seconds
2020-08-04T13:55:44.700+0300: 1386.628: Total time for which application threads were stopped: 0.0001058 seconds, Stopping threads took: 0.0000289 seconds
2020-08-04T13:55:45.154+0300: 1387.083: Total time for which application threads were stopped: 0.0000620 seconds, Stopping threads took: 0.0000199 seconds
2020-08-04T13:55:45.161+0300: 1387.091: Total time for which application threads were stopped: 0.0000830 seconds, Stopping threads took: 0.0000251 seconds
2020-08-04T13:55:46.176+0300: 1388.105: Total time for which application threads were stopped: 0.0000810 seconds, Stopping threads took: 0.0000263 seconds
2020-08-04T13:56:17.466+0300: 1419.394: Total time for which application threads were stopped: 0.0001135 seconds, Stopping threads took: 0.0000399 seconds
2020-08-04T13:56:35.596+0300: 1437.525: Total time for which application threads were stopped: 0.0001956 seconds, Stopping threads took: 0.0000738 seconds
2020-08-04T13:57:17.984+0300: 1479.913: Total time for which application threads were stopped: 0.0002155 seconds, Stopping threads took: 0.0000516 seconds
2020-08-04T13:58:43.934+0300: 1565.863: Total time for which application threads were stopped: 0.0003505 seconds, Stopping threads took: 0.0002207 seconds
2020-08-04T13:58:43.952+0300: 1565.882: Total time for which application threads were stopped: 0.0001134 seconds, Stopping threads took: 0.0000360 seconds
2020-08-04T13:58:43.953+0300: 1565.883: Total time for which application threads were stopped: 0.0001012 seconds, Stopping threads took: 0.0000433 seconds
2020-08-04T13:58:43.954+0300: 1565.883: Total time for which application threads were stopped: 0.0000593 seconds, Stopping threads took: 0.0000172 seconds
2020-08-04T13:58:43.954+0300: 1565.883: Total time for which application threads were stopped: 0.0000479 seconds, Stopping threads took: 0.0000155 seconds
2020-08-04T13:58:43.954+0300: 1565.883: Total time for which application threads were stopped: 0.0000354 seconds, Stopping threads took: 0.0000107 seconds
2020-08-04T13:58:43.957+0300: 1565.886: Total time for which application threads were stopped: 0.0001304 seconds, Stopping threads took: 0.0000526 seconds
2020-08-04T13:58:43.957+0300: 1565.886: Total time for which application threads were stopped: 0.0000614 seconds, Stopping threads took: 0.0000201 seconds
2020-08-04T13:58:43.957+0300: 1565.886: Total time for which application threads were stopped: 0.0000503 seconds, Stopping threads took: 0.0000133 seconds
2020-08-04T13:58:43.969+0300: 1565.898: Total time for which application threads were stopped: 0.0000911 seconds, Stopping threads took: 0.0000261 seconds
2020-08-04T13:58:43.969+0300: 1565.898: Total time for which application threads were stopped: 0.0000627 seconds, Stopping threads took: 0.0000204 seconds
2020-08-04T13:58:43.970+0300: 1565.899: Total time for which application threads were stopped: 0.0000830 seconds, Stopping threads took: 0.0000256 seconds
2020-08-04T13:58:43.970+0300: 1565.899: Total time for which application threads were stopped: 0.0000604 seconds, Stopping threads took: 0.0000179 seconds
2020-08-04T13:58:43.970+0300: 1565.899: Total time for which application threads were stopped: 0.0000461 seconds, Stopping threads took: 0.0000118 seconds
2020-08-04T13:58:43.984+0300: 1565.913: Total time for which application threads were stopped: 0.0000768 seconds, Stopping threads took: 0.0000338 seconds
2020-08-04T13:58:44.002+0300: 1565.931: Total time for which application threads were stopped: 0.0000722 seconds, Stopping threads took: 0.0000223 seconds
2020-08-04T13:58:44.003+0300: 1565.932: Total time for which application threads were stopped: 0.0000434 seconds, Stopping threads took: 0.0000127 seconds
2020-08-04T13:58:44.005+0300: 1565.934: Total time for which application threads were stopped: 0.0001063 seconds, Stopping threads took: 0.0000309 seconds
2020-08-04T13:58:44.006+0300: 1565.935: Total time for which application threads were stopped: 0.0000696 seconds, Stopping threads took: 0.0000278 seconds
2020-08-04T13:58:44.011+0300: 1565.940: Total time for which application threads were stopped: 0.0000880 seconds, Stopping threads took: 0.0000256 seconds
2020-08-04T13:58:44.015+0300: 1565.944: Total time for which application threads were stopped: 0.0000800 seconds, Stopping threads took: 0.0000284 seconds
2020-08-04T13:58:44.016+0300: 1565.945: Total time for which application threads were stopped: 0.0000567 seconds, Stopping threads took: 0.0000173 seconds
2020-08-04T13:58:44.018+0300: 1565.948: Total time for which application threads were stopped: 0.0000713 seconds, Stopping threads took: 0.0000285 seconds
2020-08-04T13:58:44.019+0300: 1565.948: Total time for which application threads were stopped: 0.0000331 seconds, Stopping threads took: 0.0000085 seconds
2020-08-04T13:58:44.021+0300: 1565.950: Total time for which application threads were stopped: 0.0000652 seconds, Stopping threads took: 0.0000292 seconds
2020-08-04T13:58:44.026+0300: 1565.955: Total time for which application threads were stopped: 0.0000683 seconds, Stopping threads took: 0.0000247 seconds
2020-08-04T13:58:44.029+0300: 1565.958: Total time for which application threads were stopped: 0.0000624 seconds, Stopping threads took: 0.0000200 seconds
2020-08-04T13:58:44.035+0300: 1565.964: Total time for which application threads were stopped: 0.0000663 seconds, Stopping threads took: 0.0000199 seconds
2020-08-04T13:58:44.042+0300: 1565.972: Total time for which application threads were stopped: 0.0000737 seconds, Stopping threads took: 0.0000201 seconds
{Heap before GC invocations=14 (full 1):
 par new generation   total 109248K, used 98476K [0x00000000e0000000, 0x00000000e8000000, 0x00000000e8000000)
  eden space 87424K, 100% used [0x00000000e0000000, 0x00000000e5560000, 0x00000000e5560000)
  from space 21824K,  50% used [0x00000000e5560000, 0x00000000e602b350, 0x00000000e6ab0000)
  to   space 21824K,   0% used [0x00000000e6ab0000, 0x00000000e6ab0000, 0x00000000e8000000)
 concurrent mark-sweep generation total 393216K, used 8793K [0x00000000e8000000, 0x0000000100000000, 0x0000000100000000)
 Metaspace       used 32643K, capacity 33254K, committed 33484K, reserved 1079296K
  class space    used 3798K, capacity 3974K, committed 4044K, reserved 1048576K
2020-08-04T13:58:44.087+0300: 1566.016: [GC (Allocation Failure) 2020-08-04T13:58:44.087+0300: 1566.016: [ParNew
Desired survivor size 20112992 bytes, new threshold 8 (max 8)
- age   1:    5873480 bytes,    5873480 total
- age   2:    1013704 bytes,    6887184 total
- age   3:    3244080 bytes,   10131264 total
- age   4:     850296 bytes,   10981560 total
- age   5:     335976 bytes,   11317536 total
- age   6:     269256 bytes,   11586792 total
- age   7:      14224 bytes,   11601016 total
- age   8:    1959208 bytes,   13560224 total
: 98476K->16733K(109248K), 0.0093605 secs] 107270K->25832K(502464K), 0.0094367 secs] [Times: user=0.00 sys=0.00, real=0.01 secs] 
Heap after GC invocations=15 (full 1):
 par new generation   total 109248K, used 16733K [0x00000000e0000000, 0x00000000e8000000, 0x00000000e8000000)
  eden space 87424K,   0% used [0x00000000e0000000, 0x00000000e0000000, 0x00000000e5560000)
  from space 21824K,  76% used [0x00000000e6ab0000, 0x00000000e7b07580, 0x00000000e8000000)
  to   space 21824K,   0% used [0x00000000e5560000, 0x00000000e5560000, 0x00000000e6ab0000)
 concurrent mark-sweep generation total 393216K, used 9099K [0x00000000e8000000, 0x0000000100000000, 0x0000000100000000)
 Metaspace       used 32643K, capacity 33254K, committed 33484K, reserved 1079296K
  class space    used 3798K, capacity 3974K, committed 4044K, reserved 1048576K
}
2020-08-04T13:58:44.096+0300: 1566.026: Total time for which application threads were stopped: 0.0095860 seconds, Stopping threads took: 0.0000249 seconds
2020-08-04T13:58:44.097+0300: 1566.026: Total time for which application threads were stopped: 0.0001269 seconds, Stopping threads took: 0.0000308 seconds
2020-08-04T13:58:44.097+0300: 1566.026: Total time for which application threads were stopped: 0.0000718 seconds, Stopping threads took: 0.0000444 seconds
2020-08-04T13:58:44.097+0300: 1566.026: Total time for which application threads were stopped: 0.0000385 seconds, Stopping threads took: 0.0000152 seconds
2020-08-04T13:58:44.097+0300: 1566.026: Total time for which application threads were stopped: 0.0000344 seconds, Stopping threads took: 0.0000160 seconds
2020-08-04T13:58:44.097+0300: 1566.026: Total time for which application threads were stopped: 0.0000290 seconds, Stopping threads took: 0.0000134 seconds
2020-08-04T13:58:44.097+0300: 1566.026: Total time for which application threads were stopped: 0.0000285 seconds, Stopping threads took: 0.0000136 seconds
2020-08-04T13:58:44.097+0300: 1566.026: Total time for which application threads were stopped: 0.0000260 seconds, Stopping threads took: 0.0000066 seconds
2020-08-04T13:58:44.097+0300: 1566.026: Total time for which application threads were stopped: 0.0000549 seconds, Stopping threads took: 0.0000393 seconds
2020-08-04T13:58:44.097+0300: 1566.027: Total time for which application threads were stopped: 0.0000928 seconds, Stopping threads took: 0.0000730 seconds
2020-08-04T13:58:44.097+0300: 1566.027: Total time for which application threads were stopped: 0.0000361 seconds, Stopping threads took: 0.0000165 seconds
2020-08-04T13:58:44.097+0300: 1566.027: Total time for which application threads were stopped: 0.0000423 seconds, Stopping threads took: 0.0000253 seconds
2020-08-04T13:58:44.098+0300: 1566.027: Total time for which application threads were stopped: 0.0000320 seconds, Stopping threads took: 0.0000179 seconds
2020-08-04T13:58:44.098+0300: 1566.027: Total time for which application threads were stopped: 0.0000316 seconds, Stopping threads took: 0.0000139 seconds
2020-08-04T13:58:44.098+0300: 1566.027: Total time for which application threads were stopped: 0.0000299 seconds, Stopping threads took: 0.0000155 seconds
2020-08-04T13:58:44.098+0300: 1566.027: Total time for which application threads were stopped: 0.0000336 seconds, Stopping threads took: 0.0000159 seconds
2020-08-04T13:58:44.098+0300: 1566.027: Total time for which application threads were stopped: 0.0000338 seconds, Stopping threads took: 0.0000183 seconds
2020-08-04T13:58:44.098+0300: 1566.027: Total time for which application threads were stopped: 0.0001219 seconds, Stopping threads took: 0.0000648 seconds
2020-08-04T13:58:44.098+0300: 1566.027: Total time for which application threads were stopped: 0.0000525 seconds, Stopping threads took: 0.0000206 seconds
2020-08-04T13:58:44.116+0300: 1566.046: Total time for which application threads were stopped: 0.0000735 seconds, Stopping threads took: 0.0000202 seconds
2020-08-04T13:58:44.135+0300: 1566.064: Total time for which application threads were stopped: 0.0000937 seconds, Stopping threads took: 0.0000361 seconds
2020-08-04T13:58:44.141+0300: 1566.070: Total time for which application threads were stopped: 0.0000971 seconds, Stopping threads took: 0.0000357 seconds
2020-08-04T13:58:44.154+0300: 1566.083: Total time for which application threads were stopped: 0.0001046 seconds, Stopping threads took: 0.0000333 seconds
2020-08-04T13:58:44.154+0300: 1566.083: Total time for which application threads were stopped: 0.0001315 seconds, Stopping threads took: 0.0000875 seconds
2020-08-04T13:58:44.157+0300: 1566.086: Total time for which application threads were stopped: 0.0000762 seconds, Stopping threads took: 0.0000274 seconds
2020-08-04T13:58:44.158+0300: 1566.088: Total time for which application threads were stopped: 0.0000853 seconds, Stopping threads took: 0.0000286 seconds
2020-08-04T13:58:44.158+0300: 1566.088: Total time for which application threads were stopped: 0.0000543 seconds, Stopping threads took: 0.0000228 seconds
2020-08-04T13:58:44.174+0300: 1566.104: Total time for which application threads were stopped: 0.0000833 seconds, Stopping threads took: 0.0000273 seconds
2020-08-04T13:58:44.188+0300: 1566.117: Total time for which application threads were stopped: 0.0000784 seconds, Stopping threads took: 0.0000238 seconds
2020-08-04T13:58:44.189+0300: 1566.118: Total time for which application threads were stopped: 0.0000866 seconds, Stopping threads took: 0.0000400 seconds
2020-08-04T13:58:44.192+0300: 1566.121: Total time for which application threads were stopped: 0.0000735 seconds, Stopping threads took: 0.0000274 seconds
2020-08-04T13:58:44.193+0300: 1566.122: Total time for which application threads were stopped: 0.0000663 seconds, Stopping threads took: 0.0000227 seconds
2020-08-04T13:58:44.197+0300: 1566.126: Total time for which application threads were stopped: 0.0000816 seconds, Stopping threads took: 0.0000272 seconds
2020-08-04T13:58:44.200+0300: 1566.130: Total time for which application threads were stopped: 0.0000839 seconds, Stopping threads took: 0.0000305 seconds
2020-08-04T13:58:44.206+0300: 1566.135: Total time for which application threads were stopped: 0.0001321 seconds, Stopping threads took: 0.0000435 seconds
2020-08-04T13:58:44.209+0300: 1566.138: Total time for which application threads were stopped: 0.0000945 seconds, Stopping threads took: 0.0000352 seconds
2020-08-04T13:58:44.214+0300: 1566.143: Total time for which application threads were stopped: 0.0000959 seconds, Stopping threads took: 0.0000408 seconds
2020-08-04T13:58:44.220+0300: 1566.149: Total time for which application threads were stopped: 0.0001125 seconds, Stopping threads took: 0.0000299 seconds
2020-08-04T13:58:44.223+0300: 1566.152: Total time for which application threads were stopped: 0.0000924 seconds, Stopping threads took: 0.0000407 seconds
2020-08-04T13:58:44.228+0300: 1566.157: Total time for which application threads were stopped: 0.0000864 seconds, Stopping threads took: 0.0000277 seconds
2020-08-04T13:58:44.232+0300: 1566.161: Total time for which application threads were stopped: 0.0000692 seconds, Stopping threads took: 0.0000214 seconds
2020-08-04T13:58:44.238+0300: 1566.167: Total time for which application threads were stopped: 0.0000569 seconds, Stopping threads took: 0.0000169 seconds
{Heap before GC invocations=15 (full 1):
 par new generation   total 109248K, used 104143K [0x00000000e0000000, 0x00000000e8000000, 0x00000000e8000000)
  eden space 87424K,  99% used [0x00000000e0000000, 0x00000000e555c800, 0x00000000e5560000)
  from space 21824K,  76% used [0x00000000e6ab0000, 0x00000000e7b07580, 0x00000000e8000000)
  to   space 21824K,   0% used [0x00000000e5560000, 0x00000000e5560000, 0x00000000e6ab0000)
 concurrent mark-sweep generation total 393216K, used 9099K [0x00000000e8000000, 0x0000000100000000, 0x0000000100000000)
 Metaspace       used 32753K, capacity 33360K, committed 33484K, reserved 1079296K
  class space    used 3803K, capacity 3982K, committed 4044K, reserved 1048576K
2020-08-04T13:58:44.260+0300: 1566.189: [GC (Allocation Failure) 2020-08-04T13:58:44.260+0300: 1566.189: [ParNew
Desired survivor size 20112992 bytes, new threshold 8 (max 8)
- age   1:    2066376 bytes,    2066376 total
- age   2:    4316960 bytes,    6383336 total
- age   3:    1003168 bytes,    7386504 total
- age   4:    3243312 bytes,   10629816 total
- age   5:     849168 bytes,   11478984 total
- age   6:     335976 bytes,   11814960 total
- age   7:     269256 bytes,   12084216 total
- age   8:      14224 bytes,   12098440 total
: 104143K->15152K(109248K), 0.0111216 secs] 113242K->26169K(502464K), 0.0111984 secs] [Times: user=0.00 sys=0.00, real=0.01 secs] 
Heap after GC invocations=16 (full 1):
 par new generation   total 109248K, used 15152K [0x00000000e0000000, 0x00000000e8000000, 0x00000000e8000000)
  eden space 87424K,   0% used [0x00000000e0000000, 0x00000000e0000000, 0x00000000e5560000)
  from space 21824K,  69% used [0x00000000e5560000, 0x00000000e642c228, 0x00000000e6ab0000)
  to   space 21824K,   0% used [0x00000000e6ab0000, 0x00000000e6ab0000, 0x00000000e8000000)
 concurrent mark-sweep generation total 393216K, used 11016K [0x00000000e8000000, 0x0000000100000000, 0x0000000100000000)
 Metaspace       used 32753K, capacity 33360K, committed 33484K, reserved 1079296K
  class space    used 3803K, capacity 3982K, committed 4044K, reserved 1048576K
}
2020-08-04T13:58:44.271+0300: 1566.201: Total time for which application threads were stopped: 0.0113549 seconds, Stopping threads took: 0.0000265 seconds
2020-08-04T13:58:44.271+0300: 1566.201: Total time for which application threads were stopped: 0.0000983 seconds, Stopping threads took: 0.0000453 seconds
2020-08-04T13:58:44.272+0300: 1566.201: Total time for which application threads were stopped: 0.0000907 seconds, Stopping threads took: 0.0000337 seconds
2020-08-04T13:58:44.272+0300: 1566.201: Total time for which application threads were stopped: 0.0000429 seconds, Stopping threads took: 0.0000200 seconds
2020-08-04T13:58:44.272+0300: 1566.201: Total time for which application threads were stopped: 0.0000559 seconds, Stopping threads took: 0.0000251 seconds
2020-08-04T13:58:44.272+0300: 1566.201: Total time for which application threads were stopped: 0.0000450 seconds, Stopping threads took: 0.0000233 seconds
2020-08-04T13:58:44.272+0300: 1566.201: Total time for which application threads were stopped: 0.0000356 seconds, Stopping threads took: 0.0000169 seconds
2020-08-04T13:58:44.272+0300: 1566.201: Total time for which application threads were stopped: 0.0000372 seconds, Stopping threads took: 0.0000177 seconds
2020-08-04T13:58:44.272+0300: 1566.201: Total time for which application threads were stopped: 0.0000426 seconds, Stopping threads took: 0.0000193 seconds
2020-08-04T13:58:44.272+0300: 1566.201: Total time for which application threads were stopped: 0.0001004 seconds, Stopping threads took: 0.0000210 seconds
2020-08-04T13:58:44.330+0300: 1566.259: Total time for which application threads were stopped: 0.0001969 seconds, Stopping threads took: 0.0000495 seconds
2020-08-04T13:58:44.332+0300: 1566.261: Total time for which application threads were stopped: 0.0001120 seconds, Stopping threads took: 0.0000399 seconds
2020-08-04T13:58:44.340+0300: 1566.269: Total time for which application threads were stopped: 0.0001600 seconds, Stopping threads took: 0.0000302 seconds
2020-08-04T13:58:44.341+0300: 1566.270: Total time for which application threads were stopped: 0.0001110 seconds, Stopping threads took: 0.0000418 seconds
2020-08-04T13:58:44.341+0300: 1566.270: Total time for which application threads were stopped: 0.0000591 seconds, Stopping threads took: 0.0000249 seconds
2020-08-04T13:58:44.341+0300: 1566.270: Total time for which application threads were stopped: 0.0000343 seconds, Stopping threads took: 0.0000097 seconds
2020-08-04T13:58:44.341+0300: 1566.270: Total time for which application threads were stopped: 0.0000347 seconds, Stopping threads took: 0.0000102 seconds
2020-08-04T13:58:44.341+0300: 1566.270: Total time for which application threads were stopped: 0.0000334 seconds, Stopping threads took: 0.0000099 seconds
2020-08-04T13:58:44.341+0300: 1566.270: Total time for which application threads were stopped: 0.0000336 seconds, Stopping threads took: 0.0000101 seconds
2020-08-04T13:58:44.358+0300: 1566.287: Total time for which application threads were stopped: 0.0001056 seconds, Stopping threads took: 0.0000315 seconds
2020-08-04T13:58:44.358+0300: 1566.287: Total time for which application threads were stopped: 0.0000350 seconds, Stopping threads took: 0.0000115 seconds
2020-08-04T13:58:44.493+0300: 1566.422: Total time for which application threads were stopped: 0.0001150 seconds, Stopping threads took: 0.0000492 seconds
2020-08-04T13:58:44.509+0300: 1566.438: Total time for which application threads were stopped: 0.0000717 seconds, Stopping threads took: 0.0000280 seconds
2020-08-04T13:58:44.509+0300: 1566.438: Total time for which application threads were stopped: 0.0000341 seconds, Stopping threads took: 0.0000088 seconds
2020-08-04T13:58:44.509+0300: 1566.439: Total time for which application threads were stopped: 0.0000339 seconds, Stopping threads took: 0.0000120 seconds
{Heap before GC invocations=16 (full 1):
 par new generation   total 109248K, used 102576K [0x00000000e0000000, 0x00000000e8000000, 0x00000000e8000000)
  eden space 87424K, 100% used [0x00000000e0000000, 0x00000000e5560000, 0x00000000e5560000)
  from space 21824K,  69% used [0x00000000e5560000, 0x00000000e642c228, 0x00000000e6ab0000)
  to   space 21824K,   0% used [0x00000000e6ab0000, 0x00000000e6ab0000, 0x00000000e8000000)
 concurrent mark-sweep generation total 393216K, used 11016K [0x00000000e8000000, 0x0000000100000000, 0x0000000100000000)
 Metaspace       used 32863K, capacity 33436K, committed 33740K, reserved 1079296K
  class space    used 3807K, capacity 3986K, committed 4044K, reserved 1048576K
2020-08-04T13:58:44.544+0300: 1566.473: [GC (Allocation Failure) 2020-08-04T13:58:44.544+0300: 1566.473: [ParNew
Desired survivor size 20112992 bytes, new threshold 8 (max 8)
- age   1:    1759240 bytes,    1759240 total
- age   2:    1643536 bytes,    3402776 total
- age   3:    4304784 bytes,    7707560 total
- age   4:    1003208 bytes,    8710768 total
- age   5:    3243312 bytes,   11954080 total
- age   6:     849128 bytes,   12803208 total
- age   7:     335976 bytes,   13139184 total
- age   8:     269136 bytes,   13408320 total
: 102576K->16081K(109248K), 0.0066688 secs] 113593K->27111K(502464K), 0.0067638 secs] [Times: user=0.00 sys=0.00, real=0.01 secs] 
Heap after GC invocations=17 (full 1):
 par new generation   total 109248K, used 16081K [0x00000000e0000000, 0x00000000e8000000, 0x00000000e8000000)
  eden space 87424K,   0% used [0x00000000e0000000, 0x00000000e0000000, 0x00000000e5560000)
  from space 21824K,  73% used [0x00000000e6ab0000, 0x00000000e7a64488, 0x00000000e8000000)
  to   space 21824K,   0% used [0x00000000e5560000, 0x00000000e5560000, 0x00000000e6ab0000)
 concurrent mark-sweep generation total 393216K, used 11030K [0x00000000e8000000, 0x0000000100000000, 0x0000000100000000)
 Metaspace       used 32863K, capacity 33436K, committed 33740K, reserved 1079296K
  class space    used 3807K, capacity 3986K, committed 4044K, reserved 1048576K
}
2020-08-04T13:58:44.550+0300: 1566.480: Total time for which application threads were stopped: 0.0069835 seconds, Stopping threads took: 0.0000410 seconds
2020-08-04T13:58:44.551+0300: 1566.480: Total time for which application threads were stopped: 0.0000898 seconds, Stopping threads took: 0.0000334 seconds
2020-08-04T13:58:44.551+0300: 1566.480: Total time for which application threads were stopped: 0.0001172 seconds, Stopping threads took: 0.0000275 seconds
2020-08-04T13:58:44.551+0300: 1566.480: Total time for which application threads were stopped: 0.0000426 seconds, Stopping threads took: 0.0000195 seconds
2020-08-04T13:58:44.551+0300: 1566.480: Total time for which application threads were stopped: 0.0000486 seconds, Stopping threads took: 0.0000309 seconds
2020-08-04T13:58:44.551+0300: 1566.480: Total time for which application threads were stopped: 0.0000347 seconds, Stopping threads took: 0.0000173 seconds
2020-08-04T13:58:44.551+0300: 1566.480: Total time for which application threads were stopped: 0.0000405 seconds, Stopping threads took: 0.0000241 seconds
2020-08-04T13:58:44.551+0300: 1566.480: Total time for which application threads were stopped: 0.0000372 seconds, Stopping threads took: 0.0000209 seconds
2020-08-04T13:58:44.551+0300: 1566.480: Total time for which application threads were stopped: 0.0000433 seconds, Stopping threads took: 0.0000144 seconds
2020-08-04T13:58:44.572+0300: 1566.501: Total time for which application threads were stopped: 0.0000948 seconds, Stopping threads took: 0.0000351 seconds
2020-08-04T13:58:44.576+0300: 1566.505: Total time for which application threads were stopped: 0.0000579 seconds, Stopping threads took: 0.0000177 seconds
2020-08-04T13:58:44.585+0300: 1566.514: Total time for which application threads were stopped: 0.0001085 seconds, Stopping threads took: 0.0000209 seconds
2020-08-04T13:58:44.585+0300: 1566.515: Total time for which application threads were stopped: 0.0000623 seconds, Stopping threads took: 0.0000195 seconds
2020-08-04T13:58:44.586+0300: 1566.515: Total time for which application threads were stopped: 0.0000580 seconds, Stopping threads took: 0.0000228 seconds
2020-08-04T13:58:44.586+0300: 1566.515: Total time for which application threads were stopped: 0.0000305 seconds, Stopping threads took: 0.0000145 seconds
2020-08-04T13:58:44.589+0300: 1566.518: Total time for which application threads were stopped: 0.0001050 seconds, Stopping threads took: 0.0000183 seconds
2020-08-04T13:58:44.589+0300: 1566.518: Total time for which application threads were stopped: 0.0000403 seconds, Stopping threads took: 0.0000162 seconds
2020-08-04T13:58:44.589+0300: 1566.518: Total time for which application threads were stopped: 0.0000399 seconds, Stopping threads took: 0.0000135 seconds
2020-08-04T13:58:44.589+0300: 1566.519: Total time for which application threads were stopped: 0.0000218 seconds, Stopping threads took: 0.0000060 seconds
2020-08-04T13:58:44.599+0300: 1566.528: Total time for which application threads were stopped: 0.0000805 seconds, Stopping threads took: 0.0000221 seconds
2020-08-04T13:58:44.613+0300: 1566.542: Total time for which application threads were stopped: 0.0000939 seconds, Stopping threads took: 0.0000278 seconds
2020-08-04T13:58:45.627+0300: 1567.556: Total time for which application threads were stopped: 0.0001461 seconds, Stopping threads took: 0.0000368 seconds
2020-08-04T13:58:49.664+0300: 1571.593: Total time for which application threads were stopped: 0.0000973 seconds, Stopping threads took: 0.0000231 seconds
2020-08-04T13:58:54.880+0300: 1576.808: Total time for which application threads were stopped: 0.0001105 seconds, Stopping threads took: 0.0000212 seconds
2020-08-04T13:58:54.880+0300: 1576.809: Total time for which application threads were stopped: 0.0000429 seconds, Stopping threads took: 0.0000105 seconds
2020-08-04T13:58:55.880+0300: 1577.809: Total time for which application threads were stopped: 0.0001028 seconds, Stopping threads took: 0.0000230 seconds
2020-08-04T13:59:07.216+0300: 1589.145: Total time for which application threads were stopped: 0.0001342 seconds, Stopping threads took: 0.0000374 seconds
2020-08-04T13:59:07.217+0300: 1589.147: Total time for which application threads were stopped: 0.0000876 seconds, Stopping threads took: 0.0000306 seconds
2020-08-04T13:59:07.218+0300: 1589.147: Total time for which application threads were stopped: 0.0003541 seconds, Stopping threads took: 0.0003027 seconds
2020-08-04T13:59:07.218+0300: 1589.148: Total time for which application threads were stopped: 0.0000757 seconds, Stopping threads took: 0.0000305 seconds
2020-08-04T13:59:07.241+0300: 1589.170: Total time for which application threads were stopped: 0.0001374 seconds, Stopping threads took: 0.0000552 seconds
2020-08-04T13:59:07.247+0300: 1589.176: Total time for which application threads were stopped: 0.0001101 seconds, Stopping threads took: 0.0000301 seconds
2020-08-04T13:59:08.252+0300: 1590.181: Total time for which application threads were stopped: 0.0000808 seconds, Stopping threads took: 0.0000293 seconds
2020-08-04T13:59:11.293+0300: 1593.222: Total time for which application threads were stopped: 0.0000758 seconds, Stopping threads took: 0.0000256 seconds
2020-08-04T13:59:12.296+0300: 1594.225: Total time for which application threads were stopped: 0.0001021 seconds, Stopping threads took: 0.0000546 seconds
2020-08-04T13:59:23.386+0300: 1605.315: Total time for which application threads were stopped: 0.0000898 seconds, Stopping threads took: 0.0000277 seconds
2020-08-04T13:59:32.978+0300: 1614.907: Total time for which application threads were stopped: 0.0001045 seconds, Stopping threads took: 0.0000312 seconds
2020-08-04T13:59:32.979+0300: 1614.908: Total time for which application threads were stopped: 0.0000684 seconds, Stopping threads took: 0.0000160 seconds
2020-08-04T13:59:32.979+0300: 1614.908: Total time for which application threads were stopped: 0.0001109 seconds, Stopping threads took: 0.0000676 seconds
2020-08-04T13:59:32.979+0300: 1614.908: Total time for which application threads were stopped: 0.0000686 seconds, Stopping threads took: 0.0000235 seconds
2020-08-04T13:59:32.979+0300: 1614.908: Total time for which application threads were stopped: 0.0000423 seconds, Stopping threads took: 0.0000117 seconds
2020-08-04T13:59:32.979+0300: 1614.908: Total time for which application threads were stopped: 0.0000405 seconds, Stopping threads took: 0.0000124 seconds
2020-08-04T13:59:32.980+0300: 1614.909: Total time for which application threads were stopped: 0.0000734 seconds, Stopping threads took: 0.0000161 seconds
2020-08-04T13:59:32.980+0300: 1614.909: Total time for which application threads were stopped: 0.0000442 seconds, Stopping threads took: 0.0000126 seconds
2020-08-04T13:59:32.980+0300: 1614.909: Total time for which application threads were stopped: 0.0000569 seconds, Stopping threads took: 0.0000119 seconds
2020-08-04T13:59:32.981+0300: 1614.910: Total time for which application threads were stopped: 0.0001499 seconds, Stopping threads took: 0.0000481 seconds
2020-08-04T13:59:32.983+0300: 1614.912: Total time for which application threads were stopped: 0.0002439 seconds, Stopping threads took: 0.0000836 seconds
2020-08-04T13:59:32.983+0300: 1614.912: Total time for which application threads were stopped: 0.0000793 seconds, Stopping threads took: 0.0000442 seconds
2020-08-04T13:59:32.983+0300: 1614.912: Total time for which application threads were stopped: 0.0000396 seconds, Stopping threads took: 0.0000077 seconds
2020-08-04T13:59:32.983+0300: 1614.912: Total time for which application threads were stopped: 0.0000615 seconds, Stopping threads took: 0.0000112 seconds
2020-08-04T13:59:32.984+0300: 1614.913: Total time for which application threads were stopped: 0.0002079 seconds, Stopping threads took: 0.0001865 seconds
2020-08-04T13:59:33.989+0300: 1615.918: Total time for which application threads were stopped: 0.0000980 seconds, Stopping threads took: 0.0000488 seconds
2020-08-04T13:59:34.990+0300: 1616.919: Total time for which application threads were stopped: 0.0000949 seconds, Stopping threads took: 0.0000522 seconds
2020-08-04T13:59:35.192+0300: 1617.121: Total time for which application threads were stopped: 0.0000815 seconds, Stopping threads took: 0.0000307 seconds
2020-08-04T13:59:35.192+0300: 1617.121: Total time for which application threads were stopped: 0.0000534 seconds, Stopping threads took: 0.0000149 seconds
2020-08-04T13:59:35.192+0300: 1617.121: Total time for which application threads were stopped: 0.0002373 seconds, Stopping threads took: 0.0001485 seconds
2020-08-04T13:59:35.192+0300: 1617.122: Total time for which application threads were stopped: 0.0000410 seconds, Stopping threads took: 0.0000129 seconds
2020-08-04T13:59:35.193+0300: 1617.122: Total time for which application threads were stopped: 0.0000281 seconds, Stopping threads took: 0.0000091 seconds
2020-08-04T13:59:35.193+0300: 1617.122: Total time for which application threads were stopped: 0.0000282 seconds, Stopping threads took: 0.0000093 seconds
2020-08-04T13:59:35.193+0300: 1617.122: Total time for which application threads were stopped: 0.0000945 seconds, Stopping threads took: 0.0000459 seconds
2020-08-04T13:59:35.193+0300: 1617.122: Total time for which application threads were stopped: 0.0000197 seconds, Stopping threads took: 0.0000058 seconds
2020-08-04T13:59:35.193+0300: 1617.122: Total time for which application threads were stopped: 0.0000281 seconds, Stopping threads took: 0.0000093 seconds
2020-08-04T13:59:35.194+0300: 1617.123: Total time for which application threads were stopped: 0.0000420 seconds, Stopping threads took: 0.0000156 seconds
2020-08-04T13:59:35.195+0300: 1617.124: Total time for which application threads were stopped: 0.0000775 seconds, Stopping threads took: 0.0000339 seconds
2020-08-04T13:59:35.195+0300: 1617.124: Total time for which application threads were stopped: 0.0000665 seconds, Stopping threads took: 0.0000174 seconds
2020-08-04T13:59:35.195+0300: 1617.124: Total time for which application threads were stopped: 0.0000332 seconds, Stopping threads took: 0.0000125 seconds
2020-08-04T13:59:35.195+0300: 1617.125: Total time for which application threads were stopped: 0.0000297 seconds, Stopping threads took: 0.0000103 seconds
2020-08-04T13:59:36.209+0300: 1618.138: Total time for which application threads were stopped: 0.0001368 seconds, Stopping threads took: 0.0000653 seconds
2020-08-04T13:59:42.910+0300: 1624.839: Total time for which application threads were stopped: 0.0000937 seconds, Stopping threads took: 0.0000275 seconds
2020-08-04T13:59:42.923+0300: 1624.852: Total time for which application threads were stopped: 0.0000950 seconds, Stopping threads took: 0.0000275 seconds
2020-08-04T13:59:42.929+0300: 1624.858: Total time for which application threads were stopped: 0.0001054 seconds, Stopping threads took: 0.0000343 seconds
{Heap before GC invocations=17 (full 1):
 par new generation   total 109248K, used 103501K [0x00000000e0000000, 0x00000000e8000000, 0x00000000e8000000)
  eden space 87424K,  99% used [0x00000000e0000000, 0x00000000e555f218, 0x00000000e5560000)
  from space 21824K,  73% used [0x00000000e6ab0000, 0x00000000e7a64488, 0x00000000e8000000)
  to   space 21824K,   0% used [0x00000000e5560000, 0x00000000e5560000, 0x00000000e6ab0000)
 concurrent mark-sweep generation total 393216K, used 11030K [0x00000000e8000000, 0x0000000100000000, 0x0000000100000000)
 Metaspace       used 33014K, capacity 33570K, committed 33740K, reserved 1079296K
  class space    used 3811K, capacity 3988K, committed 4044K, reserved 1048576K
2020-08-04T13:59:43.009+0300: 1624.939: [GC (Allocation Failure) 2020-08-04T13:59:43.009+0300: 1624.939: [ParNew
Desired survivor size 20112992 bytes, new threshold 8 (max 8)
- age   1:    2615496 bytes,    2615496 total
- age   2:    1019504 bytes,    3635000 total
- age   3:     790696 bytes,    4425696 total
- age   4:    3498352 bytes,    7924048 total
- age   5:    1002176 bytes,    8926224 total
- age   6:    3238720 bytes,   12164944 total
- age   7:     849128 bytes,   13014072 total
- age   8:     335936 bytes,   13350008 total
: 103501K->19161K(109248K), 0.0057912 secs] 114532K->30458K(502464K), 0.0058491 secs] [Times: user=0.00 sys=0.00, real=0.01 secs] 
Heap after GC invocations=18 (full 1):
 par new generation   total 109248K, used 19161K [0x00000000e0000000, 0x00000000e8000000, 0x00000000e8000000)
  eden space 87424K,   0% used [0x00000000e0000000, 0x00000000e0000000, 0x00000000e5560000)
  from space 21824K,  87% used [0x00000000e5560000, 0x00000000e6816510, 0x00000000e6ab0000)
  to   space 21824K,   0% used [0x00000000e6ab0000, 0x00000000e6ab0000, 0x00000000e8000000)
 concurrent mark-sweep generation total 393216K, used 11297K [0x00000000e8000000, 0x0000000100000000, 0x0000000100000000)
 Metaspace       used 33014K, capacity 33570K, committed 33740K, reserved 1079296K
  class space    used 3811K, capacity 3988K, committed 4044K, reserved 1048576K
}
2020-08-04T13:59:43.015+0300: 1624.944: Total time for which application threads were stopped: 0.0060740 seconds, Stopping threads took: 0.0000225 seconds
2020-08-04T13:59:43.016+0300: 1624.945: Total time for which application threads were stopped: 0.0001705 seconds, Stopping threads took: 0.0000668 seconds
2020-08-04T13:59:43.016+0300: 1624.945: Total time for which application threads were stopped: 0.0000823 seconds, Stopping threads took: 0.0000344 seconds
2020-08-04T13:59:43.016+0300: 1624.945: Total time for which application threads were stopped: 0.0000679 seconds, Stopping threads took: 0.0000229 seconds
2020-08-04T13:59:43.046+0300: 1624.975: Total time for which application threads were stopped: 0.0001062 seconds, Stopping threads took: 0.0000281 seconds
2020-08-04T13:59:43.054+0300: 1624.984: Total time for which application threads were stopped: 0.0000808 seconds, Stopping threads took: 0.0000220 seconds
2020-08-04T13:59:43.091+0300: 1625.020: Total time for which application threads were stopped: 0.0001177 seconds, Stopping threads took: 0.0000407 seconds
2020-08-04T13:59:43.091+0300: 1625.020: Total time for which application threads were stopped: 0.0000422 seconds, Stopping threads took: 0.0000109 seconds
2020-08-04T13:59:43.091+0300: 1625.020: Total time for which application threads were stopped: 0.0000641 seconds, Stopping threads took: 0.0000199 seconds
2020-08-04T13:59:43.091+0300: 1625.020: Total time for which application threads were stopped: 0.0000426 seconds, Stopping threads took: 0.0000110 seconds
2020-08-04T13:59:43.091+0300: 1625.021: Total time for which application threads were stopped: 0.0000331 seconds, Stopping threads took: 0.0000092 seconds
2020-08-04T13:59:43.091+0300: 1625.021: Total time for which application threads were stopped: 0.0000365 seconds, Stopping threads took: 0.0000106 seconds
2020-08-04T13:59:43.092+0300: 1625.021: Total time for which application threads were stopped: 0.0000850 seconds, Stopping threads took: 0.0000341 seconds
2020-08-04T13:59:43.093+0300: 1625.022: Total time for which application threads were stopped: 0.0000594 seconds, Stopping threads took: 0.0000165 seconds
2020-08-04T13:59:43.093+0300: 1625.022: Total time for which application threads were stopped: 0.0000634 seconds, Stopping threads took: 0.0000182 seconds
2020-08-04T13:59:43.093+0300: 1625.022: Total time for which application threads were stopped: 0.0000481 seconds, Stopping threads took: 0.0000210 seconds
2020-08-04T13:59:43.093+0300: 1625.022: Total time for which application threads were stopped: 0.0000408 seconds, Stopping threads took: 0.0000132 seconds
2020-08-04T13:59:43.094+0300: 1625.024: Total time for which application threads were stopped: 0.0000638 seconds, Stopping threads took: 0.0000202 seconds
2020-08-04T13:59:43.095+0300: 1625.024: Total time for which application threads were stopped: 0.0000458 seconds, Stopping threads took: 0.0000172 seconds
2020-08-04T13:59:43.096+0300: 1625.025: Total time for which application threads were stopped: 0.0000523 seconds, Stopping threads took: 0.0000179 seconds
2020-08-04T13:59:43.117+0300: 1625.046: Total time for which application threads were stopped: 0.0000989 seconds, Stopping threads took: 0.0000240 seconds
2020-08-04T13:59:43.118+0300: 1625.047: Total time for which application threads were stopped: 0.0000841 seconds, Stopping threads took: 0.0000292 seconds
2020-08-04T13:59:43.118+0300: 1625.047: Total time for which application threads were stopped: 0.0000582 seconds, Stopping threads took: 0.0000214 seconds
2020-08-04T13:59:43.123+0300: 1625.052: Total time for which application threads were stopped: 0.0000664 seconds, Stopping threads took: 0.0000211 seconds
2020-08-04T13:59:43.123+0300: 1625.052: Total time for which application threads were stopped: 0.0000580 seconds, Stopping threads took: 0.0000160 seconds
2020-08-04T13:59:43.124+0300: 1625.053: Total time for which application threads were stopped: 0.0001020 seconds, Stopping threads took: 0.0000563 seconds
2020-08-04T13:59:43.124+0300: 1625.053: Total time for which application threads were stopped: 0.0000620 seconds, Stopping threads took: 0.0000217 seconds
2020-08-04T13:59:43.124+0300: 1625.053: Total time for which application threads were stopped: 0.0000432 seconds, Stopping threads took: 0.0000192 seconds
2020-08-04T13:59:43.124+0300: 1625.053: Total time for which application threads were stopped: 0.0000383 seconds, Stopping threads took: 0.0000154 seconds
2020-08-04T13:59:43.156+0300: 1625.086: Total time for which application threads were stopped: 0.0000907 seconds, Stopping threads took: 0.0000264 seconds
2020-08-04T13:59:43.157+0300: 1625.086: Total time for which application threads were stopped: 0.0000340 seconds, Stopping threads took: 0.0000142 seconds
2020-08-04T13:59:43.157+0300: 1625.086: Total time for which application threads were stopped: 0.0000238 seconds, Stopping threads took: 0.0000071 seconds
2020-08-04T13:59:43.157+0300: 1625.086: Total time for which application threads were stopped: 0.0000584 seconds, Stopping threads took: 0.0000436 seconds
2020-08-04T13:59:43.157+0300: 1625.086: Total time for which application threads were stopped: 0.0000195 seconds, Stopping threads took: 0.0000053 seconds
2020-08-04T13:59:43.157+0300: 1625.086: Total time for which application threads were stopped: 0.0000175 seconds, Stopping threads took: 0.0000045 seconds
2020-08-04T13:59:43.157+0300: 1625.086: Total time for which application threads were stopped: 0.0000175 seconds, Stopping threads took: 0.0000046 seconds
2020-08-04T13:59:43.161+0300: 1625.090: Total time for which application threads were stopped: 0.0000725 seconds, Stopping threads took: 0.0000210 seconds
2020-08-04T13:59:43.165+0300: 1625.094: Total time for which application threads were stopped: 0.0000829 seconds, Stopping threads took: 0.0000367 seconds
2020-08-04T13:59:43.168+0300: 1625.097: Total time for which application threads were stopped: 0.0000642 seconds, Stopping threads took: 0.0000220 seconds
2020-08-04T13:59:43.168+0300: 1625.097: Total time for which application threads were stopped: 0.0000461 seconds, Stopping threads took: 0.0000120 seconds
2020-08-04T13:59:43.170+0300: 1625.099: Total time for which application threads were stopped: 0.0000492 seconds, Stopping threads took: 0.0000153 seconds
2020-08-04T13:59:43.170+0300: 1625.099: Total time for which application threads were stopped: 0.0000277 seconds, Stopping threads took: 0.0000067 seconds
2020-08-04T13:59:43.170+0300: 1625.100: Total time for which application threads were stopped: 0.0000220 seconds, Stopping threads took: 0.0000052 seconds
2020-08-04T13:59:43.174+0300: 1625.103: Total time for which application threads were stopped: 0.0000641 seconds, Stopping threads took: 0.0000212 seconds
2020-08-04T13:59:43.181+0300: 1625.110: Total time for which application threads were stopped: 0.0000703 seconds, Stopping threads took: 0.0000197 seconds
{Heap before GC invocations=18 (full 1):
 par new generation   total 109248K, used 106578K [0x00000000e0000000, 0x00000000e8000000, 0x00000000e8000000)
  eden space 87424K,  99% used [0x00000000e0000000, 0x00000000e555e4f0, 0x00000000e5560000)
  from space 21824K,  87% used [0x00000000e5560000, 0x00000000e6816510, 0x00000000e6ab0000)
  to   space 21824K,   0% used [0x00000000e6ab0000, 0x00000000e6ab0000, 0x00000000e8000000)
 concurrent mark-sweep generation total 393216K, used 11297K [0x00000000e8000000, 0x0000000100000000, 0x0000000100000000)
 Metaspace       used 33304K, capacity 33874K, committed 33996K, reserved 1079296K
  class space    used 3850K, capacity 4024K, committed 4044K, reserved 1048576K
2020-08-04T13:59:43.216+0300: 1625.145: [GC (Allocation Failure) 2020-08-04T13:59:43.216+0300: 1625.145: [ParNew
Desired survivor size 20112992 bytes, new threshold 8 (max 8)
- age   1:    5106216 bytes,    5106216 total
- age   2:    1057952 bytes,    6164168 total
- age   3:      40592 bytes,    6204760 total
- age   4:     265240 bytes,    6470000 total
- age   5:     844840 bytes,    7314840 total
- age   6:     348200 bytes,    7663040 total
- age   7:    3238456 bytes,   10901496 total
- age   8:     849128 bytes,   11750624 total
: 106578K->14698K(109248K), 0.0057524 secs] 117876K->26328K(502464K), 0.0058280 secs] [Times: user=0.00 sys=0.00, real=0.00 secs] 
Heap after GC invocations=19 (full 1):
 par new generation   total 109248K, used 14698K [0x00000000e0000000, 0x00000000e8000000, 0x00000000e8000000)
  eden space 87424K,   0% used [0x00000000e0000000, 0x00000000e0000000, 0x00000000e5560000)
  from space 21824K,  67% used [0x00000000e6ab0000, 0x00000000e790abd8, 0x00000000e8000000)
  to   space 21824K,   0% used [0x00000000e5560000, 0x00000000e5560000, 0x00000000e6ab0000)
 concurrent mark-sweep generation total 393216K, used 11629K [0x00000000e8000000, 0x0000000100000000, 0x0000000100000000)
 Metaspace       used 33304K, capacity 33874K, committed 33996K, reserved 1079296K
  class space    used 3850K, capacity 4024K, committed 4044K, reserved 1048576K
}
2020-08-04T13:59:43.221+0300: 1625.151: Total time for which application threads were stopped: 0.0061271 seconds, Stopping threads took: 0.0000434 seconds
2020-08-04T13:59:43.222+0300: 1625.151: Total time for which application threads were stopped: 0.0000977 seconds, Stopping threads took: 0.0000457 seconds
2020-08-04T13:59:43.222+0300: 1625.151: Total time for which application threads were stopped: 0.0000510 seconds, Stopping threads took: 0.0000176 seconds
2020-08-04T13:59:43.222+0300: 1625.151: Total time for which application threads were stopped: 0.0000655 seconds, Stopping threads took: 0.0000202 seconds
2020-08-04T13:59:43.222+0300: 1625.151: Total time for which application threads were stopped: 0.0000512 seconds, Stopping threads took: 0.0000206 seconds
2020-08-04T13:59:43.222+0300: 1625.151: Total time for which application threads were stopped: 0.0000314 seconds, Stopping threads took: 0.0000096 seconds
2020-08-04T13:59:43.222+0300: 1625.151: Total time for which application threads were stopped: 0.0000265 seconds, Stopping threads took: 0.0000081 seconds
2020-08-04T13:59:43.222+0300: 1625.151: Total time for which application threads were stopped: 0.0000386 seconds, Stopping threads took: 0.0000156 seconds
2020-08-04T13:59:43.222+0300: 1625.151: Total time for which application threads were stopped: 0.0000471 seconds, Stopping threads took: 0.0000235 seconds
2020-08-04T13:59:43.222+0300: 1625.151: Total time for which application threads were stopped: 0.0000360 seconds, Stopping threads took: 0.0000150 seconds
2020-08-04T13:59:43.222+0300: 1625.151: Total time for which application threads were stopped: 0.0000468 seconds, Stopping threads took: 0.0000257 seconds
2020-08-04T13:59:43.242+0300: 1625.171: Total time for which application threads were stopped: 0.0000870 seconds, Stopping threads took: 0.0000421 seconds
2020-08-04T13:59:43.262+0300: 1625.191: Total time for which application threads were stopped: 0.0000836 seconds, Stopping threads took: 0.0000189 seconds
2020-08-04T13:59:43.269+0300: 1625.198: Total time for which application threads were stopped: 0.0001340 seconds, Stopping threads took: 0.0000338 seconds
2020-08-04T13:59:43.277+0300: 1625.206: Total time for which application threads were stopped: 0.0000764 seconds, Stopping threads took: 0.0000250 seconds
2020-08-04T13:59:43.277+0300: 1625.206: Total time for which application threads were stopped: 0.0000431 seconds, Stopping threads took: 0.0000111 seconds
2020-08-04T13:59:43.277+0300: 1625.207: Total time for which application threads were stopped: 0.0000597 seconds, Stopping threads took: 0.0000232 seconds
2020-08-04T13:59:43.278+0300: 1625.207: Total time for which application threads were stopped: 0.0000370 seconds, Stopping threads took: 0.0000093 seconds
2020-08-04T13:59:43.278+0300: 1625.207: Total time for which application threads were stopped: 0.0000379 seconds, Stopping threads took: 0.0000126 seconds
2020-08-04T13:59:43.278+0300: 1625.207: Total time for which application threads were stopped: 0.0001065 seconds, Stopping threads took: 0.0000289 seconds
2020-08-04T13:59:43.279+0300: 1625.209: Total time for which application threads were stopped: 0.0000598 seconds, Stopping threads took: 0.0000172 seconds
2020-08-04T13:59:43.280+0300: 1625.209: Total time for which application threads were stopped: 0.0000496 seconds, Stopping threads took: 0.0000148 seconds
2020-08-04T13:59:43.292+0300: 1625.222: Total time for which application threads were stopped: 0.0001858 seconds, Stopping threads took: 0.0000546 seconds
2020-08-04T13:59:43.309+0300: 1625.238: Total time for which application threads were stopped: 0.0001014 seconds, Stopping threads took: 0.0000295 seconds
2020-08-04T13:59:43.325+0300: 1625.254: Total time for which application threads were stopped: 0.0000890 seconds, Stopping threads took: 0.0000370 seconds
2020-08-04T13:59:43.327+0300: 1625.257: Total time for which application threads were stopped: 0.0000977 seconds, Stopping threads took: 0.0000353 seconds
2020-08-04T13:59:43.328+0300: 1625.257: Total time for which application threads were stopped: 0.0000801 seconds, Stopping threads took: 0.0000248 seconds
2020-08-04T13:59:43.339+0300: 1625.268: Total time for which application threads were stopped: 0.0000599 seconds, Stopping threads took: 0.0000181 seconds
2020-08-04T13:59:43.343+0300: 1625.272: Total time for which application threads were stopped: 0.0000609 seconds, Stopping threads took: 0.0000196 seconds
2020-08-04T13:59:43.349+0300: 1625.279: Total time for which application threads were stopped: 0.0000958 seconds, Stopping threads took: 0.0000311 seconds
{Heap before GC invocations=19 (full 1):
 par new generation   total 109248K, used 102122K [0x00000000e0000000, 0x00000000e8000000, 0x00000000e8000000)
  eden space 87424K, 100% used [0x00000000e0000000, 0x00000000e5560000, 0x00000000e5560000)
  from space 21824K,  67% used [0x00000000e6ab0000, 0x00000000e790abd8, 0x00000000e8000000)
  to   space 21824K,   0% used [0x00000000e5560000, 0x00000000e5560000, 0x00000000e6ab0000)
 concurrent mark-sweep generation total 393216K, used 11629K [0x00000000e8000000, 0x0000000100000000, 0x0000000100000000)
 Metaspace       used 33354K, capacity 33944K, committed 33996K, reserved 1079296K
  class space    used 3852K, capacity 4026K, committed 4044K, reserved 1048576K
2020-08-04T13:59:43.376+0300: 1625.305: [GC (Allocation Failure) 2020-08-04T13:59:43.376+0300: 1625.306: [ParNew
Desired survivor size 20112992 bytes, new threshold 8 (max 8)
- age   1:    2118264 bytes,    2118264 total
- age   2:    3971328 bytes,    6089592 total
- age   3:    1047176 bytes,    7136768 total
- age   4:      40592 bytes,    7177360 total
- age   5:     265240 bytes,    7442600 total
- age   6:     844696 bytes,    8287296 total
- age   7:     348200 bytes,    8635496 total
- age   8:    5466696 bytes,   14102192 total
: 102122K->16479K(109248K), 0.0078338 secs] 113752K->28943K(502464K), 0.0079721 secs] [Times: user=0.02 sys=0.00, real=0.01 secs] 
Heap after GC invocations=20 (full 1):
 par new generation   total 109248K, used 16479K [0x00000000e0000000, 0x00000000e8000000, 0x00000000e8000000)
  eden space 87424K,   0% used [0x00000000e0000000, 0x00000000e0000000, 0x00000000e5560000)
  from space 21824K,  75% used [0x00000000e5560000, 0x00000000e6577d98, 0x00000000e6ab0000)
  to   space 21824K,   0% used [0x00000000e6ab0000, 0x00000000e6ab0000, 0x00000000e8000000)
 concurrent mark-sweep generation total 393216K, used 12464K [0x00000000e8000000, 0x0000000100000000, 0x0000000100000000)
 Metaspace       used 33354K, capacity 33944K, committed 33996K, reserved 1079296K
  class space    used 3852K, capacity 4026K, committed 4044K, reserved 1048576K
}
2020-08-04T13:59:43.384+0300: 1625.314: Total time for which application threads were stopped: 0.0081530 seconds, Stopping threads took: 0.0000267 seconds
2020-08-04T13:59:43.385+0300: 1625.314: Total time for which application threads were stopped: 0.0001190 seconds, Stopping threads took: 0.0000689 seconds
2020-08-04T13:59:43.385+0300: 1625.314: Total time for which application threads were stopped: 0.0000907 seconds, Stopping threads took: 0.0000230 seconds
2020-08-04T13:59:43.385+0300: 1625.314: Total time for which application threads were stopped: 0.0000866 seconds, Stopping threads took: 0.0000563 seconds
2020-08-04T13:59:43.385+0300: 1625.314: Total time for which application threads were stopped: 0.0000531 seconds, Stopping threads took: 0.0000338 seconds
2020-08-04T13:59:43.385+0300: 1625.314: Total time for which application threads were stopped: 0.0000479 seconds, Stopping threads took: 0.0000232 seconds
2020-08-04T13:59:43.385+0300: 1625.314: Total time for which application threads were stopped: 0.0000372 seconds, Stopping threads took: 0.0000170 seconds
2020-08-04T13:59:43.385+0300: 1625.314: Total time for which application threads were stopped: 0.0000380 seconds, Stopping threads took: 0.0000201 seconds
2020-08-04T13:59:43.385+0300: 1625.314: Total time for which application threads were stopped: 0.0000346 seconds, Stopping threads took: 0.0000175 seconds
2020-08-04T13:59:43.385+0300: 1625.314: Total time for which application threads were stopped: 0.0000333 seconds, Stopping threads took: 0.0000165 seconds
2020-08-04T13:59:43.433+0300: 1625.362: Total time for which application threads were stopped: 0.0001274 seconds, Stopping threads took: 0.0000507 seconds
2020-08-04T13:59:43.434+0300: 1625.363: Total time for which application threads were stopped: 0.0000948 seconds, Stopping threads took: 0.0000351 seconds
2020-08-04T13:59:43.440+0300: 1625.369: Total time for which application threads were stopped: 0.0000984 seconds, Stopping threads took: 0.0000328 seconds
2020-08-04T13:59:43.440+0300: 1625.369: Total time for which application threads were stopped: 0.0000505 seconds, Stopping threads took: 0.0000149 seconds
2020-08-04T13:59:43.440+0300: 1625.369: Total time for which application threads were stopped: 0.0000338 seconds, Stopping threads took: 0.0000108 seconds
2020-08-04T13:59:43.440+0300: 1625.369: Total time for which application threads were stopped: 0.0000255 seconds, Stopping threads took: 0.0000082 seconds
2020-08-04T13:59:43.440+0300: 1625.370: Total time for which application threads were stopped: 0.0000236 seconds, Stopping threads took: 0.0000074 seconds
2020-08-04T13:59:43.440+0300: 1625.370: Total time for which application threads were stopped: 0.0000240 seconds, Stopping threads took: 0.0000074 seconds
2020-08-04T13:59:43.441+0300: 1625.370: Total time for which application threads were stopped: 0.0000220 seconds, Stopping threads took: 0.0000068 seconds
2020-08-04T13:59:43.448+0300: 1625.378: Total time for which application threads were stopped: 0.0000824 seconds, Stopping threads took: 0.0000243 seconds
2020-08-04T13:59:43.449+0300: 1625.378: Total time for which application threads were stopped: 0.0000566 seconds, Stopping threads took: 0.0000163 seconds
2020-08-04T13:59:43.451+0300: 1625.380: Total time for which application threads were stopped: 0.0000871 seconds, Stopping threads took: 0.0000280 seconds
2020-08-04T13:59:43.451+0300: 1625.381: Total time for which application threads were stopped: 0.0000633 seconds, Stopping threads took: 0.0000178 seconds
2020-08-04T13:59:43.610+0300: 1625.539: Total time for which application threads were stopped: 0.0001175 seconds, Stopping threads took: 0.0000471 seconds
2020-08-04T13:59:43.610+0300: 1625.539: Total time for which application threads were stopped: 0.0000606 seconds, Stopping threads took: 0.0000162 seconds
2020-08-04T13:59:43.626+0300: 1625.555: Total time for which application threads were stopped: 0.0001334 seconds, Stopping threads took: 0.0000439 seconds
2020-08-04T13:59:43.626+0300: 1625.555: Total time for which application threads were stopped: 0.0000810 seconds, Stopping threads took: 0.0000288 seconds
2020-08-04T13:59:43.626+0300: 1625.555: Total time for which application threads were stopped: 0.0001227 seconds, Stopping threads took: 0.0000485 seconds
2020-08-04T13:59:43.687+0300: 1625.616: Total time for which application threads were stopped: 0.0001344 seconds, Stopping threads took: 0.0000292 seconds
2020-08-04T13:59:43.692+0300: 1625.622: Total time for which application threads were stopped: 0.0001219 seconds, Stopping threads took: 0.0000452 seconds
{Heap before GC invocations=20 (full 1):
 par new generation   total 109248K, used 103903K [0x00000000e0000000, 0x00000000e8000000, 0x00000000e8000000)
  eden space 87424K, 100% used [0x00000000e0000000, 0x00000000e5560000, 0x00000000e5560000)
  from space 21824K,  75% used [0x00000000e5560000, 0x00000000e6577d98, 0x00000000e6ab0000)
  to   space 21824K,   0% used [0x00000000e6ab0000, 0x00000000e6ab0000, 0x00000000e8000000)
 concurrent mark-sweep generation total 393216K, used 12464K [0x00000000e8000000, 0x0000000100000000, 0x0000000100000000)
 Metaspace       used 33466K, capacity 34084K, committed 34252K, reserved 1079296K
  class space    used 3856K, capacity 4030K, committed 4044K, reserved 1048576K
2020-08-04T13:59:43.700+0300: 1625.630: [GC (Allocation Failure) 2020-08-04T13:59:43.700+0300: 1625.630: [ParNew
Desired survivor size 20112992 bytes, new threshold 8 (max 8)
- age   1:    1905528 bytes,    1905528 total
- age   2:    1611200 bytes,    3516728 total
- age   3:    3934112 bytes,    7450840 total
- age   4:    1047248 bytes,    8498088 total
- age   5:      40592 bytes,    8538680 total
- age   6:     265176 bytes,    8803856 total
- age   7:     844696 bytes,    9648552 total
- age   8:     348200 bytes,    9996752 total
: 103903K->11888K(109248K), 0.0087465 secs] 116367K->27522K(502464K), 0.0088260 secs] [Times: user=0.00 sys=0.00, real=0.01 secs] 
Heap after GC invocations=21 (full 1):
 par new generation   total 109248K, used 11888K [0x00000000e0000000, 0x00000000e8000000, 0x00000000e8000000)
  eden space 87424K,   0% used [0x00000000e0000000, 0x00000000e0000000, 0x00000000e5560000)
  from space 21824K,  54% used [0x00000000e6ab0000, 0x00000000e764c210, 0x00000000e8000000)
  to   space 21824K,   0% used [0x00000000e5560000, 0x00000000e5560000, 0x00000000e6ab0000)
 concurrent mark-sweep generation total 393216K, used 15634K [0x00000000e8000000, 0x0000000100000000, 0x0000000100000000)
 Metaspace       used 33466K, capacity 34084K, committed 34252K, reserved 1079296K
  class space    used 3856K, capacity 4030K, committed 4044K, reserved 1048576K
}
2020-08-04T13:59:43.709+0300: 1625.638: Total time for which application threads were stopped: 0.0089741 seconds, Stopping threads took: 0.0000272 seconds
2020-08-04T13:59:43.710+0300: 1625.639: Total time for which application threads were stopped: 0.0001096 seconds, Stopping threads took: 0.0000308 seconds
2020-08-04T13:59:43.710+0300: 1625.639: Total time for which application threads were stopped: 0.0000689 seconds, Stopping threads took: 0.0000149 seconds
2020-08-04T13:59:43.710+0300: 1625.639: Total time for which application threads were stopped: 0.0000496 seconds, Stopping threads took: 0.0000145 seconds
2020-08-04T13:59:43.710+0300: 1625.639: Total time for which application threads were stopped: 0.0000627 seconds, Stopping threads took: 0.0000310 seconds
2020-08-04T13:59:43.710+0300: 1625.639: Total time for which application threads were stopped: 0.0000302 seconds, Stopping threads took: 0.0000075 seconds
2020-08-04T13:59:43.710+0300: 1625.639: Total time for which application threads were stopped: 0.0000393 seconds, Stopping threads took: 0.0000160 seconds
2020-08-04T13:59:43.710+0300: 1625.639: Total time for which application threads were stopped: 0.0000295 seconds, Stopping threads took: 0.0000073 seconds
2020-08-04T13:59:43.710+0300: 1625.639: Total time for which application threads were stopped: 0.0000450 seconds, Stopping threads took: 0.0000122 seconds
{Heap before GC invocations=21 (full 1):
 par new generation   total 109248K, used 99312K [0x00000000e0000000, 0x00000000e8000000, 0x00000000e8000000)
  eden space 87424K, 100% used [0x00000000e0000000, 0x00000000e5560000, 0x00000000e5560000)
  from space 21824K,  54% used [0x00000000e6ab0000, 0x00000000e764c210, 0x00000000e8000000)
  to   space 21824K,   0% used [0x00000000e5560000, 0x00000000e5560000, 0x00000000e6ab0000)
 concurrent mark-sweep generation total 393216K, used 15634K [0x00000000e8000000, 0x0000000100000000, 0x0000000100000000)
 Metaspace       used 33474K, capacity 34090K, committed 34252K, reserved 1079296K
  class space    used 3857K, capacity 4032K, committed 4044K, reserved 1048576K
2020-08-04T13:59:43.769+0300: 1625.698: [GC (Allocation Failure) 2020-08-04T13:59:43.769+0300: 1625.698: [ParNew
Desired survivor size 20112992 bytes, new threshold 8 (max 8)
- age   1:    1785544 bytes,    1785544 total
- age   2:    1821544 bytes,    3607088 total
- age   3:     806064 bytes,    4413152 total
- age   4:    3330032 bytes,    7743184 total
- age   5:    1047144 bytes,    8790328 total
- age   6:      40592 bytes,    8830920 total
- age   7:     265176 bytes,    9096096 total
- age   8:     844696 bytes,    9940792 total
: 99312K->12765K(109248K), 0.0054735 secs] 114946K->28743K(502464K), 0.0055504 secs] [Times: user=0.06 sys=0.00, real=0.00 secs] 
Heap after GC invocations=22 (full 1):
 par new generation   total 109248K, used 12765K [0x00000000e0000000, 0x00000000e8000000, 0x00000000e8000000)
  eden space 87424K,   0% used [0x00000000e0000000, 0x00000000e0000000, 0x00000000e5560000)
  from space 21824K,  58% used [0x00000000e5560000, 0x00000000e61d77f0, 0x00000000e6ab0000)
  to   space 21824K,   0% used [0x00000000e6ab0000, 0x00000000e6ab0000, 0x00000000e8000000)
 concurrent mark-sweep generation total 393216K, used 15977K [0x00000000e8000000, 0x0000000100000000, 0x0000000100000000)
 Metaspace       used 33474K, capacity 34090K, committed 34252K, reserved 1079296K
  class space    used 3857K, capacity 4032K, committed 4044K, reserved 1048576K
}
2020-08-04T13:59:43.774+0300: 1625.703: Total time for which application threads were stopped: 0.0057025 seconds, Stopping threads took: 0.0000240 seconds
2020-08-04T13:59:43.774+0300: 1625.704: Total time for which application threads were stopped: 0.0000972 seconds, Stopping threads took: 0.0000394 seconds
2020-08-04T13:59:43.775+0300: 1625.704: Total time for which application threads were stopped: 0.0000563 seconds, Stopping threads took: 0.0000201 seconds
2020-08-04T13:59:43.775+0300: 1625.704: Total time for which application threads were stopped: 0.0000484 seconds, Stopping threads took: 0.0000172 seconds
2020-08-04T13:59:43.795+0300: 1625.725: Total time for which application threads were stopped: 0.0000776 seconds, Stopping threads took: 0.0000285 seconds
2020-08-04T13:59:43.801+0300: 1625.730: Total time for which application threads were stopped: 0.0000708 seconds, Stopping threads took: 0.0000194 seconds
2020-08-04T13:59:43.824+0300: 1625.753: Total time for which application threads were stopped: 0.0000893 seconds, Stopping threads took: 0.0000209 seconds
2020-08-04T13:59:43.839+0300: 1625.768: Total time for which application threads were stopped: 0.0001258 seconds, Stopping threads took: 0.0000365 seconds
2020-08-04T13:59:43.839+0300: 1625.768: Total time for which application threads were stopped: 0.0000869 seconds, Stopping threads took: 0.0000253 seconds
2020-08-04T13:59:43.840+0300: 1625.769: Total time for which application threads were stopped: 0.0001023 seconds, Stopping threads took: 0.0000268 seconds
2020-08-04T13:59:43.840+0300: 1625.769: Total time for which application threads were stopped: 0.0000469 seconds, Stopping threads took: 0.0000119 seconds
2020-08-04T13:59:43.843+0300: 1625.772: Total time for which application threads were stopped: 0.0000764 seconds, Stopping threads took: 0.0000250 seconds
2020-08-04T13:59:43.843+0300: 1625.773: Total time for which application threads were stopped: 0.0000372 seconds, Stopping threads took: 0.0000096 seconds
2020-08-04T13:59:43.844+0300: 1625.773: Total time for which application threads were stopped: 0.0000920 seconds, Stopping threads took: 0.0000276 seconds
2020-08-04T13:59:43.845+0300: 1625.774: Total time for which application threads were stopped: 0.0000829 seconds, Stopping threads took: 0.0000382 seconds
2020-08-04T13:59:43.876+0300: 1625.805: Total time for which application threads were stopped: 0.0001114 seconds, Stopping threads took: 0.0000294 seconds
2020-08-04T13:59:43.876+0300: 1625.805: Total time for which application threads were stopped: 0.0000564 seconds, Stopping threads took: 0.0000215 seconds
2020-08-04T13:59:43.876+0300: 1625.805: Total time for which application threads were stopped: 0.0000461 seconds, Stopping threads took: 0.0000254 seconds
2020-08-04T13:59:44.878+0300: 1626.807: Total time for which application threads were stopped: 0.0001427 seconds, Stopping threads took: 0.0000862 seconds
2020-08-04T13:59:54.441+0300: 1636.370: Total time for which application threads were stopped: 0.0000909 seconds, Stopping threads took: 0.0000265 seconds
2020-08-04T13:59:54.441+0300: 1636.370: Total time for which application threads were stopped: 0.0000505 seconds, Stopping threads took: 0.0000150 seconds
2020-08-04T13:59:55.451+0300: 1637.380: Total time for which application threads were stopped: 0.0001029 seconds, Stopping threads took: 0.0000419 seconds
2020-08-04T13:59:56.455+0300: 1638.383: Total time for which application threads were stopped: 0.0000994 seconds, Stopping threads took: 0.0000579 seconds
2020-08-04T13:59:57.465+0300: 1639.394: Total time for which application threads were stopped: 0.0002580 seconds, Stopping threads took: 0.0000599 seconds
2020-08-04T14:00:03.515+0300: 1645.444: Total time for which application threads were stopped: 0.0001289 seconds, Stopping threads took: 0.0000714 seconds
2020-08-04T14:01:50.150+0300: 1752.079: Total time for which application threads were stopped: 0.0000650 seconds, Stopping threads took: 0.0000196 seconds
2020-08-04T14:01:50.151+0300: 1752.080: Total time for which application threads were stopped: 0.0000590 seconds, Stopping threads took: 0.0000158 seconds
2020-08-04T14:01:50.154+0300: 1752.083: Total time for which application threads were stopped: 0.0000688 seconds, Stopping threads took: 0.0000198 seconds
2020-08-04T14:01:50.155+0300: 1752.083: Total time for which application threads were stopped: 0.0000405 seconds, Stopping threads took: 0.0000105 seconds
2020-08-04T14:07:30.193+0300: 2092.122: Total time for which application threads were stopped: 0.0001104 seconds, Stopping threads took: 0.0000513 seconds
2020-08-04T14:25:29.768+0300: 3171.698: Total time for which application threads were stopped: 0.0001266 seconds, Stopping threads took: 0.0000300 seconds
2020-08-04T14:25:40.828+0300: 3182.757: Total time for which application threads were stopped: 0.0001090 seconds, Stopping threads took: 0.0000391 seconds
2020-08-04T14:34:15.926+0300: 3697.855: Total time for which application threads were stopped: 0.0001444 seconds, Stopping threads took: 0.0000461 seconds
2020-08-04T14:34:15.926+0300: 3697.855: Total time for which application threads were stopped: 0.0001112 seconds, Stopping threads took: 0.0000303 seconds
2020-08-04T14:34:15.939+0300: 3697.868: Total time for which application threads were stopped: 0.0000821 seconds, Stopping threads took: 0.0000273 seconds
2020-08-04T14:34:15.940+0300: 3697.869: Total time for which application threads were stopped: 0.0000678 seconds, Stopping threads took: 0.0000198 seconds
2020-08-04T14:34:15.940+0300: 3697.869: Total time for which application threads were stopped: 0.0000441 seconds, Stopping threads took: 0.0000115 seconds
2020-08-04T14:34:15.940+0300: 3697.869: Total time for which application threads were stopped: 0.0000353 seconds, Stopping threads took: 0.0000098 seconds
2020-08-04T14:34:15.940+0300: 3697.869: Total time for which application threads were stopped: 0.0000308 seconds, Stopping threads took: 0.0000092 seconds
2020-08-04T14:34:15.942+0300: 3697.871: Total time for which application threads were stopped: 0.0000955 seconds, Stopping threads took: 0.0000280 seconds
2020-08-04T14:34:15.942+0300: 3697.871: Total time for which application threads were stopped: 0.0000651 seconds, Stopping threads took: 0.0000164 seconds
2020-08-04T14:34:15.942+0300: 3697.871: Total time for which application threads were stopped: 0.0000535 seconds, Stopping threads took: 0.0000121 seconds
2020-08-04T14:34:15.942+0300: 3697.871: Total time for which application threads were stopped: 0.0000528 seconds, Stopping threads took: 0.0000126 seconds
2020-08-04T14:34:15.942+0300: 3697.872: Total time for which application threads were stopped: 0.0000452 seconds, Stopping threads took: 0.0000104 seconds
2020-08-04T14:34:15.943+0300: 3697.872: Total time for which application threads were stopped: 0.0001189 seconds, Stopping threads took: 0.0000466 seconds
2020-08-04T14:34:15.954+0300: 3697.884: Total time for which application threads were stopped: 0.0001437 seconds, Stopping threads took: 0.0000626 seconds
2020-08-04T14:34:15.960+0300: 3697.889: Total time for which application threads were stopped: 0.0001135 seconds, Stopping threads took: 0.0000453 seconds
2020-08-04T14:34:15.960+0300: 3697.889: Total time for which application threads were stopped: 0.0000760 seconds, Stopping threads took: 0.0000367 seconds
2020-08-04T14:34:15.960+0300: 3697.889: Total time for which application threads were stopped: 0.0000310 seconds, Stopping threads took: 0.0000101 seconds
2020-08-04T14:34:15.994+0300: 3697.924: Total time for which application threads were stopped: 0.0000893 seconds, Stopping threads took: 0.0000226 seconds
2020-08-04T14:34:15.994+0300: 3697.924: Total time for which application threads were stopped: 0.0000251 seconds, Stopping threads took: 0.0000067 seconds
2020-08-04T14:34:15.994+0300: 3697.924: Total time for which application threads were stopped: 0.0000188 seconds, Stopping threads took: 0.0000049 seconds
2020-08-04T14:34:15.994+0300: 3697.924: Total time for which application threads were stopped: 0.0000204 seconds, Stopping threads took: 0.0000059 seconds
2020-08-04T14:34:15.995+0300: 3697.924: Total time for which application threads were stopped: 0.0000494 seconds, Stopping threads took: 0.0000105 seconds
2020-08-04T14:34:15.995+0300: 3697.924: Total time for which application threads were stopped: 0.0000743 seconds, Stopping threads took: 0.0000052 seconds
2020-08-04T14:34:15.995+0300: 3697.924: Total time for which application threads were stopped: 0.0000458 seconds, Stopping threads took: 0.0000110 seconds
2020-08-04T14:34:16.016+0300: 3697.945: Total time for which application threads were stopped: 0.0000705 seconds, Stopping threads took: 0.0000202 seconds
2020-08-04T14:34:16.019+0300: 3697.948: Total time for which application threads were stopped: 0.0000697 seconds, Stopping threads took: 0.0000236 seconds
2020-08-04T14:34:16.019+0300: 3697.949: Total time for which application threads were stopped: 0.0000826 seconds, Stopping threads took: 0.0000339 seconds
2020-08-04T14:34:16.022+0300: 3697.951: Total time for which application threads were stopped: 0.0000633 seconds, Stopping threads took: 0.0000176 seconds
2020-08-04T14:34:16.022+0300: 3697.952: Total time for which application threads were stopped: 0.0000312 seconds, Stopping threads took: 0.0000069 seconds
2020-08-04T14:34:16.022+0300: 3697.952: Total time for which application threads were stopped: 0.0000304 seconds, Stopping threads took: 0.0000135 seconds
2020-08-04T14:34:16.026+0300: 3697.956: Total time for which application threads were stopped: 0.0001156 seconds, Stopping threads took: 0.0000229 seconds
2020-08-04T14:34:16.035+0300: 3697.964: Total time for which application threads were stopped: 0.0001080 seconds, Stopping threads took: 0.0000292 seconds
{Heap before GC invocations=22 (full 1):
 par new generation   total 109248K, used 100189K [0x00000000e0000000, 0x00000000e8000000, 0x00000000e8000000)
  eden space 87424K, 100% used [0x00000000e0000000, 0x00000000e5560000, 0x00000000e5560000)
  from space 21824K,  58% used [0x00000000e5560000, 0x00000000e61d77f0, 0x00000000e6ab0000)
  to   space 21824K,   0% used [0x00000000e6ab0000, 0x00000000e6ab0000, 0x00000000e8000000)
 concurrent mark-sweep generation total 393216K, used 15977K [0x00000000e8000000, 0x0000000100000000, 0x0000000100000000)
 Metaspace       used 33631K, capacity 34246K, committed 34252K, reserved 1079296K
  class space    used 3866K, capacity 4038K, committed 4044K, reserved 1048576K
2020-08-04T14:34:16.081+0300: 3698.011: [GC (Allocation Failure) 2020-08-04T14:34:16.081+0300: 3698.011: [ParNew
Desired survivor size 20112992 bytes, new threshold 8 (max 8)
- age   1:    5189584 bytes,    5189584 total
- age   2:     874504 bytes,    6064088 total
- age   3:    1049576 bytes,    7113664 total
- age   4:     792480 bytes,    7906144 total
- age   5:    3290688 bytes,   11196832 total
- age   6:     925488 bytes,   12122320 total
- age   7:      40592 bytes,   12162912 total
- age   8:     265136 bytes,   12428048 total
: 100189K->14420K(109248K), 0.0081368 secs] 116167K->31229K(502464K), 0.0082109 secs] [Times: user=0.05 sys=0.01, real=0.01 secs] 
Heap after GC invocations=23 (full 1):
 par new generation   total 109248K, used 14420K [0x00000000e0000000, 0x00000000e8000000, 0x00000000e8000000)
  eden space 87424K,   0% used [0x00000000e0000000, 0x00000000e0000000, 0x00000000e5560000)
  from space 21824K,  66% used [0x00000000e6ab0000, 0x00000000e78c50f0, 0x00000000e8000000)
  to   space 21824K,   0% used [0x00000000e5560000, 0x00000000e5560000, 0x00000000e6ab0000)
 concurrent mark-sweep generation total 393216K, used 16809K [0x00000000e8000000, 0x0000000100000000, 0x0000000100000000)
 Metaspace       used 33631K, capacity 34246K, committed 34252K, reserved 1079296K
  class space    used 3866K, capacity 4038K, committed 4044K, reserved 1048576K
}
2020-08-04T14:34:16.090+0300: 3698.019: Total time for which application threads were stopped: 0.0083592 seconds, Stopping threads took: 0.0000201 seconds
2020-08-04T14:34:16.090+0300: 3698.019: Total time for which application threads were stopped: 0.0000691 seconds, Stopping threads took: 0.0000152 seconds
2020-08-04T14:34:16.090+0300: 3698.019: Total time for which application threads were stopped: 0.0000807 seconds, Stopping threads took: 0.0000381 seconds
2020-08-04T14:34:16.090+0300: 3698.019: Total time for which application threads were stopped: 0.0000881 seconds, Stopping threads took: 0.0000154 seconds
2020-08-04T14:34:16.091+0300: 3698.019: Total time for which application threads were stopped: 0.0000686 seconds, Stopping threads took: 0.0000367 seconds
2020-08-04T14:34:16.091+0300: 3698.019: Total time for which application threads were stopped: 0.0000567 seconds, Stopping threads took: 0.0000202 seconds
2020-08-04T14:34:16.124+0300: 3698.053: Total time for which application threads were stopped: 0.0001113 seconds, Stopping threads took: 0.0000395 seconds
2020-08-04T14:34:16.131+0300: 3698.060: Total time for which application threads were stopped: 0.0000815 seconds, Stopping threads took: 0.0000228 seconds
2020-08-04T14:34:16.140+0300: 3698.069: Total time for which application threads were stopped: 0.0000784 seconds, Stopping threads took: 0.0000233 seconds
2020-08-04T14:34:16.144+0300: 3698.072: Total time for which application threads were stopped: 0.0000684 seconds, Stopping threads took: 0.0000202 seconds
2020-08-04T14:34:16.157+0300: 3698.086: Total time for which application threads were stopped: 0.0000844 seconds, Stopping threads took: 0.0000232 seconds
2020-08-04T14:34:16.167+0300: 3698.096: Total time for which application threads were stopped: 0.0000714 seconds, Stopping threads took: 0.0000223 seconds
2020-08-04T14:34:16.173+0300: 3698.102: Total time for which application threads were stopped: 0.0000741 seconds, Stopping threads took: 0.0000229 seconds
2020-08-04T14:34:16.176+0300: 3698.105: Total time for which application threads were stopped: 0.0000746 seconds, Stopping threads took: 0.0000209 seconds
2020-08-04T14:34:16.176+0300: 3698.105: Total time for which application threads were stopped: 0.0000370 seconds, Stopping threads took: 0.0000089 seconds
2020-08-04T14:34:16.189+0300: 3698.118: Total time for which application threads were stopped: 0.0000608 seconds, Stopping threads took: 0.0000182 seconds
2020-08-04T14:34:16.193+0300: 3698.122: Total time for which application threads were stopped: 0.0000684 seconds, Stopping threads took: 0.0000210 seconds
2020-08-04T14:34:16.199+0300: 3698.128: Total time for which application threads were stopped: 0.0000710 seconds, Stopping threads took: 0.0000190 seconds
{Heap before GC invocations=23 (full 1):
 par new generation   total 109248K, used 101841K [0x00000000e0000000, 0x00000000e8000000, 0x00000000e8000000)
  eden space 87424K,  99% used [0x00000000e0000000, 0x00000000e555f550, 0x00000000e5560000)
  from space 21824K,  66% used [0x00000000e6ab0000, 0x00000000e78c50f0, 0x00000000e8000000)
  to   space 21824K,   0% used [0x00000000e5560000, 0x00000000e5560000, 0x00000000e6ab0000)
 concurrent mark-sweep generation total 393216K, used 16809K [0x00000000e8000000, 0x0000000100000000, 0x0000000100000000)
 Metaspace       used 33668K, capacity 34252K, committed 34508K, reserved 1079296K
  class space    used 3869K, capacity 4040K, committed 4044K, reserved 1048576K
2020-08-04T14:34:16.229+0300: 3698.158: [GC (Allocation Failure) 2020-08-04T14:34:16.229+0300: 3698.158: [ParNew
Desired survivor size 20112992 bytes, new threshold 8 (max 8)
- age   1:    2059328 bytes,    2059328 total
- age   2:    4217064 bytes,    6276392 total
- age   3:     862272 bytes,    7138664 total
- age   4:    1046520 bytes,    8185184 total
- age   5:     791808 bytes,    8976992 total
- age   6:    3261296 bytes,   12238288 total
- age   7:     916744 bytes,   13155032 total
- age   8:      38304 bytes,   13193336 total
: 101841K->15816K(109248K), 0.0071478 secs] 118650K->32889K(502464K), 0.0072698 secs] [Times: user=0.00 sys=0.00, real=0.01 secs] 
Heap after GC invocations=24 (full 1):
 par new generation   total 109248K, used 15816K [0x00000000e0000000, 0x00000000e8000000, 0x00000000e8000000)
  eden space 87424K,   0% used [0x00000000e0000000, 0x00000000e0000000, 0x00000000e5560000)
  from space 21824K,  72% used [0x00000000e5560000, 0x00000000e64d23c0, 0x00000000e6ab0000)
  to   space 21824K,   0% used [0x00000000e6ab0000, 0x00000000e6ab0000, 0x00000000e8000000)
 concurrent mark-sweep generation total 393216K, used 17072K [0x00000000e8000000, 0x0000000100000000, 0x0000000100000000)
 Metaspace       used 33668K, capacity 34252K, committed 34508K, reserved 1079296K
  class space    used 3869K, capacity 4040K, committed 4044K, reserved 1048576K
}
2020-08-04T14:34:16.237+0300: 3698.165: Total time for which application threads were stopped: 0.0074988 seconds, Stopping threads took: 0.0000268 seconds
2020-08-04T14:34:16.237+0300: 3698.166: Total time for which application threads were stopped: 0.0001123 seconds, Stopping threads took: 0.0000410 seconds
2020-08-04T14:34:16.237+0300: 3698.166: Total time for which application threads were stopped: 0.0001522 seconds, Stopping threads took: 0.0000492 seconds
2020-08-04T14:34:16.237+0300: 3698.166: Total time for which application threads were stopped: 0.0000850 seconds, Stopping threads took: 0.0000331 seconds
2020-08-04T14:34:16.237+0300: 3698.166: Total time for which application threads were stopped: 0.0000929 seconds, Stopping threads took: 0.0000377 seconds
2020-08-04T14:34:16.237+0300: 3698.166: Total time for which application threads were stopped: 0.0000756 seconds, Stopping threads took: 0.0000320 seconds
2020-08-04T14:34:16.238+0300: 3698.166: Total time for which application threads were stopped: 0.0000776 seconds, Stopping threads took: 0.0000256 seconds
2020-08-04T14:34:16.238+0300: 3698.166: Total time for which application threads were stopped: 0.0000543 seconds, Stopping threads took: 0.0000235 seconds
2020-08-04T14:34:16.238+0300: 3698.167: Total time for which application threads were stopped: 0.0000593 seconds, Stopping threads took: 0.0000253 seconds
2020-08-04T14:34:16.238+0300: 3698.167: Total time for which application threads were stopped: 0.0000615 seconds, Stopping threads took: 0.0000265 seconds
2020-08-04T14:34:16.285+0300: 3698.214: Total time for which application threads were stopped: 0.0001641 seconds, Stopping threads took: 0.0000317 seconds
2020-08-04T14:34:16.287+0300: 3698.216: Total time for which application threads were stopped: 0.0001044 seconds, Stopping threads took: 0.0000325 seconds
2020-08-04T14:34:16.301+0300: 3698.230: Total time for which application threads were stopped: 0.0001054 seconds, Stopping threads took: 0.0000278 seconds
2020-08-04T14:34:16.301+0300: 3698.230: Total time for which application threads were stopped: 0.0000610 seconds, Stopping threads took: 0.0000179 seconds
2020-08-04T14:34:16.301+0300: 3698.230: Total time for which application threads were stopped: 0.0000275 seconds, Stopping threads took: 0.0000081 seconds
2020-08-04T14:34:16.301+0300: 3698.230: Total time for which application threads were stopped: 0.0000248 seconds, Stopping threads took: 0.0000072 seconds
2020-08-04T14:34:16.301+0300: 3698.230: Total time for which application threads were stopped: 0.0000254 seconds, Stopping threads took: 0.0000079 seconds
2020-08-04T14:34:16.301+0300: 3698.230: Total time for which application threads were stopped: 0.0000543 seconds, Stopping threads took: 0.0000100 seconds
2020-08-04T14:34:16.302+0300: 3698.231: Total time for which application threads were stopped: 0.0000566 seconds, Stopping threads took: 0.0000194 seconds
2020-08-04T14:34:16.316+0300: 3698.244: Total time for which application threads were stopped: 0.0000787 seconds, Stopping threads took: 0.0000247 seconds
2020-08-04T14:34:16.316+0300: 3698.245: Total time for which application threads were stopped: 0.0000625 seconds, Stopping threads took: 0.0000279 seconds
2020-08-04T14:34:16.316+0300: 3698.245: Total time for which application threads were stopped: 0.0000512 seconds, Stopping threads took: 0.0000196 seconds
2020-08-04T14:34:16.316+0300: 3698.245: Total time for which application threads were stopped: 0.0000641 seconds, Stopping threads took: 0.0000187 seconds
2020-08-04T14:34:16.319+0300: 3698.248: Total time for which application threads were stopped: 0.0001229 seconds, Stopping threads took: 0.0000348 seconds
2020-08-04T14:34:16.319+0300: 3698.248: Total time for which application threads were stopped: 0.0001768 seconds, Stopping threads took: 0.0000898 seconds
2020-08-04T14:34:16.323+0300: 3698.252: Total time for which application threads were stopped: 0.0000961 seconds, Stopping threads took: 0.0000284 seconds
2020-08-04T14:34:16.508+0300: 3698.437: Total time for which application threads were stopped: 0.0000809 seconds, Stopping threads took: 0.0000227 seconds
2020-08-04T14:34:16.541+0300: 3698.470: Total time for which application threads were stopped: 0.0000907 seconds, Stopping threads took: 0.0000365 seconds
2020-08-04T14:34:16.541+0300: 3698.470: Total time for which application threads were stopped: 0.0000446 seconds, Stopping threads took: 0.0000168 seconds
2020-08-04T14:34:16.541+0300: 3698.470: Total time for which application threads were stopped: 0.0000395 seconds, Stopping threads took: 0.0000111 seconds
2020-08-04T14:34:16.601+0300: 3698.530: Total time for which application threads were stopped: 0.0001625 seconds, Stopping threads took: 0.0000359 seconds
2020-08-04T14:34:16.609+0300: 3698.537: Total time for which application threads were stopped: 0.0001116 seconds, Stopping threads took: 0.0000374 seconds
2020-08-04T14:34:16.622+0300: 3698.551: Total time for which application threads were stopped: 0.0001112 seconds, Stopping threads took: 0.0000357 seconds
2020-08-04T14:34:16.623+0300: 3698.551: Total time for which application threads were stopped: 0.0001074 seconds, Stopping threads took: 0.0000326 seconds
2020-08-04T14:34:16.623+0300: 3698.552: Total time for which application threads were stopped: 0.0001413 seconds, Stopping threads took: 0.0000410 seconds
2020-08-04T14:34:16.623+0300: 3698.552: Total time for which application threads were stopped: 0.0000927 seconds, Stopping threads took: 0.0000216 seconds
2020-08-04T14:34:16.629+0300: 3698.558: Total time for which application threads were stopped: 0.0001236 seconds, Stopping threads took: 0.0000417 seconds
2020-08-04T14:34:16.629+0300: 3698.558: Total time for which application threads were stopped: 0.0000899 seconds, Stopping threads took: 0.0000258 seconds
2020-08-04T14:34:16.630+0300: 3698.559: Total time for which application threads were stopped: 0.0001097 seconds, Stopping threads took: 0.0000283 seconds
2020-08-04T14:34:16.631+0300: 3698.560: Total time for which application threads were stopped: 0.0000910 seconds, Stopping threads took: 0.0000224 seconds
2020-08-04T14:34:16.643+0300: 3698.572: Total time for which application threads were stopped: 0.0001210 seconds, Stopping threads took: 0.0000339 seconds
2020-08-04T14:34:16.663+0300: 3698.592: Total time for which application threads were stopped: 0.0000904 seconds, Stopping threads took: 0.0000308 seconds
2020-08-04T14:34:17.674+0300: 3699.603: Total time for which application threads were stopped: 0.0001162 seconds, Stopping threads took: 0.0000287 seconds
2020-08-04T14:37:48.173+0300: 3910.101: Total time for which application threads were stopped: 0.0000903 seconds, Stopping threads took: 0.0000283 seconds
2020-08-04T14:37:48.174+0300: 3910.103: Total time for which application threads were stopped: 0.0000805 seconds, Stopping threads took: 0.0000236 seconds
{Heap before GC invocations=24 (full 1):
 par new generation   total 109248K, used 103240K [0x00000000e0000000, 0x00000000e8000000, 0x00000000e8000000)
  eden space 87424K, 100% used [0x00000000e0000000, 0x00000000e5560000, 0x00000000e5560000)
  from space 21824K,  72% used [0x00000000e5560000, 0x00000000e64d23c0, 0x00000000e6ab0000)
  to   space 21824K,   0% used [0x00000000e6ab0000, 0x00000000e6ab0000, 0x00000000e8000000)
 concurrent mark-sweep generation total 393216K, used 17072K [0x00000000e8000000, 0x0000000100000000, 0x0000000100000000)
 Metaspace       used 34387K, capacity 35114K, committed 35148K, reserved 1081344K
  class space    used 3959K, capacity 4159K, committed 4172K, reserved 1048576K
2020-08-04T14:37:48.195+0300: 3910.124: [GC (Allocation Failure) 2020-08-04T14:37:48.195+0300: 3910.124: [ParNew
Desired survivor size 20112992 bytes, new threshold 8 (max 8)
- age   1:    1839680 bytes,    1839680 total
- age   2:    1625176 bytes,    3464856 total
- age   3:    4164960 bytes,    7629816 total
- age   4:     862272 bytes,    8492088 total
- age   5:    1046520 bytes,    9538608 total
- age   6:     791808 bytes,   10330416 total
- age   7:    3261256 bytes,   13591672 total
- age   8:     916744 bytes,   14508416 total
: 103240K->18448K(109248K), 0.0079129 secs] 120313K->35559K(502464K), 0.0079650 secs] [Times: user=0.02 sys=0.00, real=0.01 secs] 
Heap after GC invocations=25 (full 1):
 par new generation   total 109248K, used 18448K [0x00000000e0000000, 0x00000000e8000000, 0x00000000e8000000)
  eden space 87424K,   0% used [0x00000000e0000000, 0x00000000e0000000, 0x00000000e5560000)
  from space 21824K,  84% used [0x00000000e6ab0000, 0x00000000e7cb4380, 0x00000000e8000000)
  to   space 21824K,   0% used [0x00000000e5560000, 0x00000000e5560000, 0x00000000e6ab0000)
 concurrent mark-sweep generation total 393216K, used 17110K [0x00000000e8000000, 0x0000000100000000, 0x0000000100000000)
 Metaspace       used 34387K, capacity 35114K, committed 35148K, reserved 1081344K
  class space    used 3959K, capacity 4159K, committed 4172K, reserved 1048576K
}
2020-08-04T14:37:48.203+0300: 3910.132: Total time for which application threads were stopped: 0.0081400 seconds, Stopping threads took: 0.0000363 seconds
2020-08-04T14:37:48.204+0300: 3910.133: Total time for which application threads were stopped: 0.0000778 seconds, Stopping threads took: 0.0000291 seconds
2020-08-04T14:37:48.204+0300: 3910.133: Total time for which application threads were stopped: 0.0000440 seconds, Stopping threads took: 0.0000192 seconds
2020-08-04T14:37:48.204+0300: 3910.133: Total time for which application threads were stopped: 0.0000429 seconds, Stopping threads took: 0.0000121 seconds
2020-08-04T14:37:48.204+0300: 3910.133: Total time for which application threads were stopped: 0.0000254 seconds, Stopping threads took: 0.0000062 seconds
2020-08-04T14:37:48.204+0300: 3910.133: Total time for which application threads were stopped: 0.0000256 seconds, Stopping threads took: 0.0000072 seconds
2020-08-04T14:37:48.204+0300: 3910.133: Total time for which application threads were stopped: 0.0000370 seconds, Stopping threads took: 0.0000124 seconds
2020-08-04T14:37:48.204+0300: 3910.133: Total time for which application threads were stopped: 0.0000505 seconds, Stopping threads took: 0.0000209 seconds
2020-08-04T14:37:48.204+0300: 3910.133: Total time for which application threads were stopped: 0.0000502 seconds, Stopping threads took: 0.0000149 seconds
2020-08-04T14:37:48.210+0300: 3910.139: Total time for which application threads were stopped: 0.0005874 seconds, Stopping threads took: 0.0000299 seconds
2020-08-04T14:37:48.212+0300: 3910.141: Total time for which application threads were stopped: 0.0001587 seconds, Stopping threads took: 0.0000265 seconds
2020-08-04T14:37:49.213+0300: 3911.142: Total time for which application threads were stopped: 0.0001081 seconds, Stopping threads took: 0.0000376 seconds
2020-08-04T14:38:30.529+0300: 3952.457: Total time for which application threads were stopped: 0.0000758 seconds, Stopping threads took: 0.0000225 seconds
2020-08-04T14:38:30.530+0300: 3952.459: Total time for which application threads were stopped: 0.0000696 seconds, Stopping threads took: 0.0000177 seconds
2020-08-04T14:38:30.530+0300: 3952.459: Total time for which application threads were stopped: 0.0000359 seconds, Stopping threads took: 0.0000097 seconds
2020-08-04T14:38:30.530+0300: 3952.459: Total time for which application threads were stopped: 0.0000346 seconds, Stopping threads took: 0.0000086 seconds
2020-08-04T14:38:30.531+0300: 3952.460: Total time for which application threads were stopped: 0.0000452 seconds, Stopping threads took: 0.0000119 seconds
2020-08-04T14:39:28.323+0300: 4010.251: Total time for which application threads were stopped: 0.0000823 seconds, Stopping threads took: 0.0000221 seconds
2020-08-04T14:39:29.324+0300: 4011.253: Total time for which application threads were stopped: 0.0001189 seconds, Stopping threads took: 0.0000337 seconds
2020-08-04T14:39:38.799+0300: 4020.728: Total time for which application threads were stopped: 0.0000709 seconds, Stopping threads took: 0.0000235 seconds
2020-08-04T14:39:39.814+0300: 4021.743: Total time for which application threads were stopped: 0.0000771 seconds, Stopping threads took: 0.0000308 seconds
2020-08-04T14:42:14.295+0300: 4176.224: Total time for which application threads were stopped: 0.0000740 seconds, Stopping threads took: 0.0000253 seconds
2020-08-04T14:50:24.546+0300: 4666.474: Total time for which application threads were stopped: 0.0001191 seconds, Stopping threads took: 0.0000567 seconds
2020-08-04T14:50:40.672+0300: 4682.601: Total time for which application threads were stopped: 0.0000733 seconds, Stopping threads took: 0.0000247 seconds
2020-08-04T14:50:51.257+0300: 4693.186: Total time for which application threads were stopped: 0.0000837 seconds, Stopping threads took: 0.0000215 seconds
2020-08-04T14:50:52.268+0300: 4694.197: Total time for which application threads were stopped: 0.0000759 seconds, Stopping threads took: 0.0000232 seconds
2020-08-04T14:50:53.625+0300: 4695.555: Total time for which application threads were stopped: 0.0001033 seconds, Stopping threads took: 0.0000353 seconds
2020-08-04T14:50:54.629+0300: 4696.557: Total time for which application threads were stopped: 0.0001313 seconds, Stopping threads took: 0.0000428 seconds
2020-08-04T14:51:10.814+0300: 4712.743: Total time for which application threads were stopped: 0.0000925 seconds, Stopping threads took: 0.0000318 seconds
2020-08-04T14:52:46.671+0300: 4808.600: Total time for which application threads were stopped: 0.0000960 seconds, Stopping threads took: 0.0000289 seconds
2020-08-04T14:54:57.075+0300: 4939.003: Total time for which application threads were stopped: 0.0001294 seconds, Stopping threads took: 0.0000708 seconds
2020-08-04T14:54:57.077+0300: 4939.006: Total time for which application threads were stopped: 0.0001533 seconds, Stopping threads took: 0.0000224 seconds
2020-08-04T15:01:11.386+0300: 5313.315: Total time for which application threads were stopped: 0.0000771 seconds, Stopping threads took: 0.0000269 seconds
2020-08-04T15:04:59.237+0300: 5541.165: Total time for which application threads were stopped: 0.0000846 seconds, Stopping threads took: 0.0000227 seconds
2020-08-04T15:04:59.895+0300: 5541.824: Total time for which application threads were stopped: 0.0012792 seconds, Stopping threads took: 0.0000203 seconds
2020-08-04T15:04:59.900+0300: 5541.829: Total time for which application threads were stopped: 0.0000721 seconds, Stopping threads took: 0.0000176 seconds
2020-08-04T15:04:59.900+0300: 5541.829: Total time for which application threads were stopped: 0.0000744 seconds, Stopping threads took: 0.0000243 seconds
2020-08-04T15:04:59.900+0300: 5541.829: Total time for which application threads were stopped: 0.0000441 seconds, Stopping threads took: 0.0000102 seconds
2020-08-04T15:04:59.900+0300: 5541.829: Total time for which application threads were stopped: 0.0000368 seconds, Stopping threads took: 0.0000087 seconds
2020-08-04T15:04:59.900+0300: 5541.829: Total time for which application threads were stopped: 0.0000362 seconds, Stopping threads took: 0.0000081 seconds
2020-08-04T15:04:59.900+0300: 5541.829: Total time for which application threads were stopped: 0.0000377 seconds, Stopping threads took: 0.0000088 seconds
2020-08-04T15:04:59.900+0300: 5541.829: Total time for which application threads were stopped: 0.0000370 seconds, Stopping threads took: 0.0000082 seconds
2020-08-04T15:04:59.900+0300: 5541.829: Total time for which application threads were stopped: 0.0000375 seconds, Stopping threads took: 0.0000090 seconds
2020-08-04T15:04:59.901+0300: 5541.830: Total time for which application threads were stopped: 0.0000364 seconds, Stopping threads took: 0.0000086 seconds
2020-08-04T15:04:59.901+0300: 5541.830: Total time for which application threads were stopped: 0.0000357 seconds, Stopping threads took: 0.0000093 seconds
2020-08-04T15:04:59.901+0300: 5541.830: Total time for which application threads were stopped: 0.0000244 seconds, Stopping threads took: 0.0000058 seconds
2020-08-04T15:04:59.901+0300: 5541.830: Total time for which application threads were stopped: 0.0000234 seconds, Stopping threads took: 0.0000058 seconds
2020-08-04T15:04:59.901+0300: 5541.830: Total time for which application threads were stopped: 0.0000231 seconds, Stopping threads took: 0.0000056 seconds
2020-08-04T15:04:59.901+0300: 5541.830: Total time for which application threads were stopped: 0.0000226 seconds, Stopping threads took: 0.0000057 seconds
2020-08-04T15:04:59.901+0300: 5541.830: Total time for which application threads were stopped: 0.0000303 seconds, Stopping threads took: 0.0000075 seconds
2020-08-04T15:04:59.901+0300: 5541.830: Total time for which application threads were stopped: 0.0000240 seconds, Stopping threads took: 0.0000059 seconds
2020-08-04T15:04:59.901+0300: 5541.830: Total time for which application threads were stopped: 0.0000230 seconds, Stopping threads took: 0.0000058 seconds
2020-08-04T15:04:59.901+0300: 5541.830: Total time for which application threads were stopped: 0.0000226 seconds, Stopping threads took: 0.0000056 seconds
2020-08-04T15:04:59.901+0300: 5541.830: Total time for which application threads were stopped: 0.0000227 seconds, Stopping threads took: 0.0000057 seconds
2020-08-04T15:04:59.901+0300: 5541.830: Total time for which application threads were stopped: 0.0000223 seconds, Stopping threads took: 0.0000055 seconds
2020-08-04T15:04:59.901+0300: 5541.830: Total time for which application threads were stopped: 0.0000922 seconds, Stopping threads took: 0.0000056 seconds
2020-08-04T15:04:59.901+0300: 5541.830: Total time for which application threads were stopped: 0.0000387 seconds, Stopping threads took: 0.0000173 seconds
2020-08-04T15:04:59.902+0300: 5541.831: Total time for which application threads were stopped: 0.0000600 seconds, Stopping threads took: 0.0000336 seconds
2020-08-04T15:04:59.902+0300: 5541.831: Total time for which application threads were stopped: 0.0000355 seconds, Stopping threads took: 0.0000158 seconds
2020-08-04T15:04:59.902+0300: 5541.831: Total time for which application threads were stopped: 0.0000606 seconds, Stopping threads took: 0.0000152 seconds
2020-08-04T15:04:59.903+0300: 5541.832: Total time for which application threads were stopped: 0.0000852 seconds, Stopping threads took: 0.0000361 seconds
2020-08-04T15:04:59.903+0300: 5541.832: Total time for which application threads were stopped: 0.0000686 seconds, Stopping threads took: 0.0000305 seconds
2020-08-04T15:04:59.904+0300: 5541.832: Total time for which application threads were stopped: 0.0000464 seconds, Stopping threads took: 0.0000114 seconds
2020-08-04T15:04:59.904+0300: 5541.833: Total time for which application threads were stopped: 0.0000252 seconds, Stopping threads took: 0.0000059 seconds
2020-08-04T15:04:59.904+0300: 5541.833: Total time for which application threads were stopped: 0.0000240 seconds, Stopping threads took: 0.0000063 seconds
2020-08-04T15:04:59.904+0300: 5541.833: Total time for which application threads were stopped: 0.0000236 seconds, Stopping threads took: 0.0000063 seconds
2020-08-04T15:04:59.904+0300: 5541.833: Total time for which application threads were stopped: 0.0000322 seconds, Stopping threads took: 0.0000096 seconds
2020-08-04T15:04:59.904+0300: 5541.833: Total time for which application threads were stopped: 0.0000385 seconds, Stopping threads took: 0.0000177 seconds
2020-08-04T15:04:59.905+0300: 5541.834: Total time for which application threads were stopped: 0.0000668 seconds, Stopping threads took: 0.0000273 seconds
2020-08-04T15:04:59.906+0300: 5541.835: Total time for which application threads were stopped: 0.0001136 seconds, Stopping threads took: 0.0000306 seconds
2020-08-04T15:04:59.907+0300: 5541.836: Total time for which application threads were stopped: 0.0000644 seconds, Stopping threads took: 0.0000159 seconds
2020-08-04T15:04:59.907+0300: 5541.836: Total time for which application threads were stopped: 0.0000712 seconds, Stopping threads took: 0.0000239 seconds
2020-08-04T15:04:59.907+0300: 5541.836: Total time for which application threads were stopped: 0.0000578 seconds, Stopping threads took: 0.0000226 seconds
2020-08-04T15:04:59.907+0300: 5541.836: Total time for which application threads were stopped: 0.0000462 seconds, Stopping threads took: 0.0000132 seconds
2020-08-04T15:04:59.907+0300: 5541.836: Total time for which application threads were stopped: 0.0000424 seconds, Stopping threads took: 0.0000134 seconds
2020-08-04T15:04:59.908+0300: 5541.836: Total time for which application threads were stopped: 0.0000627 seconds, Stopping threads took: 0.0000179 seconds
2020-08-04T15:04:59.908+0300: 5541.837: Total time for which application threads were stopped: 0.0000426 seconds, Stopping threads took: 0.0000130 seconds
2020-08-04T15:04:59.908+0300: 5541.837: Total time for which application threads were stopped: 0.0000436 seconds, Stopping threads took: 0.0000128 seconds
2020-08-04T15:04:59.908+0300: 5541.837: Total time for which application threads were stopped: 0.0000733 seconds, Stopping threads took: 0.0000347 seconds
2020-08-04T15:04:59.909+0300: 5541.838: Total time for which application threads were stopped: 0.0000741 seconds, Stopping threads took: 0.0000322 seconds
2020-08-04T15:04:59.909+0300: 5541.838: Total time for which application threads were stopped: 0.0000813 seconds, Stopping threads took: 0.0000319 seconds
2020-08-04T15:04:59.910+0300: 5541.838: Total time for which application threads were stopped: 0.0000524 seconds, Stopping threads took: 0.0000217 seconds
2020-08-04T15:04:59.910+0300: 5541.839: Total time for which application threads were stopped: 0.0000517 seconds, Stopping threads took: 0.0000222 seconds
2020-08-04T15:04:59.910+0300: 5541.839: Total time for which application threads were stopped: 0.0000348 seconds, Stopping threads took: 0.0000144 seconds
2020-08-04T15:04:59.914+0300: 5541.843: Total time for which application threads were stopped: 0.0000898 seconds, Stopping threads took: 0.0000452 seconds
2020-08-04T15:04:59.914+0300: 5541.843: Total time for which application threads were stopped: 0.0000516 seconds, Stopping threads took: 0.0000269 seconds
2020-08-04T15:04:59.914+0300: 5541.843: Total time for which application threads were stopped: 0.0000986 seconds, Stopping threads took: 0.0000675 seconds
2020-08-04T15:04:59.915+0300: 5541.843: Total time for which application threads were stopped: 0.0000528 seconds, Stopping threads took: 0.0000280 seconds
Heap
 par new generation   total 109248K, used 24978K [0x00000000e0000000, 0x00000000e8000000, 0x00000000e8000000)
  eden space 87424K,   7% used [0x00000000e0000000, 0x00000000e0660690, 0x00000000e5560000)
  from space 21824K,  84% used [0x00000000e6ab0000, 0x00000000e7cb4380, 0x00000000e8000000)
  to   space 21824K,   0% used [0x00000000e5560000, 0x00000000e5560000, 0x00000000e6ab0000)
 concurrent mark-sweep generation total 393216K, used 17110K [0x00000000e8000000, 0x0000000100000000, 0x0000000100000000)
 Metaspace       used 34675K, capacity 35498K, committed 35788K, reserved 1081344K
  class space    used 3984K, capacity 4223K, committed 4300K, reserved 1048576K
